******************************************************************************
                  TI ARM Linker PC v18.12.4                    
******************************************************************************
>> Linked Mon Nov 28 22:49:31 2022

OUTPUT FILE NAME:   <ICT2104_TeamA4_CCS.out>
ENTRY POINT SYMBOL: "_c_int00_noargs"  address: 00009f21


MEMORY CONFIGURATION

         name            origin    length      used     unused   attr    fill
----------------------  --------  ---------  --------  --------  ----  --------
  MAIN                  00000000   00040000  0000a5bc  00035a44  R  X
  INFO                  00200000   00004000  00000000  00004000  R  X
  SRAM_CODE             01000000   00010000  00000000  00010000  RW X
  SRAM_DATA             20000000   00010000  00002a46  0000d5ba  RW  


SEGMENT ALLOCATION MAP

run origin  load origin   length   init length attrs members
----------  ----------- ---------- ----------- ----- -------
00000000    00000000    0000a5c0   0000a5c0    r-x
  00000000    00000000    00000140   00000140    r-- .intvecs
  00000140    00000140    0000a0e4   0000a0e4    r-x .text
  0000a228    0000a228    00000250   00000250    r-- .const
  0000a478    0000a478    00000148   00000148    r-- .cinit
20000000    20000000    0000284a   00000000    rw-
  20000000    20000000    000000e4   00000000    rw- .vtable
  200000e8    200000e8    00002000   00000000    rw- .sysmem
  200020e8    200020e8    000004d8   00000000    rw- .data
  200025c0    200025c0    0000028a   00000000    rw- .bss
2000fe00    2000fe00    00000200   00000000    rw-
  2000fe00    2000fe00    00000200   00000000    rw- .stack


SECTION ALLOCATION MAP

 output                                  attributes/
section   page    origin      length       input sections
--------  ----  ----------  ----------   ----------------
.intvecs   0    00000000    00000140     
                  00000000    00000140     startup_msp432p401r_ccs.obj (.intvecs:retain)

.text      0    00000140    0000a0e4     
                  00000140    00000e00     main.obj (.text)
                  00000f40    00000d7c     cs.obj (.text)
                  00001cbc    00000a4e     rtsv7M4_T_le_v4SPD16_eabi.lib : _printfi.c.obj (.text:__TI_printfi)
                  0000270a    00000002                                   : _lock.c.obj (.text:_nop)
                  0000270c    000009c0                                   : e_pow.c.obj (.text:pow)
                  000030cc    00000838     pcm.obj (.text)
                  00003904    00000798     timer_a.obj (.text)
                  0000409c    00000768     barcode.obj (.text)
                  00004804    00000508     rtc_c.obj (.text)
                  00004d0c    00000480     gpio.obj (.text)
                  0000518c    0000041c     uart.obj (.text)
                  000055a8    000003f0     interrupt.obj (.text)
                  00005998    000003e0     graph.obj (.text)
                  00005d78    00000328     system_msp432p401r.obj (.text)
                  000060a0    000002fc     motor.obj (.text)
                  0000639c    00000278     comm.obj (.text)
                  00006614    00000278     linkedlist.obj (.text)
                  0000688c    00000270     rtsv7M4_T_le_v4SPD16_eabi.lib : _printfi.c.obj (.text:_pconv_a)
                  00006afc    0000026c     encoder.obj (.text)
                  00006d68    00000244     ultrasonic.obj (.text)
                  00006fac    00000244     sysctl.obj (.text)
                  000071f0    000001d0     rtsv7M4_T_le_v4SPD16_eabi.lib : _printfi.c.obj (.text:_pconv_g)
                  000073c0    000001be     stack.obj (.text)
                  0000757e    000001b6     rtsv7M4_T_le_v4SPD16_eabi.lib : fd_add_t2.asm.obj (.text)
                  00007734    0000019c     float_queue.obj (.text)
                  000078d0    00000194     timer32.obj (.text)
                  00007a64    0000017c     queue.obj (.text)
                  00007be0    0000015c     helper.obj (.text)
                  00007d3c    00000158     rtsv7M4_T_le_v4SPD16_eabi.lib : e_sqrt.c.obj (.text:sqrt)
                  00007e94    0000013c                                   : _printfi.c.obj (.text:_pconv_e)
                  00007fd0    00000136                                   : fd_div_t2.asm.obj (.text)
                  00008106    00000002                                   : div0.asm.obj (.text)
                  00008108    0000012a     vertex.obj (.text)
                  00008232    00000002     --HOLE-- [fill = 0]
                  00008234    00000124     rtsv7M4_T_le_v4SPD16_eabi.lib : _printfi.c.obj (.text:fcvt)
                  00008358    00000118                                   : memory.c.obj (.text:aligned_alloc)
                  00008470    00000114                                   : fputs.c.obj (.text:fputs)
                  00008584    00000110                                   : s_scalbn.c.obj (.text:scalbn)
                  00008694    000000fc                                   : fd_mul_t2.asm.obj (.text)
                  00008790    000000f8     wheels.obj (.text)
                  00008888    000000f4     barcode_linkedlist.obj (.text)
                  0000897c    000000e8     init.obj (.text)
                  00008a64    000000e4     rtsv7M4_T_le_v4SPD16_eabi.lib : memory.c.obj (.text:free)
                  00008b48    000000de     hump_linkedlist.obj (.text)
                  00008c26    00000002     --HOLE-- [fill = 0]
                  00008c28    000000dc     rtsv7M4_T_le_v4SPD16_eabi.lib : setvbuf.c.obj (.text:setvbuf)
                  00008d04    000000d8     wdt_a.obj (.text)
                  00008ddc    000000b1     rtsv7M4_T_le_v4SPD16_eabi.lib : _printfi.c.obj (.text:_ltostr)
                  00008e8d    00000001     --HOLE-- [fill = 0]
                  00008e8e    0000009c                                   : memcpy_t2.asm.obj (.text)
                  00008f2a    00000096                                   : ull_div_t2.asm.obj (.text)
                  00008fc0    0000008c                                   : fputc.c.obj (.text:fputc)
                  0000904c    00000088     time_utility.obj (.text)
                  000090d4    00000086     rtsv7M4_T_le_v4SPD16_eabi.lib : fd_cmp_t2.asm.obj (.text:__aeabi_cdcmple)
                  0000915a    00000086                                   : fd_cmp_t2.asm.obj (.text:__aeabi_cdrcmple)
                  000091e0    0000007a                                   : memset_t2.asm.obj (.text)
                  0000925a    00000002     --HOLE-- [fill = 0]
                  0000925c    00000074                                   : fclose.c.obj (.text:__TI_closefile)
                  000092d0    00000074     systick.obj (.text)
                  00009344    00000070     rtsv7M4_T_le_v4SPD16_eabi.lib : memory.c.obj (.text:split)
                  000093b4    0000006e                                   : _printfi.c.obj (.text:_mcpy)
                  00009422    0000006e                                   : fd_tos_t2.asm.obj (.text)
                  00009490    0000006c                                   : hostrename.c.obj (.text:HOSTrename)
                  000094fc    00000068                                   : hostlseek.c.obj (.text:HOSTlseek)
                  00009564    00000068                                   : copy_decompress_lzss.c.obj (.text:decompress:lzss:__TI_decompress_lzss)
                  000095cc    00000068                                   : printf.c.obj (.text:printf)
                  00009634    00000064                                   : s_frexp.c.obj (.text:frexp)
                  00009698    00000064                                   : fseek.c.obj (.text:fseek)
                  000096fc    00000064     sma_filter.obj (.text)
                  00009760    00000062     rtsv7M4_T_le_v4SPD16_eabi.lib : _io_perm.c.obj (.text:__TI_wrt_ok)
                  000097c2    00000002     --HOLE-- [fill = 0]
                  000097c4    00000060                                   : hostopen.c.obj (.text:HOSTopen)
                  00009824    0000005c                                   : close.c.obj (.text:close)
                  00009880    00000058                                   : hostread.c.obj (.text:HOSTread)
                  000098d8    00000058                                   : hostwrite.c.obj (.text:HOSTwrite)
                  00009930    00000058     node.obj (.text)
                  00009988    00000056     rtsv7M4_T_le_v4SPD16_eabi.lib : _printfi.c.obj (.text:_pconv_f)
                  000099de    00000054                                   : ltoa.c.obj (.text:ltoa)
                  00009a32    00000052                                   : _printfi.c.obj (.text:_ecpy)
                  00009a84    0000004e     barcode_node.obj (.text)
                  00009ad2    0000004c     rtsv7M4_T_le_v4SPD16_eabi.lib : fflush.c.obj (.text:__TI_doflush)
                  00009b1e    00000002     --HOLE-- [fill = 0]
                  00009b20    0000004c                                   : atoi.c.obj (.text:atoi)
                  00009b6c    0000004c                                   : snprintf.c.obj (.text:snprintf)
                  00009bb8    00000048                                   : exit.c.obj (.text:exit)
                  00009c00    00000048                                   : fd_toi_t2.asm.obj (.text)
                  00009c48    00000044                                   : hostclose.c.obj (.text:HOSTclose)
                  00009c8c    00000044                                   : hostunlink.c.obj (.text:HOSTunlink)
                  00009cd0    00000044                                   : autoinit.c.obj (.text:__TI_auto_init_nobinit_nopinit:__TI_auto_init_nobinit_nopinit)
                  00009d14    00000044                                   : getdevice.c.obj (.text:getdevice)
                  00009d58    0000003e                                   : _printfi.c.obj (.text:_fcpy)
                  00009d96    0000003e     cpu.obj (.text)
                  00009dd4    0000003c     hump_node.obj (.text)
                  00009e10    00000038     rtsv7M4_T_le_v4SPD16_eabi.lib : trgmsg.c.obj (.text:__TI_writemsg)
                  00009e48    00000038                                   : fs_tod_t2.asm.obj (.text)
                  00009e80    00000036                                   : strncpy.c.obj (.text:strncpy)
                  00009eb6    00000002     --HOLE-- [fill = 0]
                  00009eb8    00000034                                   : fopen.c.obj (.text:__TI_cleanup)
                  00009eec    00000034                                   : trgmsg.c.obj (.text:__TI_readmsg)
                  00009f20    00000034                                   : boot_cortex_m.c.obj (.text:_c_int00_noargs:_c_int00_noargs)
                  00009f54    00000030                                   : snprintf.c.obj (.text:_outs)
                  00009f84    00000030                                   : getdevice.c.obj (.text:finddevice)
                  00009fb4    0000002e                                   : i_tofd_t2.asm.obj (.text)
                  00009fe2    0000002e                                   : strncat.c.obj (.text:strncat)
                  0000a010    0000002c                                   : unlink.c.obj (.text:unlink)
                  0000a03c    00000028                                   : memory.c.obj (.text:free_list_insert)
                  0000a064    00000028                                   : lseek.c.obj (.text:lseek)
                  0000a08c    00000028                                   : write.c.obj (.text:write)
                  0000a0b4    00000020                                   : memchr.c.obj (.text:memchr)
                  0000a0d4    0000001e                                   : strcat.c.obj (.text:strcat)
                  0000a0f2    0000001c                                   : copy_zero_init.c.obj (.text:decompress:ZI:__TI_zero_init_nomemset:__TI_zero_init_nomemset)
                  0000a10e    00000002     --HOLE-- [fill = 0]
                  0000a110    0000001c                                   : memory.c.obj (.text:free_list_remove)
                  0000a12c    0000001c                                   : memccpy.c.obj (.text:memccpy)
                  0000a148    0000001a                                   : s_copysign.c.obj (.text:copysign)
                  0000a162    00000018                                   : snprintf.c.obj (.text:_outc)
                  0000a17a    00000018                                   : strcmp.c.obj (.text:strcmp)
                  0000a192    00000016                                   : strchr.c.obj (.text:strchr)
                  0000a1a8    00000014                                   : strcpy.c.obj (.text:strcpy)
                  0000a1bc    00000014                                   : strlen.c.obj (.text:strlen)
                  0000a1d0    00000012     startup_msp432p401r_ccs.obj (.text)
                  0000a1e2    00000012     rtsv7M4_T_le_v4SPD16_eabi.lib : wcslen.c.obj (.text:wcslen)
                  0000a1f4    0000000e                                   : copy_decompress_none.c.obj (.text:decompress:none:__TI_decompress_none)
                  0000a202    00000002     --HOLE-- [fill = 0]
                  0000a204    00000008                                   : errno.c.obj (.text:__aeabi_errno_addr)
                  0000a20c    00000008                                   : memory.c.obj (.text:malloc)
                  0000a214    00000004                                   : printf.c.obj (.text:_outc)
                  0000a218    00000004                                   : printf.c.obj (.text:_outs)
                  0000a21c    00000004                                   : pre_init.c.obj (.text:_system_pre_init)
                  0000a220    00000004                                   : exit.c.obj (.text:abort:abort)

.const     0    0000a228    00000250     
                  0000a228    00000101     rtsv7M4_T_le_v4SPD16_eabi.lib : ctype.c.obj (.const:.string:_ctypes_)
                  0000a329    00000003     --HOLE-- [fill = 0]
                  0000a32c    00000050     interrupt.obj (.const:g_pulRegs)
                  0000a37c    00000004     --HOLE-- [fill = 0]
                  0000a380    00000030     rtsv7M4_T_le_v4SPD16_eabi.lib : e_pow.c.obj (.const:$O1$$)
                  0000a3b0    00000024     comm.obj (.const:uartConfig)
                  0000a3d4    00000020     interrupt.obj (.const:g_pulPriority)
                  0000a3f4    0000001c     gpio.obj (.const:GPIO_PORT_TO_INT)
                  0000a410    00000018     init.obj (.const:$P$T0$1)
                  0000a428    00000018     barcode.obj (.const:$P$T0$1)
                  0000a440    00000018     encoder.obj (.const:$P$T0$1)
                  0000a458    00000008     interrupt.obj (.const:g_pulDisRegs)
                  0000a460    00000008     interrupt.obj (.const:g_pulEnRegs)
                  0000a468    00000008     interrupt.obj (.const:g_pulPendRegs)
                  0000a470    00000008     interrupt.obj (.const:g_pulUnpendRegs)

.cinit     0    0000a478    00000148     
                  0000a478    0000010d     (.cinit..data.load) [load image, compression = lzss]
                  0000a585    00000003     --HOLE-- [fill = 0]
                  0000a588    0000000c     (__TI_handler_table)
                  0000a594    00000004     --HOLE-- [fill = 0]
                  0000a598    00000008     (.cinit..bss.load) [load image, compression = zero_init]
                  0000a5a0    00000008     (.cinit..vtable.load) [load image, compression = zero_init]
                  0000a5a8    00000018     (__TI_cinit_table)

.init_array 
*          0    00000000    00000000     UNINITIALIZED

.vtable    0    20000000    000000e4     UNINITIALIZED
                  20000000    000000e4     interrupt.obj (.vtable)

.sysmem    0    200000e8    00002000     UNINITIALIZED
                  200000e8    00000010     rtsv7M4_T_le_v4SPD16_eabi.lib : memory.c.obj (.sysmem)
                  200000f8    00001ff0     --HOLE--

.data      0    200020e8    000004d8     UNINITIALIZED
                  200020e8    000000f0     rtsv7M4_T_le_v4SPD16_eabi.lib : defs.c.obj (.data:_ftable)
                  200021d8    0000007c     barcode.obj (.data:combined)
                  20002254    00000078     rtsv7M4_T_le_v4SPD16_eabi.lib : host_device.c.obj (.data:_device)
                  200022cc    00000064     main.obj (.data:buffer)
                  20002330    00000050     rtsv7M4_T_le_v4SPD16_eabi.lib : host_device.c.obj (.data:_stream)
                  20002380    00000040     barcode.obj (.data:bars)
                  200023c0    0000003c     barcode.obj (.data:spaces)
                  200023fc    00000030     gpio.obj (.data:GPIO_PORT_TO_BASE)
                  2000242c    0000002c     barcode.obj (.data)
                  20002458    00000020     encoder.obj (.data:left_enc_obj)
                  20002478    00000020     encoder.obj (.data:right_enc_obj)
                  20002498    0000001c     ultrasonic.obj (.data:sensor1Config)
                  200024b4    0000001c     ultrasonic.obj (.data:sensor2Config)
                  200024d0    0000001c     ultrasonic.obj (.data:sensor3Config)
                  200024ec    0000001c     ultrasonic.obj (.data:sensor4Config)
                  20002508    00000018     motor.obj (.data:left_wheel_PWM_config)
                  20002520    00000018     motor.obj (.data:right_wheel_PWM_config)
                  20002538    00000018     motor.obj (.data:up_config)
                  20002550    00000010     encoder.obj (.data)
                  20002560    00000010     rtsv7M4_T_le_v4SPD16_eabi.lib : defs.c.obj (.data)
                  20002570    0000000c                                   : exit.c.obj (.data:$O1$$)
                  2000257c    0000000c     motor.obj (.data:car)
                  20002588    00000009     main.obj (.data)
                  20002591    00000001     time_utility.obj (.data)
                  20002592    00000002     --HOLE--
                  20002594    00000008     rtsv7M4_T_le_v4SPD16_eabi.lib : _lock.c.obj (.data:$O1$$)
                  2000259c    00000008                                   : memory.c.obj (.data:$O1$$)
                  200025a4    00000008     comm.obj (.data)
                  200025ac    00000008     motor.obj (.data)
                  200025b4    00000004     helper.obj (.data)
                  200025b8    00000004     rtsv7M4_T_le_v4SPD16_eabi.lib : errno.c.obj (.data)
                  200025bc    00000004     system_msp432p401r.obj (.data)

.bss       0    200025c0    0000028a     UNINITIALIZED
                  200025c0    00000120     rtsv7M4_T_le_v4SPD16_eabi.lib : trgmsg.c.obj (.bss:_CIOBUF_)
                  200026e0    000000a0     (.common:__TI_tmpnams)
                  20002780    00000028     (.common:firstChar)
                  200027a8    00000028     (.common:thirdChar)
                  200027d0    00000024     (.common:secondChar)
                  200027f4    00000010     (.common:latestSensorDistances)
                  20002804    00000008     cs.obj (.bss)
                  2000280c    00000008     (.common:g_userInput)
                  20002814    00000008     (.common:parmbuf)
                  2000281c    00000004     (.common:avCulmulative)
                  20002820    00000004     (.common:average)
                  20002824    00000004     (.common:carCurrentPosition)
                  20002828    00000004     (.common:currentInt)
                  2000282c    00000004     (.common:currentascii)
                  20002830    00000004     (.common:emaQueue)
                  20002834    00000004     (.common:g_inputX)
                  20002838    00000004     (.common:max)
                  2000283c    00000004     (.common:sensor1InterruptCount)
                  20002840    00000004     (.common:smaQueue)
                  20002844    00000004     (.common:threshold)
                  20002848    00000002     barcode.obj (.bss)

.stack     0    2000fe00    00000200     UNINITIALIZED
                  2000fe00    00000004     rtsv7M4_T_le_v4SPD16_eabi.lib : boot_cortex_m.c.obj (.stack)
                  2000fe04    000001fc     --HOLE--

MODULE SUMMARY

       Module                        code    ro data   rw data
       ------                        ----    -------   -------
    .\
       main.obj                      3584    0         141    
       system_msp432p401r.obj        808     0         4      
       helper.obj                    348     0         4      
       startup_msp432p401r_ccs.obj   18      320       0      
    +--+-----------------------------+-------+---------+---------+
       Total:                        4758    320       149    
                                                              
    .\CommunicationsModule\
       comm.obj                      632     36        20     
    +--+-----------------------------+-------+---------+---------+
       Total:                        632     36        20     
                                                              
    .\InfraredModule\
       barcode.obj                   1896    24        434    
       encoder.obj                   620     24        80     
    +--+-----------------------------+-------+---------+---------+
       Total:                        2516    48        514    
                                                              
    .\MappingModule\
       graph.obj                     992     0         0      
       linkedlist.obj                632     0         0      
       stack.obj                     446     0         0      
       queue.obj                     380     0         0      
       vertex.obj                    298     0         0      
       barcode_linkedlist.obj        244     0         0      
       hump_linkedlist.obj           222     0         0      
       node.obj                      88      0         0      
       barcode_node.obj              78      0         0      
       hump_node.obj                 60      0         0      
    +--+-----------------------------+-------+---------+---------+
       Total:                        3440    0         0      
                                                              
    .\MotorModule\
       motor.obj                     764     0         92     
       wheels.obj                    248     0         0      
    +--+-----------------------------+-------+---------+---------+
       Total:                        1012    0         92     
                                                              
    .\UltrasonicModule\
       ultrasonic.obj                580     0         112    
       init.obj                      232     24        0      
    +--+-----------------------------+-------+---------+---------+
       Total:                        812     24        112    
                                                              
    .\Utility\
       time_utility.obj              136     0         1      
    +--+-----------------------------+-------+---------+---------+
       Total:                        136     0         1      
                                                              
    .\Utility\DataStructures\
       float_queue.obj               412     0         0      
    +--+-----------------------------+-------+---------+---------+
       Total:                        412     0         0      
                                                              
    .\Utility\Filters\
       sma_filter.obj                100     0         0      
    +--+-----------------------------+-------+---------+---------+
       Total:                        100     0         0      
                                                              
    .\driverlib\MSP432P4xx\
       cs.obj                        3452    0         8      
       pcm.obj                       2104    0         0      
       timer_a.obj                   1944    0         0      
       interrupt.obj                 1008    144       228    
       rtc_c.obj                     1288    0         0      
       gpio.obj                      1152    28        48     
       uart.obj                      1052    0         0      
       sysctl.obj                    580     0         0      
       timer32.obj                   404     0         0      
       wdt_a.obj                     216     0         0      
       systick.obj                   116     0         0      
       cpu.obj                       62      0         0      
    +--+-----------------------------+-------+---------+---------+
       Total:                        13378   172       284    
                                                              
    C:\ti\ccs930\ccs\tools\compiler\ti-cgt-arm_18.12.4.LTS\lib\rtsv7M4_T_le_v4SPD16_eabi.lib
       _printfi.c.obj                4851    0         0      
       e_pow.c.obj                   2496    48        0      
       memory.c.obj                  696     0         8      
       fd_add_t2.asm.obj             438     0         0      
       defs.c.obj                    0       0         416    
       trgmsg.c.obj                  108     0         288    
       e_sqrt.c.obj                  344     0         0      
       fd_div_t2.asm.obj             310     0         0      
       fputs.c.obj                   276     0         0      
       s_scalbn.c.obj                272     0         0      
       fd_cmp_t2.asm.obj             268     0         0      
       ctype.c.obj                   0       257       0      
       fd_mul_t2.asm.obj             252     0         0      
       setvbuf.c.obj                 220     0         0      
       host_device.c.obj             0       0         200    
       memcpy_t2.asm.obj             156     0         0      
       ull_div_t2.asm.obj            150     0         0      
       snprintf.c.obj                148     0         0      
       fputc.c.obj                   140     0         0      
       memset_t2.asm.obj             122     0         0      
       fclose.c.obj                  116     0         0      
       getdevice.c.obj               116     0         0      
       printf.c.obj                  112     0         0      
       fd_tos_t2.asm.obj             110     0         0      
       hostrename.c.obj              108     0         0      
       copy_decompress_lzss.c.obj    104     0         0      
       hostlseek.c.obj               104     0         0      
       hostopen.c.obj                96      0         8      
       fseek.c.obj                   100     0         0      
       s_frexp.c.obj                 100     0         0      
       _io_perm.c.obj                98      0         0      
       close.c.obj                   92      0         0      
       exit.c.obj                    76      0         12     
       hostread.c.obj                88      0         0      
       hostwrite.c.obj               88      0         0      
       ltoa.c.obj                    84      0         0      
       atoi.c.obj                    76      0         0      
       fflush.c.obj                  76      0         0      
       fd_toi_t2.asm.obj             72      0         0      
       autoinit.c.obj                68      0         0      
       hostclose.c.obj               68      0         0      
       hostunlink.c.obj              68      0         0      
       fs_tod_t2.asm.obj             56      0         0      
       strncpy.c.obj                 54      0         0      
       boot_cortex_m.c.obj           52      0         0      
       fopen.c.obj                   52      0         0      
       i_tofd_t2.asm.obj             46      0         0      
       strncat.c.obj                 46      0         0      
       unlink.c.obj                  44      0         0      
       lseek.c.obj                   40      0         0      
       write.c.obj                   40      0         0      
       memchr.c.obj                  32      0         0      
       strcat.c.obj                  30      0         0      
       copy_zero_init.c.obj          28      0         0      
       memccpy.c.obj                 28      0         0      
       s_copysign.c.obj              26      0         0      
       strcmp.c.obj                  24      0         0      
       strchr.c.obj                  22      0         0      
       strcpy.c.obj                  20      0         0      
       strlen.c.obj                  20      0         0      
       wcslen.c.obj                  18      0         0      
       copy_decompress_none.c.obj    14      0         0      
       errno.c.obj                   8       0         4      
       _lock.c.obj                   2       0         8      
       pre_init.c.obj                4       0         0      
       div0.asm.obj                  2       0         0      
    +--+-----------------------------+-------+---------+---------+
       Total:                        13975   305       944    
                                                              
       Heap:                         0       0         8192   
       Stack:                        0       0         512    
       Linker Generated:             0       321       0      
    +--+-----------------------------+-------+---------+---------+
       Grand Total:                  41171   1226      10820  


LINKER GENERATED COPY TABLES

__TI_cinit_table @ 0000a5a8 records: 3, size/record: 8, table size: 24
	.data: load addr=0000a478, load size=0000010d bytes, run addr=200020e8, run size=000004d8 bytes, compression=lzss
	.bss: load addr=0000a598, load size=00000008 bytes, run addr=200025c0, run size=0000028a bytes, compression=zero_init
	.vtable: load addr=0000a5a0, load size=00000008 bytes, run addr=20000000, run size=000000e4 bytes, compression=zero_init


LINKER GENERATED HANDLER TABLE

__TI_handler_table @ 0000a588 records: 3, size/record: 4, table size: 12
	index: 0, handler: __TI_zero_init
	index: 1, handler: __TI_decompress_lzss
	index: 2, handler: __TI_decompress_none


GLOBAL SYMBOLS: SORTED ALPHABETICALLY BY Name 

address   name                                           
-------   ----                                           
0000425d  ADC14_IRQHandler                               
000088e3  BarcodeList_addNode                            
00008931  BarcodeList_destroy                            
000088ab  BarcodeList_display                            
00008889  BarcodeList_makeList                           
00009a85  BarcodeNode_createNode                         
00009ac7  BarcodeNode_freeNode                           
00004257  Barcode_getChar                                
000041a5  Barcode_init                                   
000041b5  Barcode_main_while                             
0000a221  C$$EXIT                                        
00009e3f  C$$IO$$                                        
00009dcb  CPU_basepriGet                                 
00009dbd  CPU_basepriSet                                 
00009d97  CPU_cpsid                                      
00009dad  CPU_cpsie                                      
00009da3  CPU_primask                                    
00009db9  CPU_wfi                                        
00001c41  CS_clearInterruptFlag                          
000014e9  CS_disableClockRequest                         
000015cf  CS_disableDCOExternalResistor                  
00001b15  CS_disableFaultCounter                         
00001bff  CS_disableInterrupt                            
000014c1  CS_enableClockRequest                          
00001531  CS_enableDCOExternalResistor                   
00001ae9  CS_enableFaultCounter                          
00001bdd  CS_enableInterrupt                             
00001a81  CS_getACLK                                     
00001a41  CS_getBCLK                                     
000016c9  CS_getDCOFrequency                             
00001c27  CS_getEnabledInterruptStatus                   
00001a5d  CS_getHSMCLK                                   
00001c21  CS_getInterruptStatus                          
00001ac7  CS_getMCLK                                     
00001aa5  CS_getSMCLK                                    
000011e1  CS_initClockSignal                             
00001c63  CS_registerInterrupt                           
00001b41  CS_resetFaultCounter                           
000015ed  CS_setDCOCenteredFrequency                     
00001559  CS_setDCOExternalResistorCalibration           
00001869  CS_setDCOFrequency                             
000011a5  CS_setExternalClockSourceFrequency             
0000150b  CS_setReferenceOscillatorFrequency             
00001b8d  CS_startFaultCounter                           
000012e5  CS_startHFXT                                   
00001309  CS_startHFXTWithTimeout                        
000013cd  CS_startLFXT                                   
000013f1  CS_startLFXTWithTimeout                        
00001625  CS_tuneDCOFrequency                            
00001c77  CS_unregisterInterrupt                         
0000639d  Communication_init                             
00006443  Communication_sendData                         
000064f3  Communication_sendMap                          
00006535  EUSCIA0_IRQHandler                             
00006559  EUSCIA2_IRQHandler                             
00006b5d  Encoder_init                                   
00006b6d  Encoder_main                                   
000096fd  Filter_SMAFilter                               
0000502f  GPIO_clearInterruptFlag                        
00004fef  GPIO_disableInterrupt                          
00004fcd  GPIO_enableInterrupt                           
00005087  GPIO_getEnabledInterruptStatus                 
00004f9f  GPIO_getInputPinValue                          
00005011  GPIO_getInterruptStatus                        
00005051  GPIO_interruptEdgeSelect                       
00005147  GPIO_registerInterrupt                         
00004d47  GPIO_setAsInputPin                             
00004efb  GPIO_setAsInputPinWithPullDownResistor         
00004f4d  GPIO_setAsInputPinWithPullUpResistor           
00004d0d  GPIO_setAsOutputPin                            
00004e11  GPIO_setAsPeripheralModuleFunctionInputPin     
00004d8d  GPIO_setAsPeripheralModuleFunctionOutputPin    
00005103  GPIO_setDriveStrengthHigh                      
00005125  GPIO_setDriveStrengthLow                       
00004e95  GPIO_setOutputHighOnPin                        
00004eb7  GPIO_setOutputLowOnPin                         
00004ed9  GPIO_toggleOutputOnPin                         
00005167  GPIO_unregisterInterrupt                       
00005a0f  Graph_addEdge                                  
00005b75  Graph_addEdgeOld                               
000059cd  Graph_addVertex                                
00005cf7  Graph_adj                                      
00005d65  Graph_destroy                                  
00005d21  Graph_display                                  
00005d4f  Graph_getVertex                                
00005d2f  Graph_isExplored                               
00005999  Graph_makeGraph                                
00009c49  HOSTclose                                      
000094fd  HOSTlseek                                      
000097c5  HOSTopen                                       
00009881  HOSTread                                       
00009491  HOSTrename                                     
00009c8d  HOSTunlink                                     
000098d9  HOSTwrite                                      
00008b9f  HumpList_addNode                               
00008be5  HumpList_destroy                               
00008b6b  HumpList_display                               
00008b49  HumpList_makeList                              
00009dd5  HumpNode_createNode                            
00009e05  HumpNode_freeNode                              
00006c6b  Infrared_getCarSpeed                           
00006c21  Infrared_startNotchesCount                     
00006c2f  Infrared_stopNotchesCount                      
0000576b  Interrupt_disableInterrupt                     
000055bb  Interrupt_disableMaster                        
00005969  Interrupt_disableSleepOnIsrExit                
000056f9  Interrupt_enableInterrupt                      
000055ab  Interrupt_enableMaster                         
00005957  Interrupt_enableSleepOnIsrExit                 
000056d3  Interrupt_getPriority                          
0000564b  Interrupt_getPriorityGrouping                  
00005937  Interrupt_getPriorityMask                      
00005951  Interrupt_getVectorTableAddress                
000057dd  Interrupt_isEnabled                            
00005869  Interrupt_pendInterrupt                        
000055cb  Interrupt_registerInterrupt                    
00005683  Interrupt_setPriority                          
00005631  Interrupt_setPriorityGrouping                  
00005927  Interrupt_setPriorityMask                      
00005941  Interrupt_setVectorTableAddress                
000058d9  Interrupt_unpendInterrupt                      
0000561d  Interrupt_unregisterInterrupt                  
00007ca1  LED1_init                                      
00007cc1  LED1_off                                       
00007cb5  LED1_on                                        
00007ccd  LED1_toggle                                    
00007cd9  LED2_init                                      
00007d0f  LED2_off                                       
00007cf5  LED2_on                                        
00007d21  LED2_toggle                                    
00006719  List_addVertex                                 
000067a9  List_delete                                    
00006815  List_destroy                                   
00006637  List_display                                   
00006761  List_getVertex                                 
00006615  List_makeList                                  
00000141  Mapping_writeBarcodeData                       
00000165  Mapping_writeHumpData                          
000061a3  Motor_driveForward                             
000060a1  Motor_init                                     
000061f7  Motor_pivotLeft                                
0000620f  Motor_pivotRight                               
000061dd  Motor_reverse                                  
00006155  Motor_stop                                     
0000629b  Motor_turn45Left                               
000062b3  Motor_turn45Right                              
00006227  Motor_turnLeft                                 
00006261  Motor_turnRight                                
00009931  Node_createNode                                
00009975  Node_freeNode                                  
000038a7  PCM_clearInterruptFlag                         
0000387d  PCM_disableInterrupt                           
00003855  PCM_disableRudeMode                            
00003869  PCM_enableInterrupt                            
00003843  PCM_enableRudeMode                             
0000324f  PCM_getCoreVoltageLevel                        
00003897  PCM_getEnabledInterruptStatus                  
00003891  PCM_getInterruptStatus                         
000031f5  PCM_getPowerMode                               
00003837  PCM_getPowerState                              
00003769  PCM_gotoLPM0                                   
00003787  PCM_gotoLPM0InterruptSafe                      
000037a3  PCM_gotoLPM3                                   
0000381b  PCM_gotoLPM3InterruptSafe                      
0000373d  PCM_gotoLPM4                                   
0000374d  PCM_gotoLPM4InterruptSafe                      
000038bb  PCM_registerInterrupt                          
000031c3  PCM_setCoreVoltageLevel                        
000031e5  PCM_setCoreVoltageLevelNonBlocking             
000031d3  PCM_setCoreVoltageLevelWithTimeout             
000033f5  PCM_setPowerMode                               
00003405  PCM_setPowerModeNonBlocking                    
00003415  PCM_setPowerModeWithTimeout                    
000036c7  PCM_setPowerState                              
000036e9  PCM_setPowerStateNonBlocking                   
000036d7  PCM_setPowerStateWithTimeout                   
000036f9  PCM_shutdownDevice                             
000038cf  PCM_unregisterInterrupt                        
00006b79  PORT5_IRQHandler                               
00007b23  Queue_dequeue                                  
00007b57  Queue_destroy                                  
00007b87  Queue_destroy2                                 
00007a8d  Queue_display                                  
00007ad3  Queue_enqueue                                  
00007a65  Queue_makeQueue                                
00004c61  RTC_C_clearInterruptFlag                       
00004aab  RTC_C_convertBCDToBinary                       
00004ac3  RTC_C_convertBinaryToBCD                       
00004a07  RTC_C_definePrescaleEvent                      
00004b31  RTC_C_disableInterrupt                         
00004adb  RTC_C_enableInterrupt                          
00004939  RTC_C_getCalendarTime                          
00004c01  RTC_C_getEnabledInterruptStatus                
00004b99  RTC_C_getInterruptStatus                       
00004a2f  RTC_C_getPrescaleValue                         
00004823  RTC_C_holdClock                                
000048c7  RTC_C_initCalendar                             
00004ca7  RTC_C_registerInterrupt                        
0000499f  RTC_C_setCalendarAlarm                         
000049d7  RTC_C_setCalendarEvent                         
00004871  RTC_C_setCalibrationData                       
00004841  RTC_C_setCalibrationFrequency                  
00004a5b  RTC_C_setPrescaleValue                         
0000489d  RTC_C_setTemperatureCompensation               
00004805  RTC_C_startClock                               
00004cc5  RTC_C_unregisterInterrupt                      
000087d5  Set_forward                                    
00008841  Set_leftBackRightFront                         
0000881d  Set_leftFrontRightBack                         
000087f9  Set_reverse                                    
00008865  Set_stop                                       
000074e5  Stack_destroy                                  
00007515  Stack_destroy2                                 
000073e3  Stack_display                                  
000073c1  Stack_makeStack                                
000074a7  Stack_peak                                     
00007473  Stack_pop                                      
00007429  Stack_push                                     
00007be1  Switch1_init                                   
00007c1d  Switch1_interruptEnable                        
00007c41  Switch2_init                                   
00007c7d  Switch2_interruptEnable                        
0000719f  SysCtl_disableGlitchFilter                     
0000702f  SysCtl_disableNMISource                        
00007137  SysCtl_disablePeripheralAtCPUHalt              
00007079  SysCtl_disableSRAMBank                         
000070fd  SysCtl_disableSRAMBankRetention                
00007193  SysCtl_enableGlitchFilter                      
00007043  SysCtl_enableNMISource                         
00007123  SysCtl_enablePeripheralAtCPUHalt               
0000705d  SysCtl_enableSRAMBank                          
000070e1  SysCtl_enableSRAMBankRetention                 
00007029  SysCtl_getFlashSize                            
00007057  SysCtl_getNMISourceStatus                      
00007023  SysCtl_getSRAMSize                             
00006fad  SysCtl_getTLVInfo                              
000071ab  SysCtl_getTempCalibrationConstant              
00007119  SysCtl_rebootDevice                            
0000716f  SysCtl_setWDTPasswordViolationResetType        
0000714b  SysCtl_setWDTTimeoutResetType                  
000065d1  SysTick_Handler                                
0000930d  SysTick_disableInterrupt                       
000092dd  SysTick_disableModule                          
00009301  SysTick_enableInterrupt                        
000092d1  SysTick_enableModule                           
0000932b  SysTick_getPeriod                              
00009333  SysTick_getValue                               
000092e9  SysTick_registerInterrupt                      
00009319  SysTick_setPeriod                              
000092f7  SysTick_unregisterInterrupt                    
200025bc  SystemCoreClock                                
00005d79  SystemCoreClockUpdate                          
00005fed  SystemInit                                     
000090bb  T32_0_IRQHandler                               
00000e13  TA2_0_IRQHandler                               
000062cb  TA3_0_IRQHandler                               
00007a0f  Timer32_clearInterruptFlag                     
000079fb  Timer32_disableInterrupt                       
000079e7  Timer32_enableInterrupt                        
00007a23  Timer32_getInterruptStatus                     
00007991  Timer32_getValue                               
000079d3  Timer32_haltTimer                              
000078d1  Timer32_initModule                             
00007a31  Timer32_registerInterrupt                      
00007931  Timer32_setCount                               
00007961  Timer32_setCountInBackground                   
0000799f  Timer32_startTimer                             
00007a47  Timer32_unregisterInterrupt                    
00003dcf  Timer_A_clearCaptureCompareInterrupt           
00003db9  Timer_A_clearInterruptFlag                     
00003c37  Timer_A_clearTimer                             
00003a5f  Timer_A_configureContinuousMode                
00003aed  Timer_A_configureUpDownMode                    
00003a8f  Timer_A_configureUpMode                        
00003e5d  Timer_A_disableCaptureCompareInterrupt         
00003e0b  Timer_A_disableInterrupt                       
00003e31  Timer_A_enableCaptureCompareInterrupt          
00003df7  Timer_A_enableInterrupt                        
00003d03  Timer_A_generatePWM                            
00003ca9  Timer_A_getCaptureCompareCount                 
00003ec5  Timer_A_getCaptureCompareEnabledInterruptStatus
00003e85  Timer_A_getCaptureCompareInterruptStatus       
00003beb  Timer_A_getCounterValue                        
00003ead  Timer_A_getEnabledInterruptStatus              
00003e1f  Timer_A_getInterruptStatus                     
00003c7b  Timer_A_getOutputForOutputModeOutBitValue      
00003c4b  Timer_A_getSynchronizedCaptureCompareInput     
00003b4b  Timer_A_initCapture                            
00003b9d  Timer_A_initCompare                            
00003f01  Timer_A_registerInterrupt                      
00003d8d  Timer_A_setCompareValue                        
00003ccb  Timer_A_setOutputForOutputModeOutBitValue      
00003a49  Timer_A_startCounter                           
00003d79  Timer_A_stopTimer                              
00003fd3  Timer_A_unregisterInterrupt                    
000054a1  UART_clearInterruptFlag                        
000053f9  UART_disableInterrupt                          
000052db  UART_disableModule                             
000053c9  UART_enableInterrupt                           
000052c5  UART_enableModule                              
00005445  UART_getEnabledInterruptStatus                 
00005429  UART_getInterruptStatus                        
00005391  UART_getReceiveBufferAddressForDMA             
0000539f  UART_getTransmitBufferAddressForDMA            
0000518d  UART_initModule                                
000052f1  UART_queryStatusFlags                          
0000529f  UART_receiveData                               
000054c1  UART_registerInterrupt                         
00005319  UART_resetDormant                              
000053ad  UART_selectDeglitchTime                        
00005305  UART_setDormant                                
0000532d  UART_transmitAddress                           
0000534b  UART_transmitBreak                             
00005275  UART_transmitData                              
0000553d  UART_unregisterInterrupt                       
00006d99  Ultrasonic_checkBack                           
00006d69  Ultrasonic_checkFront                          
00006d79  Ultrasonic_checkLeft                           
00006d89  Ultrasonic_checkRight                          
00006dc1  Ultrasonic_getDistanceFromBackSensor           
00006da9  Ultrasonic_getDistanceFromFrontSensor          
00006db1  Ultrasonic_getDistanceFromLeftSensor           
00006db9  Ultrasonic_getDistanceFromRightSensor          
00008a41  Ultrasonic_init                                
00009067  UtilityTime_delay                              
0000904d  UtilityTime_initDelayTimer                     
00008109  Vertex_createVertex                            
00008173  Vertex_freeVertex                              
0000817f  Vertex_writeStrToBuff                          
4000480c  WDTCTL_SYM                                     
00008d45  WDT_A_clearTimer                               
00008d05  WDT_A_holdTimer                                
00008d81  WDT_A_initIntervalTimer                        
00008d65  WDT_A_initWatchdogTimer                        
00008db5  WDT_A_registerInterrupt                        
00008d9d  WDT_A_setPasswordViolationReset                
00008da9  WDT_A_setTimeoutReset                          
00008d25  WDT_A_startTimer                               
00008dc9  WDT_A_unregisterInterrupt                      
00008791  Wheel_init                                     
200025c0  __CIOBUF_                                      
20010000  __STACK_END                                    
00000200  __STACK_SIZE                                   
00002000  __SYSMEM_SIZE                                  
0000a5a8  __TI_CINIT_Base                                
0000a5c0  __TI_CINIT_Limit                               
0000a588  __TI_Handler_Table_Base                        
0000a594  __TI_Handler_Table_Limit                       
00009cd1  __TI_auto_init_nobinit_nopinit                 
00009eb9  __TI_cleanup                                   
20002570  __TI_cleanup_ptr                               
0000925d  __TI_closefile                                 
00009565  __TI_decompress_lzss                           
0000a1f5  __TI_decompress_none                           
00009ad3  __TI_doflush                                   
20002574  __TI_dtors_ptr                                 
20002578  __TI_enable_exit_profile_output                
20002560  __TI_ft_end                                    
ffffffff  __TI_pprof_out_hndl                            
00001cbd  __TI_printfi                                   
ffffffff  __TI_prof_data_size                            
ffffffff  __TI_prof_data_start                           
00009eed  __TI_readmsg                                   
00000000  __TI_static_base__                             
200026e0  __TI_tmpnams                                   
00009e11  __TI_writemsg                                  
00009761  __TI_wrt_ok                                    
0000a0f3  __TI_zero_init_nomemset                        
000090d5  __aeabi_cdcmpeq                                
000090d5  __aeabi_cdcmple                                
0000915b  __aeabi_cdrcmple                               
00009423  __aeabi_d2f                                    
00009c01  __aeabi_d2iz                                   
00007589  __aeabi_dadd                                   
00007fd1  __aeabi_ddiv                                   
00008695  __aeabi_dmul                                   
0000757f  __aeabi_dsub                                   
0000a205  __aeabi_errno_addr                             
00009e49  __aeabi_f2d                                    
00009fb5  __aeabi_i2d                                    
00008107  __aeabi_idiv0                                  
00008107  __aeabi_ldiv0                                  
000091e1  __aeabi_memclr                                 
000091e1  __aeabi_memclr4                                
000091e1  __aeabi_memclr8                                
00008e8f  __aeabi_memcpy                                 
00008e8f  __aeabi_memcpy4                                
00008e8f  __aeabi_memcpy8                                
000091e3  __aeabi_memset                                 
000091e3  __aeabi_memset4                                
000091e3  __aeabi_memset8                                
2000256c  __aeabi_stderr                                 
20002564  __aeabi_stdin                                  
20002568  __aeabi_stdout                                 
00008f2b  __aeabi_uldivmod                               
ffffffff  __binit__                                      
ffffffff  __c_args__                                     
UNDEFED   __mpu_init                                     
2000fe00  __stack                                        
00009f21  _c_int00_noargs                                
0000a228  _ctypes_                                       
20002254  _device                                        
200020e8  _ftable                                        
20002594  _lock                                          
0000270b  _nop                                           
20002330  _stream                                        
200000e8  _sys_memory                                    
UNDEFED   _system_post_cinit                             
0000a21d  _system_pre_init                               
20002598  _unlock                                        
0000a221  abort                                          
0000057b  adjustCarDirection                             
00008359  aligned_alloc                                  
00009b21  atoi                                           
20002430  avCounter                                      
2000281c  avCulmulative                                  
20002820  average                                        
2000258c  barCodeData                                    
20002434  barCodeFound                                   
20002440  barCodesScanned                                
20002380  bars                                           
0000086d  bfs                                            
ffffffff  binit                                          
200022cc  buffer                                         
2000257c  car                                            
20002824  carCurrentPosition                             
20002590  carDirection                                   
00009825  close                                          
200021d8  combined                                       
0000a149  copysign                                       
0000a149  copysignl                                      
00007735  createQueue                                    
20002828  currentInt                                     
2000282c  currentascii                                   
000062dd  delay                                          
00007807  dequeue                                        
00000bb9  displayMapOnM5                                 
000006a9  driveCarUsingPath                              
20002830  emaQueue                                       
0000779d  enqueue                                        
200025b8  errno                                          
00009bb9  exit                                           
0000632d  findMax                                        
00006301  findMin                                        
00009f85  finddevice                                     
20002780  firstChar                                      
00008fc1  fputc                                          
00008471  fputs                                          
00008a65  free                                           
00009635  frexp                                          
00009635  frexpl                                         
00009699  fseek                                          
20002554  g_b_notch_counting                             
200025ae  g_counter                                      
200025a4  g_inputCounter                                 
20002834  g_inputX                                       
200025a8  g_inputY                                       
200025b0  g_left_counter                                 
20000000  g_pfnRAMVectors                                
200025b2  g_right_counter                                
20002550  g_time_ms                                      
2000280c  g_userInput                                    
00009d15  getdevice                                      
20002588  humpData                                       
20002448  indexBar                                       
2000244c  indexSpace                                     
00000ca5  initializeAllPortsToLow                        
00000000  interruptVectors                               
00007789  isEmpty                                        
0000776f  isFull                                         
00007bed  is_Switch1_Pressed                             
00007c4d  is_Switch2_Pressed                             
200027f4  latestSensorDistances                          
00008585  ldexp                                          
00008585  ldexpl                                         
20002458  left_enc_obj                                   
20002508  left_wheel_PWM_config                          
2000243c  lookingForBlack                                
0000a065  lseek                                          
000099df  ltoa                                           
00000e67  main                                           
0000a20d  malloc                                         
0000031d  mapMaze                                        
20002838  max                                            
20002450  maxBar                                         
20002454  maxSpace                                       
00008359  memalign                                       
0000a12d  memccpy                                        
0000a0b5  memchr                                         
00008e8f  memcpy                                         
000091e9  memset                                         
2000242c  min                                            
20002558  p_left_encoder                                 
2000255c  p_right_encoder                                
20002814  parmbuf                                        
00007831  peek                                           
0000270d  pow                                            
0000270d  powl                                           
0000784f  printQueue                                     
000095cd  printf                                         
00008fc1  putc                                           
20002444  readThicknessFlag                              
0000a011  remove                                         
20002478  right_enc_obj                                  
20002520  right_wheel_PWM_config                         
00008585  scalbn                                         
00008585  scalbnl                                        
200027d0  secondChar                                     
20002498  sensor1Config                                  
2000283c  sensor1InterruptCount                          
200024b4  sensor2Config                                  
200024d0  sensor3Config                                  
200024ec  sensor4Config                                  
00008c29  setvbuf                                        
20002840  smaQueue                                       
00009b6d  snprintf                                       
200023c0  spaces                                         
00007d3d  sqrt                                           
00007d3d  sqrtl                                          
20002438  startTimer                                     
0000a0d5  strcat                                         
0000a193  strchr                                         
0000a17b  strcmp                                         
0000a1a9  strcpy                                         
0000a1bd  strlen                                         
00009fe3  strncat                                        
00009e81  strncpy                                        
200027a8  thirdChar                                      
20002844  threshold                                      
00006411  uPrintf                                        
0000a3b0  uartConfig                                     
0000a011  unlink                                         
20002538  up_config                                      
00000181  updateMap                                      
00006cd9  updateRPM                                      
0000a1e3  wcslen                                         
0000a08d  write                                          


GLOBAL SYMBOLS: SORTED BY Symbol Address 

address   name                                           
-------   ----                                           
00000000  __TI_static_base__                             
00000000  interruptVectors                               
00000141  Mapping_writeBarcodeData                       
00000165  Mapping_writeHumpData                          
00000181  updateMap                                      
00000200  __STACK_SIZE                                   
0000031d  mapMaze                                        
0000057b  adjustCarDirection                             
000006a9  driveCarUsingPath                              
0000086d  bfs                                            
00000bb9  displayMapOnM5                                 
00000ca5  initializeAllPortsToLow                        
00000e13  TA2_0_IRQHandler                               
00000e67  main                                           
000011a5  CS_setExternalClockSourceFrequency             
000011e1  CS_initClockSignal                             
000012e5  CS_startHFXT                                   
00001309  CS_startHFXTWithTimeout                        
000013cd  CS_startLFXT                                   
000013f1  CS_startLFXTWithTimeout                        
000014c1  CS_enableClockRequest                          
000014e9  CS_disableClockRequest                         
0000150b  CS_setReferenceOscillatorFrequency             
00001531  CS_enableDCOExternalResistor                   
00001559  CS_setDCOExternalResistorCalibration           
000015cf  CS_disableDCOExternalResistor                  
000015ed  CS_setDCOCenteredFrequency                     
00001625  CS_tuneDCOFrequency                            
000016c9  CS_getDCOFrequency                             
00001869  CS_setDCOFrequency                             
00001a41  CS_getBCLK                                     
00001a5d  CS_getHSMCLK                                   
00001a81  CS_getACLK                                     
00001aa5  CS_getSMCLK                                    
00001ac7  CS_getMCLK                                     
00001ae9  CS_enableFaultCounter                          
00001b15  CS_disableFaultCounter                         
00001b41  CS_resetFaultCounter                           
00001b8d  CS_startFaultCounter                           
00001bdd  CS_enableInterrupt                             
00001bff  CS_disableInterrupt                            
00001c21  CS_getInterruptStatus                          
00001c27  CS_getEnabledInterruptStatus                   
00001c41  CS_clearInterruptFlag                          
00001c63  CS_registerInterrupt                           
00001c77  CS_unregisterInterrupt                         
00001cbd  __TI_printfi                                   
00002000  __SYSMEM_SIZE                                  
0000270b  _nop                                           
0000270d  pow                                            
0000270d  powl                                           
000031c3  PCM_setCoreVoltageLevel                        
000031d3  PCM_setCoreVoltageLevelWithTimeout             
000031e5  PCM_setCoreVoltageLevelNonBlocking             
000031f5  PCM_getPowerMode                               
0000324f  PCM_getCoreVoltageLevel                        
000033f5  PCM_setPowerMode                               
00003405  PCM_setPowerModeNonBlocking                    
00003415  PCM_setPowerModeWithTimeout                    
000036c7  PCM_setPowerState                              
000036d7  PCM_setPowerStateWithTimeout                   
000036e9  PCM_setPowerStateNonBlocking                   
000036f9  PCM_shutdownDevice                             
0000373d  PCM_gotoLPM4                                   
0000374d  PCM_gotoLPM4InterruptSafe                      
00003769  PCM_gotoLPM0                                   
00003787  PCM_gotoLPM0InterruptSafe                      
000037a3  PCM_gotoLPM3                                   
0000381b  PCM_gotoLPM3InterruptSafe                      
00003837  PCM_getPowerState                              
00003843  PCM_enableRudeMode                             
00003855  PCM_disableRudeMode                            
00003869  PCM_enableInterrupt                            
0000387d  PCM_disableInterrupt                           
00003891  PCM_getInterruptStatus                         
00003897  PCM_getEnabledInterruptStatus                  
000038a7  PCM_clearInterruptFlag                         
000038bb  PCM_registerInterrupt                          
000038cf  PCM_unregisterInterrupt                        
00003a49  Timer_A_startCounter                           
00003a5f  Timer_A_configureContinuousMode                
00003a8f  Timer_A_configureUpMode                        
00003aed  Timer_A_configureUpDownMode                    
00003b4b  Timer_A_initCapture                            
00003b9d  Timer_A_initCompare                            
00003beb  Timer_A_getCounterValue                        
00003c37  Timer_A_clearTimer                             
00003c4b  Timer_A_getSynchronizedCaptureCompareInput     
00003c7b  Timer_A_getOutputForOutputModeOutBitValue      
00003ca9  Timer_A_getCaptureCompareCount                 
00003ccb  Timer_A_setOutputForOutputModeOutBitValue      
00003d03  Timer_A_generatePWM                            
00003d79  Timer_A_stopTimer                              
00003d8d  Timer_A_setCompareValue                        
00003db9  Timer_A_clearInterruptFlag                     
00003dcf  Timer_A_clearCaptureCompareInterrupt           
00003df7  Timer_A_enableInterrupt                        
00003e0b  Timer_A_disableInterrupt                       
00003e1f  Timer_A_getInterruptStatus                     
00003e31  Timer_A_enableCaptureCompareInterrupt          
00003e5d  Timer_A_disableCaptureCompareInterrupt         
00003e85  Timer_A_getCaptureCompareInterruptStatus       
00003ead  Timer_A_getEnabledInterruptStatus              
00003ec5  Timer_A_getCaptureCompareEnabledInterruptStatus
00003f01  Timer_A_registerInterrupt                      
00003fd3  Timer_A_unregisterInterrupt                    
000041a5  Barcode_init                                   
000041b5  Barcode_main_while                             
00004257  Barcode_getChar                                
0000425d  ADC14_IRQHandler                               
00004805  RTC_C_startClock                               
00004823  RTC_C_holdClock                                
00004841  RTC_C_setCalibrationFrequency                  
00004871  RTC_C_setCalibrationData                       
0000489d  RTC_C_setTemperatureCompensation               
000048c7  RTC_C_initCalendar                             
00004939  RTC_C_getCalendarTime                          
0000499f  RTC_C_setCalendarAlarm                         
000049d7  RTC_C_setCalendarEvent                         
00004a07  RTC_C_definePrescaleEvent                      
00004a2f  RTC_C_getPrescaleValue                         
00004a5b  RTC_C_setPrescaleValue                         
00004aab  RTC_C_convertBCDToBinary                       
00004ac3  RTC_C_convertBinaryToBCD                       
00004adb  RTC_C_enableInterrupt                          
00004b31  RTC_C_disableInterrupt                         
00004b99  RTC_C_getInterruptStatus                       
00004c01  RTC_C_getEnabledInterruptStatus                
00004c61  RTC_C_clearInterruptFlag                       
00004ca7  RTC_C_registerInterrupt                        
00004cc5  RTC_C_unregisterInterrupt                      
00004d0d  GPIO_setAsOutputPin                            
00004d47  GPIO_setAsInputPin                             
00004d8d  GPIO_setAsPeripheralModuleFunctionOutputPin    
00004e11  GPIO_setAsPeripheralModuleFunctionInputPin     
00004e95  GPIO_setOutputHighOnPin                        
00004eb7  GPIO_setOutputLowOnPin                         
00004ed9  GPIO_toggleOutputOnPin                         
00004efb  GPIO_setAsInputPinWithPullDownResistor         
00004f4d  GPIO_setAsInputPinWithPullUpResistor           
00004f9f  GPIO_getInputPinValue                          
00004fcd  GPIO_enableInterrupt                           
00004fef  GPIO_disableInterrupt                          
00005011  GPIO_getInterruptStatus                        
0000502f  GPIO_clearInterruptFlag                        
00005051  GPIO_interruptEdgeSelect                       
00005087  GPIO_getEnabledInterruptStatus                 
00005103  GPIO_setDriveStrengthHigh                      
00005125  GPIO_setDriveStrengthLow                       
00005147  GPIO_registerInterrupt                         
00005167  GPIO_unregisterInterrupt                       
0000518d  UART_initModule                                
00005275  UART_transmitData                              
0000529f  UART_receiveData                               
000052c5  UART_enableModule                              
000052db  UART_disableModule                             
000052f1  UART_queryStatusFlags                          
00005305  UART_setDormant                                
00005319  UART_resetDormant                              
0000532d  UART_transmitAddress                           
0000534b  UART_transmitBreak                             
00005391  UART_getReceiveBufferAddressForDMA             
0000539f  UART_getTransmitBufferAddressForDMA            
000053ad  UART_selectDeglitchTime                        
000053c9  UART_enableInterrupt                           
000053f9  UART_disableInterrupt                          
00005429  UART_getInterruptStatus                        
00005445  UART_getEnabledInterruptStatus                 
000054a1  UART_clearInterruptFlag                        
000054c1  UART_registerInterrupt                         
0000553d  UART_unregisterInterrupt                       
000055ab  Interrupt_enableMaster                         
000055bb  Interrupt_disableMaster                        
000055cb  Interrupt_registerInterrupt                    
0000561d  Interrupt_unregisterInterrupt                  
00005631  Interrupt_setPriorityGrouping                  
0000564b  Interrupt_getPriorityGrouping                  
00005683  Interrupt_setPriority                          
000056d3  Interrupt_getPriority                          
000056f9  Interrupt_enableInterrupt                      
0000576b  Interrupt_disableInterrupt                     
000057dd  Interrupt_isEnabled                            
00005869  Interrupt_pendInterrupt                        
000058d9  Interrupt_unpendInterrupt                      
00005927  Interrupt_setPriorityMask                      
00005937  Interrupt_getPriorityMask                      
00005941  Interrupt_setVectorTableAddress                
00005951  Interrupt_getVectorTableAddress                
00005957  Interrupt_enableSleepOnIsrExit                 
00005969  Interrupt_disableSleepOnIsrExit                
00005999  Graph_makeGraph                                
000059cd  Graph_addVertex                                
00005a0f  Graph_addEdge                                  
00005b75  Graph_addEdgeOld                               
00005cf7  Graph_adj                                      
00005d21  Graph_display                                  
00005d2f  Graph_isExplored                               
00005d4f  Graph_getVertex                                
00005d65  Graph_destroy                                  
00005d79  SystemCoreClockUpdate                          
00005fed  SystemInit                                     
000060a1  Motor_init                                     
00006155  Motor_stop                                     
000061a3  Motor_driveForward                             
000061dd  Motor_reverse                                  
000061f7  Motor_pivotLeft                                
0000620f  Motor_pivotRight                               
00006227  Motor_turnLeft                                 
00006261  Motor_turnRight                                
0000629b  Motor_turn45Left                               
000062b3  Motor_turn45Right                              
000062cb  TA3_0_IRQHandler                               
000062dd  delay                                          
00006301  findMin                                        
0000632d  findMax                                        
0000639d  Communication_init                             
00006411  uPrintf                                        
00006443  Communication_sendData                         
000064f3  Communication_sendMap                          
00006535  EUSCIA0_IRQHandler                             
00006559  EUSCIA2_IRQHandler                             
000065d1  SysTick_Handler                                
00006615  List_makeList                                  
00006637  List_display                                   
00006719  List_addVertex                                 
00006761  List_getVertex                                 
000067a9  List_delete                                    
00006815  List_destroy                                   
00006b5d  Encoder_init                                   
00006b6d  Encoder_main                                   
00006b79  PORT5_IRQHandler                               
00006c21  Infrared_startNotchesCount                     
00006c2f  Infrared_stopNotchesCount                      
00006c6b  Infrared_getCarSpeed                           
00006cd9  updateRPM                                      
00006d69  Ultrasonic_checkFront                          
00006d79  Ultrasonic_checkLeft                           
00006d89  Ultrasonic_checkRight                          
00006d99  Ultrasonic_checkBack                           
00006da9  Ultrasonic_getDistanceFromFrontSensor          
00006db1  Ultrasonic_getDistanceFromLeftSensor           
00006db9  Ultrasonic_getDistanceFromRightSensor          
00006dc1  Ultrasonic_getDistanceFromBackSensor           
00006fad  SysCtl_getTLVInfo                              
00007023  SysCtl_getSRAMSize                             
00007029  SysCtl_getFlashSize                            
0000702f  SysCtl_disableNMISource                        
00007043  SysCtl_enableNMISource                         
00007057  SysCtl_getNMISourceStatus                      
0000705d  SysCtl_enableSRAMBank                          
00007079  SysCtl_disableSRAMBank                         
000070e1  SysCtl_enableSRAMBankRetention                 
000070fd  SysCtl_disableSRAMBankRetention                
00007119  SysCtl_rebootDevice                            
00007123  SysCtl_enablePeripheralAtCPUHalt               
00007137  SysCtl_disablePeripheralAtCPUHalt              
0000714b  SysCtl_setWDTTimeoutResetType                  
0000716f  SysCtl_setWDTPasswordViolationResetType        
00007193  SysCtl_enableGlitchFilter                      
0000719f  SysCtl_disableGlitchFilter                     
000071ab  SysCtl_getTempCalibrationConstant              
000073c1  Stack_makeStack                                
000073e3  Stack_display                                  
00007429  Stack_push                                     
00007473  Stack_pop                                      
000074a7  Stack_peak                                     
000074e5  Stack_destroy                                  
00007515  Stack_destroy2                                 
0000757f  __aeabi_dsub                                   
00007589  __aeabi_dadd                                   
00007735  createQueue                                    
0000776f  isFull                                         
00007789  isEmpty                                        
0000779d  enqueue                                        
00007807  dequeue                                        
00007831  peek                                           
0000784f  printQueue                                     
000078d1  Timer32_initModule                             
00007931  Timer32_setCount                               
00007961  Timer32_setCountInBackground                   
00007991  Timer32_getValue                               
0000799f  Timer32_startTimer                             
000079d3  Timer32_haltTimer                              
000079e7  Timer32_enableInterrupt                        
000079fb  Timer32_disableInterrupt                       
00007a0f  Timer32_clearInterruptFlag                     
00007a23  Timer32_getInterruptStatus                     
00007a31  Timer32_registerInterrupt                      
00007a47  Timer32_unregisterInterrupt                    
00007a65  Queue_makeQueue                                
00007a8d  Queue_display                                  
00007ad3  Queue_enqueue                                  
00007b23  Queue_dequeue                                  
00007b57  Queue_destroy                                  
00007b87  Queue_destroy2                                 
00007be1  Switch1_init                                   
00007bed  is_Switch1_Pressed                             
00007c1d  Switch1_interruptEnable                        
00007c41  Switch2_init                                   
00007c4d  is_Switch2_Pressed                             
00007c7d  Switch2_interruptEnable                        
00007ca1  LED1_init                                      
00007cb5  LED1_on                                        
00007cc1  LED1_off                                       
00007ccd  LED1_toggle                                    
00007cd9  LED2_init                                      
00007cf5  LED2_on                                        
00007d0f  LED2_off                                       
00007d21  LED2_toggle                                    
00007d3d  sqrt                                           
00007d3d  sqrtl                                          
00007fd1  __aeabi_ddiv                                   
00008107  __aeabi_idiv0                                  
00008107  __aeabi_ldiv0                                  
00008109  Vertex_createVertex                            
00008173  Vertex_freeVertex                              
0000817f  Vertex_writeStrToBuff                          
00008359  aligned_alloc                                  
00008359  memalign                                       
00008471  fputs                                          
00008585  ldexp                                          
00008585  ldexpl                                         
00008585  scalbn                                         
00008585  scalbnl                                        
00008695  __aeabi_dmul                                   
00008791  Wheel_init                                     
000087d5  Set_forward                                    
000087f9  Set_reverse                                    
0000881d  Set_leftFrontRightBack                         
00008841  Set_leftBackRightFront                         
00008865  Set_stop                                       
00008889  BarcodeList_makeList                           
000088ab  BarcodeList_display                            
000088e3  BarcodeList_addNode                            
00008931  BarcodeList_destroy                            
00008a41  Ultrasonic_init                                
00008a65  free                                           
00008b49  HumpList_makeList                              
00008b6b  HumpList_display                               
00008b9f  HumpList_addNode                               
00008be5  HumpList_destroy                               
00008c29  setvbuf                                        
00008d05  WDT_A_holdTimer                                
00008d25  WDT_A_startTimer                               
00008d45  WDT_A_clearTimer                               
00008d65  WDT_A_initWatchdogTimer                        
00008d81  WDT_A_initIntervalTimer                        
00008d9d  WDT_A_setPasswordViolationReset                
00008da9  WDT_A_setTimeoutReset                          
00008db5  WDT_A_registerInterrupt                        
00008dc9  WDT_A_unregisterInterrupt                      
00008e8f  __aeabi_memcpy                                 
00008e8f  __aeabi_memcpy4                                
00008e8f  __aeabi_memcpy8                                
00008e8f  memcpy                                         
00008f2b  __aeabi_uldivmod                               
00008fc1  fputc                                          
00008fc1  putc                                           
0000904d  UtilityTime_initDelayTimer                     
00009067  UtilityTime_delay                              
000090bb  T32_0_IRQHandler                               
000090d5  __aeabi_cdcmpeq                                
000090d5  __aeabi_cdcmple                                
0000915b  __aeabi_cdrcmple                               
000091e1  __aeabi_memclr                                 
000091e1  __aeabi_memclr4                                
000091e1  __aeabi_memclr8                                
000091e3  __aeabi_memset                                 
000091e3  __aeabi_memset4                                
000091e3  __aeabi_memset8                                
000091e9  memset                                         
0000925d  __TI_closefile                                 
000092d1  SysTick_enableModule                           
000092dd  SysTick_disableModule                          
000092e9  SysTick_registerInterrupt                      
000092f7  SysTick_unregisterInterrupt                    
00009301  SysTick_enableInterrupt                        
0000930d  SysTick_disableInterrupt                       
00009319  SysTick_setPeriod                              
0000932b  SysTick_getPeriod                              
00009333  SysTick_getValue                               
00009423  __aeabi_d2f                                    
00009491  HOSTrename                                     
000094fd  HOSTlseek                                      
00009565  __TI_decompress_lzss                           
000095cd  printf                                         
00009635  frexp                                          
00009635  frexpl                                         
00009699  fseek                                          
000096fd  Filter_SMAFilter                               
00009761  __TI_wrt_ok                                    
000097c5  HOSTopen                                       
00009825  close                                          
00009881  HOSTread                                       
000098d9  HOSTwrite                                      
00009931  Node_createNode                                
00009975  Node_freeNode                                  
000099df  ltoa                                           
00009a85  BarcodeNode_createNode                         
00009ac7  BarcodeNode_freeNode                           
00009ad3  __TI_doflush                                   
00009b21  atoi                                           
00009b6d  snprintf                                       
00009bb9  exit                                           
00009c01  __aeabi_d2iz                                   
00009c49  HOSTclose                                      
00009c8d  HOSTunlink                                     
00009cd1  __TI_auto_init_nobinit_nopinit                 
00009d15  getdevice                                      
00009d97  CPU_cpsid                                      
00009da3  CPU_primask                                    
00009dad  CPU_cpsie                                      
00009db9  CPU_wfi                                        
00009dbd  CPU_basepriSet                                 
00009dcb  CPU_basepriGet                                 
00009dd5  HumpNode_createNode                            
00009e05  HumpNode_freeNode                              
00009e11  __TI_writemsg                                  
00009e3f  C$$IO$$                                        
00009e49  __aeabi_f2d                                    
00009e81  strncpy                                        
00009eb9  __TI_cleanup                                   
00009eed  __TI_readmsg                                   
00009f21  _c_int00_noargs                                
00009f85  finddevice                                     
00009fb5  __aeabi_i2d                                    
00009fe3  strncat                                        
0000a011  remove                                         
0000a011  unlink                                         
0000a065  lseek                                          
0000a08d  write                                          
0000a0b5  memchr                                         
0000a0d5  strcat                                         
0000a0f3  __TI_zero_init_nomemset                        
0000a12d  memccpy                                        
0000a149  copysign                                       
0000a149  copysignl                                      
0000a17b  strcmp                                         
0000a193  strchr                                         
0000a1a9  strcpy                                         
0000a1bd  strlen                                         
0000a1e3  wcslen                                         
0000a1f5  __TI_decompress_none                           
0000a205  __aeabi_errno_addr                             
0000a20d  malloc                                         
0000a21d  _system_pre_init                               
0000a221  C$$EXIT                                        
0000a221  abort                                          
0000a228  _ctypes_                                       
0000a3b0  uartConfig                                     
0000a588  __TI_Handler_Table_Base                        
0000a594  __TI_Handler_Table_Limit                       
0000a5a8  __TI_CINIT_Base                                
0000a5c0  __TI_CINIT_Limit                               
20000000  g_pfnRAMVectors                                
200000e8  _sys_memory                                    
200020e8  _ftable                                        
200021d8  combined                                       
20002254  _device                                        
200022cc  buffer                                         
20002330  _stream                                        
20002380  bars                                           
200023c0  spaces                                         
2000242c  min                                            
20002430  avCounter                                      
20002434  barCodeFound                                   
20002438  startTimer                                     
2000243c  lookingForBlack                                
20002440  barCodesScanned                                
20002444  readThicknessFlag                              
20002448  indexBar                                       
2000244c  indexSpace                                     
20002450  maxBar                                         
20002454  maxSpace                                       
20002458  left_enc_obj                                   
20002478  right_enc_obj                                  
20002498  sensor1Config                                  
200024b4  sensor2Config                                  
200024d0  sensor3Config                                  
200024ec  sensor4Config                                  
20002508  left_wheel_PWM_config                          
20002520  right_wheel_PWM_config                         
20002538  up_config                                      
20002550  g_time_ms                                      
20002554  g_b_notch_counting                             
20002558  p_left_encoder                                 
2000255c  p_right_encoder                                
20002560  __TI_ft_end                                    
20002564  __aeabi_stdin                                  
20002568  __aeabi_stdout                                 
2000256c  __aeabi_stderr                                 
20002570  __TI_cleanup_ptr                               
20002574  __TI_dtors_ptr                                 
20002578  __TI_enable_exit_profile_output                
2000257c  car                                            
20002588  humpData                                       
2000258c  barCodeData                                    
20002590  carDirection                                   
20002594  _lock                                          
20002598  _unlock                                        
200025a4  g_inputCounter                                 
200025a8  g_inputY                                       
200025ae  g_counter                                      
200025b0  g_left_counter                                 
200025b2  g_right_counter                                
200025b8  errno                                          
200025bc  SystemCoreClock                                
200025c0  __CIOBUF_                                      
200026e0  __TI_tmpnams                                   
20002780  firstChar                                      
200027a8  thirdChar                                      
200027d0  secondChar                                     
200027f4  latestSensorDistances                          
2000280c  g_userInput                                    
20002814  parmbuf                                        
2000281c  avCulmulative                                  
20002820  average                                        
20002824  carCurrentPosition                             
20002828  currentInt                                     
2000282c  currentascii                                   
20002830  emaQueue                                       
20002834  g_inputX                                       
20002838  max                                            
2000283c  sensor1InterruptCount                          
20002840  smaQueue                                       
20002844  threshold                                      
2000fe00  __stack                                        
20010000  __STACK_END                                    
4000480c  WDTCTL_SYM                                     
ffffffff  __TI_pprof_out_hndl                            
ffffffff  __TI_prof_data_size                            
ffffffff  __TI_prof_data_start                           
ffffffff  __binit__                                      
ffffffff  __c_args__                                     
ffffffff  binit                                          
UNDEFED   __mpu_init                                     
UNDEFED   _system_post_cinit                             

[537 symbols]
