******************************************************************************
                  TI ARM Linker PC v18.12.4                    
******************************************************************************
>> Linked Thu Sep  8 15:20:16 2022

OUTPUT FILE NAME:   <lab2.out>
ENTRY POINT SYMBOL: "_c_int00_noargs"  address: 000006f5


MEMORY CONFIGURATION

         name            origin    length      used     unused   attr    fill
----------------------  --------  ---------  --------  --------  ----  --------
  MAIN                  00000000   00040000  000007d8  0003f828  R  X
  INFO                  00200000   00004000  00000000  00004000  R  X
  SRAM_CODE             01000000   00010000  00000000  00010000  RW X
  SRAM_DATA             20000000   00010000  00000234  0000fdcc  RW  


SEGMENT ALLOCATION MAP

run origin  load origin   length   init length attrs members
----------  ----------- ---------- ----------- ----- -------
00000000    00000000    000007d8   000007d8    r-x
  00000000    00000000    00000140   00000140    r-- .intvecs
  00000140    00000140    00000658   00000658    r-x .text
  00000798    00000798    00000040   00000040    r-- .cinit
20000000    20000000    00000034   00000000    rw-
  20000000    20000000    00000034   00000000    rw- .data
2000fe00    2000fe00    00000200   00000000    rw-
  2000fe00    2000fe00    00000200   00000000    rw- .stack


SECTION ALLOCATION MAP

 output                                  attributes/
section   page    origin      length       input sections
--------  ----  ----------  ----------   ----------------
.intvecs   0    00000000    00000140     
                  00000000    00000140     startup_msp432p401r_ccs.obj (.intvecs:retain)

.text      0    00000140    00000658     
                  00000140    00000328     system_msp432p401r.obj (.text)
                  00000468    00000144     gpio_toggle_output.obj (.text)
                  000005ac    0000009c     rtsv7M4_T_le_v4SPD16_eabi.lib : memcpy_t2.asm.obj (.text)
                  00000648    00000068                                   : copy_decompress_lzss.c.obj (.text:decompress:lzss:__TI_decompress_lzss)
                  000006b0    00000044                                   : autoinit.c.obj (.text:__TI_auto_init_nobinit_nopinit:__TI_auto_init_nobinit_nopinit)
                  000006f4    00000034                                   : boot_cortex_m.c.obj (.text:_c_int00_noargs:_c_int00_noargs)
                  00000728    00000030     msp432p4xx_driverlib.lib : gpio.o (.text:GPIO_setAsInputPinWithPullUpResistor)
                  00000758    00000018                              : gpio.o (.text:GPIO_getInputPinValue)
                  00000770    00000012     startup_msp432p401r_ccs.obj (.text)
                  00000782    0000000e     rtsv7M4_T_le_v4SPD16_eabi.lib : copy_decompress_none.c.obj (.text:decompress:none:__TI_decompress_none)
                  00000790    00000004                                   : pre_init.c.obj (.text:_system_pre_init)
                  00000794    00000004                                   : exit.c.obj (.text:abort:abort)

.cinit     0    00000798    00000040     
                  00000798    0000002f     (.cinit..data.load) [load image, compression = lzss]
                  000007c7    00000001     --HOLE-- [fill = 0]
                  000007c8    00000008     (__TI_handler_table)
                  000007d0    00000008     (__TI_cinit_table)

.init_array 
*          0    00000000    00000000     UNINITIALIZED

.data      0    20000000    00000034     UNINITIALIZED
                  20000000    00000030     msp432p4xx_driverlib.lib : gpio.o (.data:GPIO_PORT_TO_BASE)
                  20000030    00000004     system_msp432p401r.obj (.data)

.stack     0    2000fe00    00000200     UNINITIALIZED
                  2000fe00    00000004     rtsv7M4_T_le_v4SPD16_eabi.lib : boot_cortex_m.c.obj (.stack)
                  2000fe04    000001fc     --HOLE--

MODULE SUMMARY

       Module                        code   ro data   rw data
       ------                        ----   -------   -------
    .\
       system_msp432p401r.obj        808    0         4      
       startup_msp432p401r_ccs.obj   18     320       0      
       gpio_toggle_output.obj        324    0         0      
    +--+-----------------------------+------+---------+---------+
       Total:                        1150   320       4      
                                                             
    C:/Users/loowe/Desktop/University/Modules/ICT 2104/Documents/msp432_driverlib_3_21_00_05/driverlib/MSP432P4xx/ccs/msp432p4xx_driverlib.lib
       gpio.o                        72     0         48     
    +--+-----------------------------+------+---------+---------+
       Total:                        72     0         48     
                                                             
    C:\ti\ccs930\ccs\tools\compiler\ti-cgt-arm_18.12.4.LTS\lib\rtsv7M4_T_le_v4SPD16_eabi.lib
       memcpy_t2.asm.obj             156    0         0      
       copy_decompress_lzss.c.obj    104    0         0      
       autoinit.c.obj                68     0         0      
       boot_cortex_m.c.obj           52     0         0      
       copy_decompress_none.c.obj    14     0         0      
       exit.c.obj                    4      0         0      
       pre_init.c.obj                4      0         0      
    +--+-----------------------------+------+---------+---------+
       Total:                        402    0         0      
                                                             
       Stack:                        0      0         512    
       Linker Generated:             0      63        0      
    +--+-----------------------------+------+---------+---------+
       Grand Total:                  1624   383       564    


LINKER GENERATED COPY TABLES

__TI_cinit_table @ 000007d0 records: 1, size/record: 8, table size: 8
	.data: load addr=00000798, load size=0000002f bytes, run addr=20000000, run size=00000034 bytes, compression=lzss


LINKER GENERATED HANDLER TABLE

__TI_handler_table @ 000007c8 records: 2, size/record: 4, table size: 8
	index: 0, handler: __TI_decompress_lzss
	index: 1, handler: __TI_decompress_none


GLOBAL SYMBOLS: SORTED ALPHABETICALLY BY Name 

address   name                                
-------   ----                                
00000795  C$$EXIT                             
00000759  GPIO_getInputPinValue               
00000729  GPIO_setAsInputPinWithPullUpResistor
20000030  SystemCoreClock                     
00000141  SystemCoreClockUpdate               
000003b5  SystemInit                          
4000480c  WDTCTL_SYM                          
20010000  __STACK_END                         
00000200  __STACK_SIZE                        
000007d0  __TI_CINIT_Base                     
000007d8  __TI_CINIT_Limit                    
000007c8  __TI_Handler_Table_Base             
000007d0  __TI_Handler_Table_Limit            
000006b1  __TI_auto_init_nobinit_nopinit      
00000649  __TI_decompress_lzss                
00000783  __TI_decompress_none                
ffffffff  __TI_pprof_out_hndl                 
ffffffff  __TI_prof_data_size                 
ffffffff  __TI_prof_data_start                
00000000  __TI_static_base__                  
000005ad  __aeabi_memcpy                      
000005ad  __aeabi_memcpy4                     
000005ad  __aeabi_memcpy8                     
ffffffff  __binit__                           
ffffffff  __c_args__                          
UNDEFED   __mpu_init                          
2000fe00  __stack                             
000006f5  _c_int00_noargs                     
UNDEFED   _system_post_cinit                  
00000791  _system_pre_init                    
00000795  abort                               
ffffffff  binit                               
00000000  interruptVectors                    
00000469  main                                
000005ad  memcpy                              


GLOBAL SYMBOLS: SORTED BY Symbol Address 

address   name                                
-------   ----                                
00000000  __TI_static_base__                  
00000000  interruptVectors                    
00000141  SystemCoreClockUpdate               
00000200  __STACK_SIZE                        
000003b5  SystemInit                          
00000469  main                                
000005ad  __aeabi_memcpy                      
000005ad  __aeabi_memcpy4                     
000005ad  __aeabi_memcpy8                     
000005ad  memcpy                              
00000649  __TI_decompress_lzss                
000006b1  __TI_auto_init_nobinit_nopinit      
000006f5  _c_int00_noargs                     
00000729  GPIO_setAsInputPinWithPullUpResistor
00000759  GPIO_getInputPinValue               
00000783  __TI_decompress_none                
00000791  _system_pre_init                    
00000795  C$$EXIT                             
00000795  abort                               
000007c8  __TI_Handler_Table_Base             
000007d0  __TI_CINIT_Base                     
000007d0  __TI_Handler_Table_Limit            
000007d8  __TI_CINIT_Limit                    
20000030  SystemCoreClock                     
2000fe00  __stack                             
20010000  __STACK_END                         
4000480c  WDTCTL_SYM                          
ffffffff  __TI_pprof_out_hndl                 
ffffffff  __TI_prof_data_size                 
ffffffff  __TI_prof_data_start                
ffffffff  __binit__                           
ffffffff  __c_args__                          
ffffffff  binit                               
UNDEFED   __mpu_init                          
UNDEFED   _system_post_cinit                  

[35 symbols]
