******************************************************************************
                  TI ARM Linker PC v18.12.4                    
******************************************************************************
>> Linked Thu Sep 15 14:53:03 2022

OUTPUT FILE NAME:   <lab3.out>
ENTRY POINT SYMBOL: "_c_int00_noargs"  address: 000031a5


MEMORY CONFIGURATION

         name            origin    length      used     unused   attr    fill
----------------------  --------  ---------  --------  --------  ----  --------
  MAIN                  00000000   00040000  000037a4  0003c85c  R  X
  INFO                  00200000   00004000  00000000  00004000  R  X
  SRAM_CODE             01000000   00010000  00000000  00010000  RW X
  SRAM_DATA             20000000   00010000  00000de4  0000f21c  RW  


SEGMENT ALLOCATION MAP

run origin  load origin   length   init length attrs members
----------  ----------- ---------- ----------- ----- -------
00000000    00000000    000037a8   000037a8    r-x
  00000000    00000000    00000140   00000140    r-- .intvecs
  00000140    00000140    00003468   00003468    r-x .text
  000035a8    000035a8    00000144   00000144    r-- .const
  000036f0    000036f0    000000b8   000000b8    r-- .cinit
20000000    20000000    00000be4   00000000    rw-
  20000000    20000000    00000800   00000000    rw- .sysmem
  20000800    20000800    0000021c   00000000    rw- .data
  20000a1c    20000a1c    000001c8   00000000    rw- .bss
2000fe00    2000fe00    00000200   00000000    rw-
  2000fe00    2000fe00    00000200   00000000    rw- .stack


SECTION ALLOCATION MAP

 output                                  attributes/
section   page    origin      length       input sections
--------  ----  ----------  ----------   ----------------
.intvecs   0    00000000    00000140     
                  00000000    00000140     startup_msp432p401r_ccs.obj (.intvecs:retain)

.text      0    00000140    00003468     
                  00000140    00000a4e     rtsv7M4_T_le_v4SPD16_eabi.lib : _printfi.c.obj (.text:__TI_printfi)
                  00000b8e    00000002                                   : _lock.c.obj (.text:_nop)
                  00000b90    00000328     system_msp432p401r.obj (.text)
                  00000eb8    00000270     rtsv7M4_T_le_v4SPD16_eabi.lib : _printfi.c.obj (.text:_pconv_a)
                  00001128    000001d0                                   : _printfi.c.obj (.text:_pconv_g)
                  000012f8    000001b6                                   : fd_add_t2.asm.obj (.text)
                  000014ae    000001a0     msp432p4xx_driverlib.lib : pcm.o (.text:__PCM_setPowerStateAdvanced)
                  0000164e    00000002     rtsv7M4_T_le_v4SPD16_eabi.lib : div0.asm.obj (.text)
                  00001650    0000013c                                   : _printfi.c.obj (.text:_pconv_e)
                  0000178c    00000136                                   : fd_div_t2.asm.obj (.text)
                  000018c2    00000002     --HOLE-- [fill = 0]
                  000018c4    00000130     gpio_toggle_output.obj (.text)
                  000019f4    00000124     rtsv7M4_T_le_v4SPD16_eabi.lib : _printfi.c.obj (.text:fcvt)
                  00001b18    00000118                                   : memory.c.obj (.text:aligned_alloc)
                  00001c30    00000114                                   : fputs.c.obj (.text:fputs)
                  00001d44    00000110                                   : s_scalbn.c.obj (.text:scalbn)
                  00001e54    000000fc                                   : fd_mul_t2.asm.obj (.text)
                  00001f50    000000e4                                   : memory.c.obj (.text:free)
                  00002034    000000dc     msp432p4xx_driverlib.lib : pcm.o (.text:__PCM_setPowerModeAdvanced)
                  00002110    000000dc     rtsv7M4_T_le_v4SPD16_eabi.lib : setvbuf.c.obj (.text:setvbuf)
                  000021ec    000000b1                                   : _printfi.c.obj (.text:_ltostr)
                  0000229d    00000003     --HOLE-- [fill = 0]
                  000022a0    000000b0     msp432p4xx_driverlib.lib : pcm.o (.text:__PCM_setCoreVoltageLevelAdvanced)
                  00002350    0000009c     rtsv7M4_T_le_v4SPD16_eabi.lib : memcpy_t2.asm.obj (.text)
                  000023ec    00000096                                   : ull_div_t2.asm.obj (.text)
                  00002482    00000002     --HOLE-- [fill = 0]
                  00002484    0000008c                                   : fputc.c.obj (.text:fputc)
                  00002510    00000086                                   : fd_cmp_t2.asm.obj (.text:__aeabi_cdcmple)
                  00002596    00000086                                   : fd_cmp_t2.asm.obj (.text:__aeabi_cdrcmple)
                  0000261c    0000007c     msp432p4xx_driverlib.lib : pcm.o (.text:PCM_gotoLPM3)
                  00002698    0000007a     rtsv7M4_T_le_v4SPD16_eabi.lib : memset_t2.asm.obj (.text)
                  00002712    00000002     --HOLE-- [fill = 0]
                  00002714    00000074                                   : fclose.c.obj (.text:__TI_closefile)
                  00002788    00000070                                   : memory.c.obj (.text:split)
                  000027f8    0000006e                                   : _printfi.c.obj (.text:_mcpy)
                  00002866    00000002     --HOLE-- [fill = 0]
                  00002868    0000006c                                   : hostrename.c.obj (.text:HOSTrename)
                  000028d4    00000068                                   : hostlseek.c.obj (.text:HOSTlseek)
                  0000293c    00000068                                   : copy_decompress_lzss.c.obj (.text:decompress:lzss:__TI_decompress_lzss)
                  000029a4    00000068                                   : printf.c.obj (.text:printf)
                  00002a0c    00000064     msp432p4xx_driverlib.lib : interrupt.o (.text:Interrupt_enableInterrupt)
                  00002a70    00000064     rtsv7M4_T_le_v4SPD16_eabi.lib : s_frexp.c.obj (.text:frexp)
                  00002ad4    00000064                                   : fseek.c.obj (.text:fseek)
                  00002b38    00000062                                   : _io_perm.c.obj (.text:__TI_wrt_ok)
                  00002b9a    00000002     --HOLE-- [fill = 0]
                  00002b9c    00000060                                   : hostopen.c.obj (.text:HOSTopen)
                  00002bfc    0000005c                                   : close.c.obj (.text:close)
                  00002c58    00000058                                   : hostread.c.obj (.text:HOSTread)
                  00002cb0    00000058                                   : hostwrite.c.obj (.text:HOSTwrite)
                  00002d08    00000056                                   : _printfi.c.obj (.text:_pconv_f)
                  00002d5e    00000054                                   : ltoa.c.obj (.text:ltoa)
                  00002db2    00000052                                   : _printfi.c.obj (.text:_ecpy)
                  00002e04    00000050     msp432p4xx_driverlib.lib : pcm.o (.text:PCM_shutdownDevice)
                  00002e54    0000004c     rtsv7M4_T_le_v4SPD16_eabi.lib : fflush.c.obj (.text:__TI_doflush)
                  00002ea0    0000004c                                   : atoi.c.obj (.text:atoi)
                  00002eec    00000048                                   : exit.c.obj (.text:exit)
                  00002f34    00000048                                   : fd_toi_t2.asm.obj (.text)
                  00002f7c    00000044                                   : hostclose.c.obj (.text:HOSTclose)
                  00002fc0    00000044                                   : hostunlink.c.obj (.text:HOSTunlink)
                  00003004    00000044                                   : autoinit.c.obj (.text:__TI_auto_init_nobinit_nopinit:__TI_auto_init_nobinit_nopinit)
                  00003048    00000044                                   : getdevice.c.obj (.text:getdevice)
                  0000308c    0000003e                                   : _printfi.c.obj (.text:_fcpy)
                  000030ca    00000002     --HOLE-- [fill = 0]
                  000030cc    00000038                                   : trgmsg.c.obj (.text:__TI_writemsg)
                  00003104    00000036                                   : strncpy.c.obj (.text:strncpy)
                  0000313a    00000002     --HOLE-- [fill = 0]
                  0000313c    00000034                                   : fopen.c.obj (.text:__TI_cleanup)
                  00003170    00000034                                   : trgmsg.c.obj (.text:__TI_readmsg)
                  000031a4    00000034                                   : boot_cortex_m.c.obj (.text:_c_int00_noargs:_c_int00_noargs)
                  000031d8    00000030     msp432p4xx_driverlib.lib : gpio.o (.text:GPIO_getEnabledInterruptStatus)
                  00003208    00000030                              : gpio.o (.text:GPIO_setAsInputPinWithPullUpResistor)
                  00003238    00000030     rtsv7M4_T_le_v4SPD16_eabi.lib : getdevice.c.obj (.text:finddevice)
                  00003268    0000002e                                   : i_tofd_t2.asm.obj (.text)
                  00003296    0000002c     msp432p4xx_driverlib.lib : pcm.o (.text:PCM_getCoreVoltageLevel)
                  000032c2    00000002     --HOLE-- [fill = 0]
                  000032c4    0000002c     rtsv7M4_T_le_v4SPD16_eabi.lib : unlink.c.obj (.text:unlink)
                  000032f0    0000002a     msp432p4xx_driverlib.lib : pcm.o (.text:PCM_getPowerMode)
                  0000331a    00000002     --HOLE-- [fill = 0]
                  0000331c    00000028                              : pcm.o (.text:PCM_gotoLPM0)
                  00003344    00000028     rtsv7M4_T_le_v4SPD16_eabi.lib : memory.c.obj (.text:free_list_insert)
                  0000336c    00000028                                   : lseek.c.obj (.text:lseek)
                  00003394    00000028                                   : write.c.obj (.text:write)
                  000033bc    00000024     msp432p4xx_driverlib.lib : rtc_c.o (.text:RTC_C_holdClock)
                  000033e0    00000020     rtsv7M4_T_le_v4SPD16_eabi.lib : memchr.c.obj (.text:memchr)
                  00003400    0000001c                                   : copy_zero_init.c.obj (.text:decompress:ZI:__TI_zero_init_nomemset:__TI_zero_init_nomemset)
                  0000341c    0000001c                                   : memory.c.obj (.text:free_list_remove)
                  00003438    0000001c                                   : memccpy.c.obj (.text:memccpy)
                  00003454    0000001a                                   : s_copysign.c.obj (.text:copysign)
                  0000346e    00000002     --HOLE-- [fill = 0]
                  00003470    00000018     msp432p4xx_driverlib.lib : gpio.o (.text:GPIO_clearInterruptFlag)
                  00003488    00000018                              : wdt_a.o (.text:WDT_A_holdTimer)
                  000034a0    00000018     rtsv7M4_T_le_v4SPD16_eabi.lib : strcmp.c.obj (.text:strcmp)
                  000034b8    00000016                                   : strchr.c.obj (.text:strchr)
                  000034ce    00000014                                   : strcpy.c.obj (.text:strcpy)
                  000034e2    00000014                                   : strlen.c.obj (.text:strlen)
                  000034f6    00000012     startup_msp432p401r_ccs.obj (.text)
                  00003508    00000012     rtsv7M4_T_le_v4SPD16_eabi.lib : wcslen.c.obj (.text:wcslen)
                  0000351a    00000002     --HOLE-- [fill = 0]
                  0000351c    00000010     msp432p4xx_driverlib.lib : gpio.o (.text:GPIO_getInterruptStatus)
                  0000352c    00000010                              : interrupt.o (.text:Interrupt_enableMaster)
                  0000353c    00000010                              : pcm.o (.text:PCM_gotoLPM4)
                  0000354c    0000000e     rtsv7M4_T_le_v4SPD16_eabi.lib : copy_decompress_none.c.obj (.text:decompress:none:__TI_decompress_none)
                  0000355a    0000000c     msp432p4xx_driverlib.lib : cpu.o (.text:CPU_cpsie)
                  00003566    00000002     --HOLE-- [fill = 0]
                  00003568    0000000c                              : pcm.o (.text:PCM_getPowerState)
                  00003574    00000008                              : pcm.o (.text:PCM_setPowerMode)
                  0000357c    00000008                              : pcm.o (.text:PCM_setPowerState)
                  00003584    00000008     rtsv7M4_T_le_v4SPD16_eabi.lib : errno.c.obj (.text:__aeabi_errno_addr)
                  0000358c    00000008                                   : memory.c.obj (.text:malloc)
                  00003594    00000004     msp432p4xx_driverlib.lib : cpu.o (.text:CPU_wfi)
                  00003598    00000004     rtsv7M4_T_le_v4SPD16_eabi.lib : printf.c.obj (.text:_outc)
                  0000359c    00000004                                   : printf.c.obj (.text:_outs)
                  000035a0    00000004                                   : pre_init.c.obj (.text:_system_pre_init)
                  000035a4    00000004                                   : exit.c.obj (.text:abort:abort)

.const     0    000035a8    00000144     
                  000035a8    00000101     rtsv7M4_T_le_v4SPD16_eabi.lib : ctype.c.obj (.const:.string:_ctypes_)
                  000036a9    00000003     --HOLE-- [fill = 0]
                  000036ac    00000040     msp432p4xx_driverlib.lib : interrupt.o (.const)

.cinit     0    000036f0    000000b8     
                  000036f0    00000091     (.cinit..data.load) [load image, compression = lzss]
                  00003781    00000003     --HOLE-- [fill = 0]
                  00003784    0000000c     (__TI_handler_table)
                  00003790    00000008     (.cinit..bss.load) [load image, compression = zero_init]
                  00003798    00000010     (__TI_cinit_table)

.init_array 
*          0    00000000    00000000     UNINITIALIZED

.sysmem    0    20000000    00000800     UNINITIALIZED
                  20000000    00000010     rtsv7M4_T_le_v4SPD16_eabi.lib : memory.c.obj (.sysmem)
                  20000010    000007f0     --HOLE--

.data      0    20000800    0000021c     UNINITIALIZED
                  20000800    000000f0     rtsv7M4_T_le_v4SPD16_eabi.lib : defs.c.obj (.data:_ftable)
                  200008f0    00000078                                   : host_device.c.obj (.data:_device)
                  20000968    00000050                                   : host_device.c.obj (.data:_stream)
                  200009b8    00000030     msp432p4xx_driverlib.lib : gpio.o (.data:GPIO_PORT_TO_BASE)
                  200009e8    00000010     rtsv7M4_T_le_v4SPD16_eabi.lib : defs.c.obj (.data)
                  200009f8    0000000c                                   : exit.c.obj (.data:$O1$$)
                  20000a04    00000008                                   : _lock.c.obj (.data:$O1$$)
                  20000a0c    00000008                                   : memory.c.obj (.data:$O1$$)
                  20000a14    00000004                                   : errno.c.obj (.data)
                  20000a18    00000004     system_msp432p401r.obj (.data)

.bss       0    20000a1c    000001c8     UNINITIALIZED
                  20000a1c    00000120     rtsv7M4_T_le_v4SPD16_eabi.lib : trgmsg.c.obj (.bss:_CIOBUF_)
                  20000b3c    000000a0     (.common:__TI_tmpnams)
                  20000bdc    00000008     (.common:parmbuf)

.stack     0    2000fe00    00000200     UNINITIALIZED
                  2000fe00    00000004     rtsv7M4_T_le_v4SPD16_eabi.lib : boot_cortex_m.c.obj (.stack)
                  2000fe04    000001fc     --HOLE--

MODULE SUMMARY

       Module                        code    ro data   rw data
       ------                        ----    -------   -------
    .\
       system_msp432p401r.obj        808     0         4      
       startup_msp432p401r_ccs.obj   18      320       0      
       gpio_toggle_output.obj        304     0         0      
    +--+-----------------------------+-------+---------+---------+
       Total:                        1130    320       4      
                                                              
    C:/Users/loowe/Desktop/University/Modules/ICT 2104/Documents/msp432_driverlib_3_21_00_05/driverlib/MSP432P4xx/ccs/msp432p4xx_driverlib.lib
       pcm.o                         1186    0         0      
       gpio.o                        136     0         48     
       interrupt.o                   116     64        0      
       rtc_c.o                       36      0         0      
       wdt_a.o                       24      0         0      
       cpu.o                         16      0         0      
    +--+-----------------------------+-------+---------+---------+
       Total:                        1514    64        48     
                                                              
    C:\ti\ccs930\ccs\tools\compiler\ti-cgt-arm_18.12.4.LTS\lib\rtsv7M4_T_le_v4SPD16_eabi.lib
       _printfi.c.obj                4851    0         0      
       memory.c.obj                  696     0         8      
       fd_add_t2.asm.obj             438     0         0      
       defs.c.obj                    0       0         416    
       trgmsg.c.obj                  108     0         288    
       fd_div_t2.asm.obj             310     0         0      
       fputs.c.obj                   276     0         0      
       s_scalbn.c.obj                272     0         0      
       fd_cmp_t2.asm.obj             268     0         0      
       ctype.c.obj                   0       257       0      
       fd_mul_t2.asm.obj             252     0         0      
       setvbuf.c.obj                 220     0         0      
       host_device.c.obj             0       0         200    
       memcpy_t2.asm.obj             156     0         0      
       ull_div_t2.asm.obj            150     0         0      
       fputc.c.obj                   140     0         0      
       memset_t2.asm.obj             122     0         0      
       fclose.c.obj                  116     0         0      
       getdevice.c.obj               116     0         0      
       printf.c.obj                  112     0         0      
       hostrename.c.obj              108     0         0      
       copy_decompress_lzss.c.obj    104     0         0      
       hostlseek.c.obj               104     0         0      
       hostopen.c.obj                96      0         8      
       fseek.c.obj                   100     0         0      
       s_frexp.c.obj                 100     0         0      
       _io_perm.c.obj                98      0         0      
       close.c.obj                   92      0         0      
       exit.c.obj                    76      0         12     
       hostread.c.obj                88      0         0      
       hostwrite.c.obj               88      0         0      
       ltoa.c.obj                    84      0         0      
       atoi.c.obj                    76      0         0      
       fflush.c.obj                  76      0         0      
       fd_toi_t2.asm.obj             72      0         0      
       autoinit.c.obj                68      0         0      
       hostclose.c.obj               68      0         0      
       hostunlink.c.obj              68      0         0      
       strncpy.c.obj                 54      0         0      
       boot_cortex_m.c.obj           52      0         0      
       fopen.c.obj                   52      0         0      
       i_tofd_t2.asm.obj             46      0         0      
       unlink.c.obj                  44      0         0      
       lseek.c.obj                   40      0         0      
       write.c.obj                   40      0         0      
       memchr.c.obj                  32      0         0      
       copy_zero_init.c.obj          28      0         0      
       memccpy.c.obj                 28      0         0      
       s_copysign.c.obj              26      0         0      
       strcmp.c.obj                  24      0         0      
       strchr.c.obj                  22      0         0      
       strcpy.c.obj                  20      0         0      
       strlen.c.obj                  20      0         0      
       wcslen.c.obj                  18      0         0      
       copy_decompress_none.c.obj    14      0         0      
       errno.c.obj                   8       0         4      
       _lock.c.obj                   2       0         8      
       pre_init.c.obj                4       0         0      
       div0.asm.obj                  2       0         0      
    +--+-----------------------------+-------+---------+---------+
       Total:                        10745   257       944    
                                                              
       Heap:                         0       0         2048   
       Stack:                        0       0         512    
       Linker Generated:             0       181       0      
    +--+-----------------------------+-------+---------+---------+
       Grand Total:                  13389   822       3556   


LINKER GENERATED COPY TABLES

__TI_cinit_table @ 00003798 records: 2, size/record: 8, table size: 16
	.data: load addr=000036f0, load size=00000091 bytes, run addr=20000800, run size=0000021c bytes, compression=lzss
	.bss: load addr=00003790, load size=00000008 bytes, run addr=20000a1c, run size=000001c8 bytes, compression=zero_init


LINKER GENERATED HANDLER TABLE

__TI_handler_table @ 00003784 records: 3, size/record: 4, table size: 12
	index: 0, handler: __TI_decompress_lzss
	index: 1, handler: __TI_decompress_none
	index: 2, handler: __TI_zero_init


GLOBAL SYMBOLS: SORTED ALPHABETICALLY BY Name 

address   name                                
-------   ----                                
000035a5  C$$EXIT                             
000030fb  C$$IO$$                             
0000355b  CPU_cpsie                           
00003595  CPU_wfi                             
00003471  GPIO_clearInterruptFlag             
000031d9  GPIO_getEnabledInterruptStatus      
0000351d  GPIO_getInterruptStatus             
00003209  GPIO_setAsInputPinWithPullUpResistor
00002f7d  HOSTclose                           
000028d5  HOSTlseek                           
00002b9d  HOSTopen                            
00002c59  HOSTread                            
00002869  HOSTrename                          
00002fc1  HOSTunlink                          
00002cb1  HOSTwrite                           
00002a0d  Interrupt_enableInterrupt           
0000352d  Interrupt_enableMaster              
00003297  PCM_getCoreVoltageLevel             
000032f1  PCM_getPowerMode                    
00003569  PCM_getPowerState                   
0000331d  PCM_gotoLPM0                        
0000261d  PCM_gotoLPM3                        
0000353d  PCM_gotoLPM4                        
00003575  PCM_setPowerMode                    
0000357d  PCM_setPowerState                   
00002e05  PCM_shutdownDevice                  
00001985  PORT1_IRQHandler                    
000033bd  RTC_C_holdClock                     
20000a18  SystemCoreClock                     
00000b91  SystemCoreClockUpdate               
00000e05  SystemInit                          
4000480c  WDTCTL_SYM                          
00003489  WDT_A_holdTimer                     
20000a1c  __CIOBUF_                           
20010000  __STACK_END                         
00000200  __STACK_SIZE                        
00000800  __SYSMEM_SIZE                       
00003798  __TI_CINIT_Base                     
000037a8  __TI_CINIT_Limit                    
00003784  __TI_Handler_Table_Base             
00003790  __TI_Handler_Table_Limit            
00003005  __TI_auto_init_nobinit_nopinit      
0000313d  __TI_cleanup                        
200009f8  __TI_cleanup_ptr                    
00002715  __TI_closefile                      
0000293d  __TI_decompress_lzss                
0000354d  __TI_decompress_none                
00002e55  __TI_doflush                        
200009fc  __TI_dtors_ptr                      
20000a00  __TI_enable_exit_profile_output     
200009e8  __TI_ft_end                         
ffffffff  __TI_pprof_out_hndl                 
00000141  __TI_printfi                        
ffffffff  __TI_prof_data_size                 
ffffffff  __TI_prof_data_start                
00003171  __TI_readmsg                        
00000000  __TI_static_base__                  
20000b3c  __TI_tmpnams                        
000030cd  __TI_writemsg                       
00002b39  __TI_wrt_ok                         
00003401  __TI_zero_init_nomemset             
00002511  __aeabi_cdcmpeq                     
00002511  __aeabi_cdcmple                     
00002597  __aeabi_cdrcmple                    
00002f35  __aeabi_d2iz                        
00001303  __aeabi_dadd                        
0000178d  __aeabi_ddiv                        
00001e55  __aeabi_dmul                        
000012f9  __aeabi_dsub                        
00003585  __aeabi_errno_addr                  
00003269  __aeabi_i2d                         
0000164f  __aeabi_idiv0                       
0000164f  __aeabi_ldiv0                       
00002699  __aeabi_memclr                      
00002699  __aeabi_memclr4                     
00002699  __aeabi_memclr8                     
00002351  __aeabi_memcpy                      
00002351  __aeabi_memcpy4                     
00002351  __aeabi_memcpy8                     
0000269b  __aeabi_memset                      
0000269b  __aeabi_memset4                     
0000269b  __aeabi_memset8                     
200009f4  __aeabi_stderr                      
200009ec  __aeabi_stdin                       
200009f0  __aeabi_stdout                      
000023ed  __aeabi_uldivmod                    
ffffffff  __binit__                           
ffffffff  __c_args__                          
UNDEFED   __mpu_init                          
2000fe00  __stack                             
000031a5  _c_int00_noargs                     
000035a8  _ctypes_                            
200008f0  _device                             
20000800  _ftable                             
20000a04  _lock                               
00000b8f  _nop                                
20000968  _stream                             
20000000  _sys_memory                         
UNDEFED   _system_post_cinit                  
000035a1  _system_pre_init                    
20000a08  _unlock                             
000035a5  abort                               
00001b19  aligned_alloc                       
00002ea1  atoi                                
ffffffff  binit                               
00002bfd  close                               
00003455  copysign                            
00003455  copysignl                           
20000a14  errno                               
00002eed  exit                                
00003239  finddevice                          
00002485  fputc                               
00001c31  fputs                               
00001f51  free                                
00002a71  frexp                               
00002a71  frexpl                              
00002ad5  fseek                               
00003049  getdevice                           
00000000  interruptVectors                    
00001d45  ldexp                               
00001d45  ldexpl                              
0000336d  lseek                               
00002d5f  ltoa                                
000018c5  main                                
0000358d  malloc                              
00001b19  memalign                            
00003439  memccpy                             
000033e1  memchr                              
00002351  memcpy                              
000026a1  memset                              
20000bdc  parmbuf                             
000029a5  printf                              
00002485  putc                                
000032c5  remove                              
00001d45  scalbn                              
00001d45  scalbnl                             
00002111  setvbuf                             
000034b9  strchr                              
000034a1  strcmp                              
000034cf  strcpy                              
000034e3  strlen                              
00003105  strncpy                             
000032c5  unlink                              
00003509  wcslen                              
00003395  write                               


GLOBAL SYMBOLS: SORTED BY Symbol Address 

address   name                                
-------   ----                                
00000000  __TI_static_base__                  
00000000  interruptVectors                    
00000141  __TI_printfi                        
00000200  __STACK_SIZE                        
00000800  __SYSMEM_SIZE                       
00000b8f  _nop                                
00000b91  SystemCoreClockUpdate               
00000e05  SystemInit                          
000012f9  __aeabi_dsub                        
00001303  __aeabi_dadd                        
0000164f  __aeabi_idiv0                       
0000164f  __aeabi_ldiv0                       
0000178d  __aeabi_ddiv                        
000018c5  main                                
00001985  PORT1_IRQHandler                    
00001b19  aligned_alloc                       
00001b19  memalign                            
00001c31  fputs                               
00001d45  ldexp                               
00001d45  ldexpl                              
00001d45  scalbn                              
00001d45  scalbnl                             
00001e55  __aeabi_dmul                        
00001f51  free                                
00002111  setvbuf                             
00002351  __aeabi_memcpy                      
00002351  __aeabi_memcpy4                     
00002351  __aeabi_memcpy8                     
00002351  memcpy                              
000023ed  __aeabi_uldivmod                    
00002485  fputc                               
00002485  putc                                
00002511  __aeabi_cdcmpeq                     
00002511  __aeabi_cdcmple                     
00002597  __aeabi_cdrcmple                    
0000261d  PCM_gotoLPM3                        
00002699  __aeabi_memclr                      
00002699  __aeabi_memclr4                     
00002699  __aeabi_memclr8                     
0000269b  __aeabi_memset                      
0000269b  __aeabi_memset4                     
0000269b  __aeabi_memset8                     
000026a1  memset                              
00002715  __TI_closefile                      
00002869  HOSTrename                          
000028d5  HOSTlseek                           
0000293d  __TI_decompress_lzss                
000029a5  printf                              
00002a0d  Interrupt_enableInterrupt           
00002a71  frexp                               
00002a71  frexpl                              
00002ad5  fseek                               
00002b39  __TI_wrt_ok                         
00002b9d  HOSTopen                            
00002bfd  close                               
00002c59  HOSTread                            
00002cb1  HOSTwrite                           
00002d5f  ltoa                                
00002e05  PCM_shutdownDevice                  
00002e55  __TI_doflush                        
00002ea1  atoi                                
00002eed  exit                                
00002f35  __aeabi_d2iz                        
00002f7d  HOSTclose                           
00002fc1  HOSTunlink                          
00003005  __TI_auto_init_nobinit_nopinit      
00003049  getdevice                           
000030cd  __TI_writemsg                       
000030fb  C$$IO$$                             
00003105  strncpy                             
0000313d  __TI_cleanup                        
00003171  __TI_readmsg                        
000031a5  _c_int00_noargs                     
000031d9  GPIO_getEnabledInterruptStatus      
00003209  GPIO_setAsInputPinWithPullUpResistor
00003239  finddevice                          
00003269  __aeabi_i2d                         
00003297  PCM_getCoreVoltageLevel             
000032c5  remove                              
000032c5  unlink                              
000032f1  PCM_getPowerMode                    
0000331d  PCM_gotoLPM0                        
0000336d  lseek                               
00003395  write                               
000033bd  RTC_C_holdClock                     
000033e1  memchr                              
00003401  __TI_zero_init_nomemset             
00003439  memccpy                             
00003455  copysign                            
00003455  copysignl                           
00003471  GPIO_clearInterruptFlag             
00003489  WDT_A_holdTimer                     
000034a1  strcmp                              
000034b9  strchr                              
000034cf  strcpy                              
000034e3  strlen                              
00003509  wcslen                              
0000351d  GPIO_getInterruptStatus             
0000352d  Interrupt_enableMaster              
0000353d  PCM_gotoLPM4                        
0000354d  __TI_decompress_none                
0000355b  CPU_cpsie                           
00003569  PCM_getPowerState                   
00003575  PCM_setPowerMode                    
0000357d  PCM_setPowerState                   
00003585  __aeabi_errno_addr                  
0000358d  malloc                              
00003595  CPU_wfi                             
000035a1  _system_pre_init                    
000035a5  C$$EXIT                             
000035a5  abort                               
000035a8  _ctypes_                            
00003784  __TI_Handler_Table_Base             
00003790  __TI_Handler_Table_Limit            
00003798  __TI_CINIT_Base                     
000037a8  __TI_CINIT_Limit                    
20000000  _sys_memory                         
20000800  _ftable                             
200008f0  _device                             
20000968  _stream                             
200009e8  __TI_ft_end                         
200009ec  __aeabi_stdin                       
200009f0  __aeabi_stdout                      
200009f4  __aeabi_stderr                      
200009f8  __TI_cleanup_ptr                    
200009fc  __TI_dtors_ptr                      
20000a00  __TI_enable_exit_profile_output     
20000a04  _lock                               
20000a08  _unlock                             
20000a14  errno                               
20000a18  SystemCoreClock                     
20000a1c  __CIOBUF_                           
20000b3c  __TI_tmpnams                        
20000bdc  parmbuf                             
2000fe00  __stack                             
20010000  __STACK_END                         
4000480c  WDTCTL_SYM                          
ffffffff  __TI_pprof_out_hndl                 
ffffffff  __TI_prof_data_size                 
ffffffff  __TI_prof_data_start                
ffffffff  __binit__                           
ffffffff  __c_args__                          
ffffffff  binit                               
UNDEFED   __mpu_init                          
UNDEFED   _system_post_cinit                  

[145 symbols]
