<?xml version="1.0" encoding="ISO-8859-1" ?>
<link_info>
   <banner>TI ARM Linker PC v18.12.4.LTS</banner>
   <copyright>Copyright (c) 1996-2018 Texas Instruments Incorporated</copyright>
   <link_time>0x632abdd6</link_time>
   <link_errors>0x0</link_errors>
   <output_file>lab3.1.out</output_file>
   <entry_point>
      <name>_c_int00_noargs</name>
      <address>0xb31</address>
   </entry_point>
   <input_file_list>
      <input_file id="fl-2">
         <path>.\</path>
         <kind>object</kind>
         <file>gpio_toggle_output.obj</file>
         <name>gpio_toggle_output.obj</name>
      </input_file>
      <input_file id="fl-3">
         <path>.\</path>
         <kind>object</kind>
         <file>startup_msp432p401r_ccs.obj</file>
         <name>startup_msp432p401r_ccs.obj</name>
      </input_file>
      <input_file id="fl-4">
         <path>.\</path>
         <kind>object</kind>
         <file>system_msp432p401r.obj</file>
         <name>system_msp432p401r.obj</name>
      </input_file>
      <input_file id="fl-9">
         <kind>object</kind>
         <file>&lt;internal&gt;</file>
         <name>&lt;internal&gt;</name>
      </input_file>
      <input_file id="fl-a">
         <path>C:\Users\loowe\Desktop\University\Modules\ICT 2104\Documents\msp432_driverlib_3_21_00_05\driverlib\MSP432P4xx\ccs\</path>
         <kind>archive</kind>
         <file>msp432p4xx_driverlib.lib</file>
         <name>gpio.o</name>
      </input_file>
      <input_file id="fl-b">
         <path>C:\Users\loowe\Desktop\University\Modules\ICT 2104\Documents\msp432_driverlib_3_21_00_05\driverlib\MSP432P4xx\ccs\</path>
         <kind>archive</kind>
         <file>msp432p4xx_driverlib.lib</file>
         <name>interrupt.o</name>
      </input_file>
      <input_file id="fl-c">
         <path>C:\Users\loowe\Desktop\University\Modules\ICT 2104\Documents\msp432_driverlib_3_21_00_05\driverlib\MSP432P4xx\ccs\</path>
         <kind>archive</kind>
         <file>msp432p4xx_driverlib.lib</file>
         <name>pcm.o</name>
      </input_file>
      <input_file id="fl-d">
         <path>C:\Users\loowe\Desktop\University\Modules\ICT 2104\Documents\msp432_driverlib_3_21_00_05\driverlib\MSP432P4xx\ccs\</path>
         <kind>archive</kind>
         <file>msp432p4xx_driverlib.lib</file>
         <name>rtc_c.o</name>
      </input_file>
      <input_file id="fl-e">
         <path>C:\Users\loowe\Desktop\University\Modules\ICT 2104\Documents\msp432_driverlib_3_21_00_05\driverlib\MSP432P4xx\ccs\</path>
         <kind>archive</kind>
         <file>msp432p4xx_driverlib.lib</file>
         <name>wdt_a.o</name>
      </input_file>
      <input_file id="fl-f">
         <path>C:\Users\loowe\Desktop\University\Modules\ICT 2104\Documents\msp432_driverlib_3_21_00_05\driverlib\MSP432P4xx\ccs\</path>
         <kind>archive</kind>
         <file>msp432p4xx_driverlib.lib</file>
         <name>cpu.o</name>
      </input_file>
      <input_file id="fl-10">
         <path>C:\Users\loowe\Desktop\University\Modules\ICT 2104\Documents\msp432_driverlib_3_21_00_05\driverlib\MSP432P4xx\ccs\</path>
         <kind>archive</kind>
         <file>msp432p4xx_driverlib.lib</file>
         <name>sysctl.o</name>
      </input_file>
      <input_file id="fl-c6">
         <path>C:\ti\ccs930\ccs\tools\compiler\ti-cgt-arm_18.12.4.LTS\lib\</path>
         <kind>archive</kind>
         <file>rtsv7M4_T_le_v4SPD16_eabi.lib</file>
         <name>copy_zero_init.c.obj</name>
      </input_file>
      <input_file id="fl-c7">
         <path>C:\ti\ccs930\ccs\tools\compiler\ti-cgt-arm_18.12.4.LTS\lib\</path>
         <kind>archive</kind>
         <file>rtsv7M4_T_le_v4SPD16_eabi.lib</file>
         <name>copy_decompress_none.c.obj</name>
      </input_file>
      <input_file id="fl-c8">
         <path>C:\ti\ccs930\ccs\tools\compiler\ti-cgt-arm_18.12.4.LTS\lib\</path>
         <kind>archive</kind>
         <file>rtsv7M4_T_le_v4SPD16_eabi.lib</file>
         <name>copy_decompress_lzss.c.obj</name>
      </input_file>
      <input_file id="fl-c9">
         <path>C:\ti\ccs930\ccs\tools\compiler\ti-cgt-arm_18.12.4.LTS\lib\</path>
         <kind>archive</kind>
         <file>rtsv7M4_T_le_v4SPD16_eabi.lib</file>
         <name>boot_cortex_m.c.obj</name>
      </input_file>
      <input_file id="fl-ca">
         <path>C:\ti\ccs930\ccs\tools\compiler\ti-cgt-arm_18.12.4.LTS\lib\</path>
         <kind>archive</kind>
         <file>rtsv7M4_T_le_v4SPD16_eabi.lib</file>
         <name>memcpy_t2.asm.obj</name>
      </input_file>
      <input_file id="fl-cb">
         <path>C:\ti\ccs930\ccs\tools\compiler\ti-cgt-arm_18.12.4.LTS\lib\</path>
         <kind>archive</kind>
         <file>rtsv7M4_T_le_v4SPD16_eabi.lib</file>
         <name>memset_t2.asm.obj</name>
      </input_file>
      <input_file id="fl-cc">
         <path>C:\ti\ccs930\ccs\tools\compiler\ti-cgt-arm_18.12.4.LTS\lib\</path>
         <kind>archive</kind>
         <file>rtsv7M4_T_le_v4SPD16_eabi.lib</file>
         <name>autoinit.c.obj</name>
      </input_file>
      <input_file id="fl-cd">
         <path>C:\ti\ccs930\ccs\tools\compiler\ti-cgt-arm_18.12.4.LTS\lib\</path>
         <kind>archive</kind>
         <file>rtsv7M4_T_le_v4SPD16_eabi.lib</file>
         <name>pre_init.c.obj</name>
      </input_file>
      <input_file id="fl-ce">
         <path>C:\ti\ccs930\ccs\tools\compiler\ti-cgt-arm_18.12.4.LTS\lib\</path>
         <kind>archive</kind>
         <file>rtsv7M4_T_le_v4SPD16_eabi.lib</file>
         <name>cpy_tbl.c.obj</name>
      </input_file>
      <input_file id="fl-cf">
         <path>C:\ti\ccs930\ccs\tools\compiler\ti-cgt-arm_18.12.4.LTS\lib\</path>
         <kind>archive</kind>
         <file>rtsv7M4_T_le_v4SPD16_eabi.lib</file>
         <name>exit.c.obj</name>
      </input_file>
      <input_file id="fl-d0">
         <path>C:\ti\ccs930\ccs\tools\compiler\ti-cgt-arm_18.12.4.LTS\lib\</path>
         <kind>archive</kind>
         <file>rtsv7M4_T_le_v4SPD16_eabi.lib</file>
         <name>_lock.c.obj</name>
      </input_file>
      <input_file id="fl-d1">
         <path>C:\ti\ccs930\ccs\tools\compiler\ti-cgt-arm_18.12.4.LTS\lib\</path>
         <kind>archive</kind>
         <file>rtsv7M4_T_le_v4SPD16_eabi.lib</file>
         <name>args_main.c.obj</name>
      </input_file>
   </input_file_list>
   <object_component_list>
      <object_component id="oc-1f">
         <name>.intvecs:retain</name>
         <load_address>0x0</load_address>
         <run_address>0x0</run_address>
         <size>0x140</size>
         <input_file_ref idref="fl-3"/>
      </object_component>
      <object_component id="oc-9e">
         <name>.text</name>
         <load_address>0x140</load_address>
         <run_address>0x140</run_address>
         <size>0x328</size>
         <input_file_ref idref="fl-4"/>
      </object_component>
      <object_component id="oc-1c2">
         <name>.text:__PCM_setPowerStateAdvanced</name>
         <load_address>0x468</load_address>
         <run_address>0x468</run_address>
         <size>0x1a0</size>
         <input_file_ref idref="fl-c"/>
      </object_component>
      <object_component id="oc-66">
         <name>.text</name>
         <load_address>0x608</load_address>
         <run_address>0x608</run_address>
         <size>0x124</size>
         <input_file_ref idref="fl-2"/>
      </object_component>
      <object_component id="oc-1ba">
         <name>.text:__PCM_setPowerModeAdvanced</name>
         <load_address>0x72c</load_address>
         <run_address>0x72c</run_address>
         <size>0xdc</size>
         <input_file_ref idref="fl-c"/>
      </object_component>
      <object_component id="oc-1f9">
         <name>.text:__PCM_setCoreVoltageLevelAdvanced</name>
         <load_address>0x808</load_address>
         <run_address>0x808</run_address>
         <size>0xb0</size>
         <input_file_ref idref="fl-c"/>
      </object_component>
      <object_component id="oc-30">
         <name>.text</name>
         <load_address>0x8b8</load_address>
         <run_address>0x8b8</run_address>
         <size>0x9c</size>
         <input_file_ref idref="fl-ca"/>
      </object_component>
      <object_component id="oc-b7">
         <name>.text:PCM_gotoLPM3</name>
         <load_address>0x954</load_address>
         <run_address>0x954</run_address>
         <size>0x7c</size>
         <input_file_ref idref="fl-c"/>
      </object_component>
      <object_component id="oc-10">
         <name>.text:decompress:lzss:__TI_decompress_lzss</name>
         <load_address>0x9d0</load_address>
         <run_address>0x9d0</run_address>
         <size>0x68</size>
         <input_file_ref idref="fl-c8"/>
      </object_component>
      <object_component id="oc-ab">
         <name>.text:Interrupt_enableInterrupt</name>
         <load_address>0xa38</load_address>
         <run_address>0xa38</run_address>
         <size>0x64</size>
         <input_file_ref idref="fl-b"/>
      </object_component>
      <object_component id="oc-1f3">
         <name>.text:PCM_shutdownDevice</name>
         <load_address>0xa9c</load_address>
         <run_address>0xa9c</run_address>
         <size>0x50</size>
         <input_file_ref idref="fl-c"/>
      </object_component>
      <object_component id="oc-fd">
         <name>.text:__TI_auto_init_nobinit_nopinit:__TI_auto_init_nobinit_nopinit</name>
         <load_address>0xaec</load_address>
         <run_address>0xaec</run_address>
         <size>0x44</size>
         <input_file_ref idref="fl-cc"/>
      </object_component>
      <object_component id="oc-4e">
         <name>.text:_c_int00_noargs:_c_int00_noargs</name>
         <load_address>0xb30</load_address>
         <run_address>0xb30</run_address>
         <size>0x34</size>
         <input_file_ref idref="fl-c9"/>
      </object_component>
      <object_component id="oc-bd">
         <name>.text:GPIO_getEnabledInterruptStatus</name>
         <load_address>0xb64</load_address>
         <run_address>0xb64</run_address>
         <size>0x30</size>
         <input_file_ref idref="fl-a"/>
      </object_component>
      <object_component id="oc-a5">
         <name>.text:GPIO_setAsInputPinWithPullUpResistor</name>
         <load_address>0xb94</load_address>
         <run_address>0xb94</run_address>
         <size>0x30</size>
         <input_file_ref idref="fl-a"/>
      </object_component>
      <object_component id="oc-225">
         <name>.text:PCM_getCoreVoltageLevel</name>
         <load_address>0xbc4</load_address>
         <run_address>0xbc4</run_address>
         <size>0x2c</size>
         <input_file_ref idref="fl-c"/>
      </object_component>
      <object_component id="oc-149">
         <name>.text:PCM_getPowerMode</name>
         <load_address>0xbf0</load_address>
         <run_address>0xbf0</run_address>
         <size>0x2a</size>
         <input_file_ref idref="fl-c"/>
      </object_component>
      <object_component id="oc-1ff">
         <name>.text:PCM_gotoLPM0</name>
         <load_address>0xc1c</load_address>
         <run_address>0xc1c</run_address>
         <size>0x28</size>
         <input_file_ref idref="fl-c"/>
      </object_component>
      <object_component id="oc-21d">
         <name>.text:RTC_C_holdClock</name>
         <load_address>0xc44</load_address>
         <run_address>0xc44</run_address>
         <size>0x24</size>
         <input_file_ref idref="fl-d"/>
      </object_component>
      <object_component id="oc-3c">
         <name>.text:decompress:ZI:__TI_zero_init_nomemset:__TI_zero_init_nomemset</name>
         <load_address>0xc68</load_address>
         <run_address>0xc68</run_address>
         <size>0x1c</size>
         <input_file_ref idref="fl-c6"/>
      </object_component>
      <object_component id="oc-c3">
         <name>.text:GPIO_clearInterruptFlag</name>
         <load_address>0xc84</load_address>
         <run_address>0xc84</run_address>
         <size>0x18</size>
         <input_file_ref idref="fl-a"/>
      </object_component>
      <object_component id="oc-217">
         <name>.text:WDT_A_holdTimer</name>
         <load_address>0xc9c</load_address>
         <run_address>0xc9c</run_address>
         <size>0x18</size>
         <input_file_ref idref="fl-e"/>
      </object_component>
      <object_component id="oc-60">
         <name>.text</name>
         <load_address>0xcb4</load_address>
         <run_address>0xcb4</run_address>
         <size>0x12</size>
         <input_file_ref idref="fl-3"/>
      </object_component>
      <object_component id="oc-168">
         <name>.text:GPIO_getInterruptStatus</name>
         <load_address>0xcc8</load_address>
         <run_address>0xcc8</run_address>
         <size>0x10</size>
         <input_file_ref idref="fl-a"/>
      </object_component>
      <object_component id="oc-b1">
         <name>.text:Interrupt_enableMaster</name>
         <load_address>0xcd8</load_address>
         <run_address>0xcd8</run_address>
         <size>0x10</size>
         <input_file_ref idref="fl-b"/>
      </object_component>
      <object_component id="oc-1ed">
         <name>.text:PCM_gotoLPM4</name>
         <load_address>0xce8</load_address>
         <run_address>0xce8</run_address>
         <size>0x10</size>
         <input_file_ref idref="fl-c"/>
      </object_component>
      <object_component id="oc-16">
         <name>.text:decompress:none:__TI_decompress_none</name>
         <load_address>0xcf8</load_address>
         <run_address>0xcf8</run_address>
         <size>0xe</size>
         <input_file_ref idref="fl-c7"/>
      </object_component>
      <object_component id="oc-142">
         <name>.text:CPU_cpsie</name>
         <load_address>0xd06</load_address>
         <run_address>0xd06</run_address>
         <size>0xc</size>
         <input_file_ref idref="fl-f"/>
      </object_component>
      <object_component id="oc-14f">
         <name>.text:PCM_getPowerState</name>
         <load_address>0xd14</load_address>
         <run_address>0xd14</run_address>
         <size>0xc</size>
         <input_file_ref idref="fl-c"/>
      </object_component>
      <object_component id="oc-155">
         <name>.text:PCM_setPowerMode</name>
         <load_address>0xd20</load_address>
         <run_address>0xd20</run_address>
         <size>0x8</size>
         <input_file_ref idref="fl-c"/>
      </object_component>
      <object_component id="oc-161">
         <name>.text:PCM_setPowerState</name>
         <load_address>0xd28</load_address>
         <run_address>0xd28</run_address>
         <size>0x8</size>
         <input_file_ref idref="fl-c"/>
      </object_component>
      <object_component id="oc-15b">
         <name>.text:CPU_wfi</name>
         <load_address>0xd30</load_address>
         <run_address>0xd30</run_address>
         <size>0x4</size>
         <input_file_ref idref="fl-f"/>
      </object_component>
      <object_component id="oc-8c">
         <name>.text:_system_pre_init</name>
         <load_address>0xd34</load_address>
         <run_address>0xd34</run_address>
         <size>0x4</size>
         <input_file_ref idref="fl-cd"/>
      </object_component>
      <object_component id="oc-f1">
         <name>.text:abort:abort</name>
         <load_address>0xd38</load_address>
         <run_address>0xd38</run_address>
         <size>0x4</size>
         <input_file_ref idref="fl-cf"/>
      </object_component>
      <object_component id="oc-13d">
         <name>.const</name>
         <load_address>0xd3c</load_address>
         <run_address>0xd3c</run_address>
         <size>0x40</size>
         <input_file_ref idref="fl-b"/>
      </object_component>
      <object_component id="oc-25a">
         <name>.cinit..data.load</name>
         <load_address>0xd80</load_address>
         <run_address>0xd80</run_address>
         <size>0x30</size>
      </object_component>
      <object_component id="oc-258">
         <name>__TI_handler_table</name>
         <load_address>0xdb0</load_address>
         <run_address>0xdb0</run_address>
         <size>0xc</size>
      </object_component>
      <object_component id="oc-25b">
         <name>.cinit..bss.load</name>
         <load_address>0xdc0</load_address>
         <run_address>0xdc0</run_address>
         <size>0x8</size>
      </object_component>
      <object_component id="oc-259">
         <name>__TI_cinit_table</name>
         <load_address>0xdc8</load_address>
         <run_address>0xdc8</run_address>
         <size>0x10</size>
      </object_component>
      <object_component id="oc-cc">
         <name>.data</name>
         <load_address>0x20000034</load_address>
         <run_address>0x20000034</run_address>
         <size>0x2</size>
         <input_file_ref idref="fl-2"/>
      </object_component>
      <object_component id="oc-12f">
         <name>.data</name>
         <load_address>0x20000030</load_address>
         <run_address>0x20000030</run_address>
         <size>0x4</size>
         <input_file_ref idref="fl-4"/>
      </object_component>
      <object_component id="oc-133">
         <name>.data:GPIO_PORT_TO_BASE</name>
         <load_address>0x20000000</load_address>
         <run_address>0x20000000</run_address>
         <size>0x30</size>
         <input_file_ref idref="fl-a"/>
      </object_component>
      <object_component id="oc-c9">
         <name>.common:counter</name>
         <uninitialized>true</uninitialized>
         <run_address>0x20000038</run_address>
         <size>0x4</size>
      </object_component>
      <object_component id="oc-22">
         <name>.stack</name>
         <uninitialized>true</uninitialized>
         <run_address>0x2000fe00</run_address>
         <size>0x4</size>
         <input_file_ref idref="fl-c9"/>
      </object_component>
      <object_component id="oc-25c">
         <name>.stack</name>
         <uninitialized>true</uninitialized>
         <run_address>0x2000fe00</run_address>
         <size>0x0</size>
      </object_component>
      <object_component id="oc-ca">
         <name>.debug_info</name>
         <load_address>0x0</load_address>
         <run_address>0x0</run_address>
         <size>0x6f9</size>
         <input_file_ref idref="fl-2"/>
      </object_component>
      <object_component id="oc-cd">
         <name>.debug_info</name>
         <load_address>0x6f9</load_address>
         <run_address>0x6f9</run_address>
         <size>0xd9</size>
         <input_file_ref idref="fl-2"/>
      </object_component>
      <object_component id="oc-68">
         <name>.debug_info</name>
         <load_address>0x7d2</load_address>
         <run_address>0x7d2</run_address>
         <size>0x3a9</size>
         <input_file_ref idref="fl-2"/>
      </object_component>
      <object_component id="oc-172">
         <name>.debug_info</name>
         <load_address>0xb7b</load_address>
         <run_address>0xb7b</run_address>
         <size>0x37e2</size>
         <input_file_ref idref="fl-2"/>
      </object_component>
      <object_component id="oc-dc">
         <name>.debug_info</name>
         <load_address>0x435d</load_address>
         <run_address>0x435d</run_address>
         <size>0x26b</size>
         <input_file_ref idref="fl-2"/>
      </object_component>
      <object_component id="oc-177">
         <name>.debug_info</name>
         <load_address>0x45c8</load_address>
         <run_address>0x45c8</run_address>
         <size>0x1055</size>
         <input_file_ref idref="fl-2"/>
      </object_component>
      <object_component id="oc-d0">
         <name>.debug_info</name>
         <load_address>0x561d</load_address>
         <run_address>0x561d</run_address>
         <size>0x8b</size>
         <input_file_ref idref="fl-2"/>
      </object_component>
      <object_component id="oc-183">
         <name>.debug_info</name>
         <load_address>0x56a8</load_address>
         <run_address>0x56a8</run_address>
         <size>0x297</size>
         <input_file_ref idref="fl-2"/>
      </object_component>
      <object_component id="oc-17c">
         <name>.debug_info</name>
         <load_address>0x593f</load_address>
         <run_address>0x593f</run_address>
         <size>0xef</size>
         <input_file_ref idref="fl-2"/>
      </object_component>
      <object_component id="oc-d5">
         <name>.debug_info</name>
         <load_address>0x5a2e</load_address>
         <run_address>0x5a2e</run_address>
         <size>0xbb</size>
         <input_file_ref idref="fl-2"/>
      </object_component>
      <object_component id="oc-6e">
         <name>.debug_info</name>
         <load_address>0x5ae9</load_address>
         <run_address>0x5ae9</run_address>
         <size>0x2e9</size>
         <input_file_ref idref="fl-3"/>
      </object_component>
      <object_component id="oc-20">
         <name>.debug_info</name>
         <load_address>0x5dd2</load_address>
         <run_address>0x5dd2</run_address>
         <size>0xec</size>
         <input_file_ref idref="fl-3"/>
      </object_component>
      <object_component id="oc-61">
         <name>.debug_info</name>
         <load_address>0x5ebe</load_address>
         <run_address>0x5ebe</run_address>
         <size>0x253</size>
         <input_file_ref idref="fl-3"/>
      </object_component>
      <object_component id="oc-2b">
         <name>.debug_info</name>
         <load_address>0x6111</load_address>
         <run_address>0x6111</run_address>
         <size>0x84</size>
         <input_file_ref idref="fl-3"/>
      </object_component>
      <object_component id="oc-130">
         <name>.debug_info</name>
         <load_address>0x6195</load_address>
         <run_address>0x6195</run_address>
         <size>0xe5</size>
         <input_file_ref idref="fl-4"/>
      </object_component>
      <object_component id="oc-9f">
         <name>.debug_info</name>
         <load_address>0x627a</load_address>
         <run_address>0x627a</run_address>
         <size>0x257</size>
         <input_file_ref idref="fl-4"/>
      </object_component>
      <object_component id="oc-13c">
         <name>.debug_info</name>
         <load_address>0x64d1</load_address>
         <run_address>0x64d1</run_address>
         <size>0x4a4</size>
         <input_file_ref idref="fl-a"/>
      </object_component>
      <object_component id="oc-134">
         <name>.debug_info</name>
         <load_address>0x6975</load_address>
         <run_address>0x6975</run_address>
         <size>0xd0</size>
         <input_file_ref idref="fl-a"/>
      </object_component>
      <object_component id="oc-a8">
         <name>.debug_info</name>
         <load_address>0x6a45</load_address>
         <run_address>0x6a45</run_address>
         <size>0x1be</size>
         <input_file_ref idref="fl-a"/>
      </object_component>
      <object_component id="oc-16a">
         <name>.debug_info</name>
         <load_address>0x6c03</load_address>
         <run_address>0x6c03</run_address>
         <size>0x189</size>
         <input_file_ref idref="fl-a"/>
      </object_component>
      <object_component id="oc-bf">
         <name>.debug_info</name>
         <load_address>0x6d8c</load_address>
         <run_address>0x6d8c</run_address>
         <size>0x1ae</size>
         <input_file_ref idref="fl-a"/>
      </object_component>
      <object_component id="oc-c5">
         <name>.debug_info</name>
         <load_address>0x6f3a</load_address>
         <run_address>0x6f3a</run_address>
         <size>0x188</size>
         <input_file_ref idref="fl-a"/>
      </object_component>
      <object_component id="oc-1ae">
         <name>.debug_info</name>
         <load_address>0x70c2</load_address>
         <run_address>0x70c2</run_address>
         <size>0x103e</size>
         <input_file_ref idref="fl-a"/>
      </object_component>
      <object_component id="oc-137">
         <name>.debug_info</name>
         <load_address>0x8100</load_address>
         <run_address>0x8100</run_address>
         <size>0x18b</size>
         <input_file_ref idref="fl-a"/>
      </object_component>
      <object_component id="oc-141">
         <name>.debug_info</name>
         <load_address>0x828b</load_address>
         <run_address>0x828b</run_address>
         <size>0x432</size>
         <input_file_ref idref="fl-b"/>
      </object_component>
      <object_component id="oc-13e">
         <name>.debug_info</name>
         <load_address>0x86bd</load_address>
         <run_address>0x86bd</run_address>
         <size>0x173</size>
         <input_file_ref idref="fl-b"/>
      </object_component>
      <object_component id="oc-b4">
         <name>.debug_info</name>
         <load_address>0x8830</load_address>
         <run_address>0x8830</run_address>
         <size>0x122</size>
         <input_file_ref idref="fl-b"/>
      </object_component>
      <object_component id="oc-ad">
         <name>.debug_info</name>
         <load_address>0x8952</load_address>
         <run_address>0x8952</run_address>
         <size>0x16b</size>
         <input_file_ref idref="fl-b"/>
      </object_component>
      <object_component id="oc-1ec">
         <name>.debug_info</name>
         <load_address>0x8abd</load_address>
         <run_address>0x8abd</run_address>
         <size>0x560</size>
         <input_file_ref idref="fl-c"/>
      </object_component>
      <object_component id="oc-1f5">
         <name>.debug_info</name>
         <load_address>0x901d</load_address>
         <run_address>0x901d</run_address>
         <size>0x174</size>
         <input_file_ref idref="fl-c"/>
      </object_component>
      <object_component id="oc-151">
         <name>.debug_info</name>
         <load_address>0x9191</load_address>
         <run_address>0x9191</run_address>
         <size>0xf9</size>
         <input_file_ref idref="fl-c"/>
      </object_component>
      <object_component id="oc-14b">
         <name>.debug_info</name>
         <load_address>0x928a</load_address>
         <run_address>0x928a</run_address>
         <size>0x112</size>
         <input_file_ref idref="fl-c"/>
      </object_component>
      <object_component id="oc-1bc">
         <name>.debug_info</name>
         <load_address>0x939c</load_address>
         <run_address>0x939c</run_address>
         <size>0x291</size>
         <input_file_ref idref="fl-c"/>
      </object_component>
      <object_component id="oc-158">
         <name>.debug_info</name>
         <load_address>0x962d</load_address>
         <run_address>0x962d</run_address>
         <size>0x12e</size>
         <input_file_ref idref="fl-c"/>
      </object_component>
      <object_component id="oc-164">
         <name>.debug_info</name>
         <load_address>0x975b</load_address>
         <run_address>0x975b</run_address>
         <size>0x133</size>
         <input_file_ref idref="fl-c"/>
      </object_component>
      <object_component id="oc-ba">
         <name>.debug_info</name>
         <load_address>0x988e</load_address>
         <run_address>0x988e</run_address>
         <size>0x1b7</size>
         <input_file_ref idref="fl-c"/>
      </object_component>
      <object_component id="oc-1ef">
         <name>.debug_info</name>
         <load_address>0x9a45</load_address>
         <run_address>0x9a45</run_address>
         <size>0x12e</size>
         <input_file_ref idref="fl-c"/>
      </object_component>
      <object_component id="oc-228">
         <name>.debug_info</name>
         <load_address>0x9b73</load_address>
         <run_address>0x9b73</run_address>
         <size>0x120</size>
         <input_file_ref idref="fl-c"/>
      </object_component>
      <object_component id="oc-1fc">
         <name>.debug_info</name>
         <load_address>0x9c93</load_address>
         <run_address>0x9c93</run_address>
         <size>0x311</size>
         <input_file_ref idref="fl-c"/>
      </object_component>
      <object_component id="oc-201">
         <name>.debug_info</name>
         <load_address>0x9fa4</load_address>
         <run_address>0x9fa4</run_address>
         <size>0xfd</size>
         <input_file_ref idref="fl-c"/>
      </object_component>
      <object_component id="oc-1c4">
         <name>.debug_info</name>
         <load_address>0xa0a1</load_address>
         <run_address>0xa0a1</run_address>
         <size>0x54c</size>
         <input_file_ref idref="fl-c"/>
      </object_component>
      <object_component id="oc-21e">
         <name>.debug_info</name>
         <load_address>0xa5ed</load_address>
         <run_address>0xa5ed</run_address>
         <size>0xf4</size>
         <input_file_ref idref="fl-d"/>
      </object_component>
      <object_component id="oc-219">
         <name>.debug_info</name>
         <load_address>0xa6e1</load_address>
         <run_address>0xa6e1</run_address>
         <size>0x115</size>
         <input_file_ref idref="fl-e"/>
      </object_component>
      <object_component id="oc-15c">
         <name>.debug_info</name>
         <load_address>0xa7f6</load_address>
         <run_address>0xa7f6</run_address>
         <size>0xe1</size>
         <input_file_ref idref="fl-f"/>
      </object_component>
      <object_component id="oc-143">
         <name>.debug_info</name>
         <load_address>0xa8d7</load_address>
         <run_address>0xa8d7</run_address>
         <size>0xe7</size>
         <input_file_ref idref="fl-f"/>
      </object_component>
      <object_component id="oc-85">
         <name>.debug_info</name>
         <load_address>0xa9be</load_address>
         <run_address>0xa9be</run_address>
         <size>0x2d3</size>
         <input_file_ref idref="fl-c6"/>
      </object_component>
      <object_component id="oc-3e">
         <name>.debug_info</name>
         <load_address>0xac91</load_address>
         <run_address>0xac91</run_address>
         <size>0x1d1</size>
         <input_file_ref idref="fl-c6"/>
      </object_component>
      <object_component id="oc-80">
         <name>.debug_info</name>
         <load_address>0xae62</load_address>
         <run_address>0xae62</run_address>
         <size>0x46</size>
         <input_file_ref idref="fl-c6"/>
      </object_component>
      <object_component id="oc-e8">
         <name>.debug_info</name>
         <load_address>0xaea8</load_address>
         <run_address>0xaea8</run_address>
         <size>0x2c</size>
         <input_file_ref idref="fl-c6"/>
      </object_component>
      <object_component id="oc-3b">
         <name>.debug_info</name>
         <load_address>0xaed4</load_address>
         <run_address>0xaed4</run_address>
         <size>0x2a7</size>
         <input_file_ref idref="fl-c7"/>
      </object_component>
      <object_component id="oc-17">
         <name>.debug_info</name>
         <load_address>0xb17b</load_address>
         <run_address>0xb17b</run_address>
         <size>0x1e9</size>
         <input_file_ref idref="fl-c7"/>
      </object_component>
      <object_component id="oc-36">
         <name>.debug_info</name>
         <load_address>0xb364</load_address>
         <run_address>0xb364</run_address>
         <size>0x46</size>
         <input_file_ref idref="fl-c7"/>
      </object_component>
      <object_component id="oc-78">
         <name>.debug_info</name>
         <load_address>0xb3aa</load_address>
         <run_address>0xb3aa</run_address>
         <size>0x2c</size>
         <input_file_ref idref="fl-c7"/>
      </object_component>
      <object_component id="oc-76">
         <name>.debug_info</name>
         <load_address>0xb3d6</load_address>
         <run_address>0xb3d6</run_address>
         <size>0x29d</size>
         <input_file_ref idref="fl-c8"/>
      </object_component>
      <object_component id="oc-11">
         <name>.debug_info</name>
         <load_address>0xb673</load_address>
         <run_address>0xb673</run_address>
         <size>0x24f</size>
         <input_file_ref idref="fl-c8"/>
      </object_component>
      <object_component id="oc-26">
         <name>.debug_info</name>
         <load_address>0xb8c2</load_address>
         <run_address>0xb8c2</run_address>
         <size>0x60</size>
         <input_file_ref idref="fl-c8"/>
      </object_component>
      <object_component id="oc-e1">
         <name>.debug_info</name>
         <load_address>0xb922</load_address>
         <run_address>0xb922</run_address>
         <size>0x46</size>
         <input_file_ref idref="fl-c8"/>
      </object_component>
      <object_component id="oc-71">
         <name>.debug_info</name>
         <load_address>0xb968</load_address>
         <run_address>0xb968</run_address>
         <size>0x39</size>
         <input_file_ref idref="fl-c8"/>
      </object_component>
      <object_component id="oc-23">
         <name>.debug_info</name>
         <load_address>0xb9a1</load_address>
         <run_address>0xb9a1</run_address>
         <size>0x10a</size>
         <input_file_ref idref="fl-c9"/>
      </object_component>
      <object_component id="oc-4f">
         <name>.debug_info</name>
         <load_address>0xbaab</load_address>
         <run_address>0xbaab</run_address>
         <size>0x1a8</size>
         <input_file_ref idref="fl-c9"/>
      </object_component>
      <object_component id="oc-31">
         <name>.debug_info</name>
         <load_address>0xbc53</load_address>
         <run_address>0xbc53</run_address>
         <size>0x118</size>
         <input_file_ref idref="fl-ca"/>
      </object_component>
      <object_component id="oc-193">
         <name>.debug_info</name>
         <load_address>0xbd6b</load_address>
         <run_address>0xbd6b</run_address>
         <size>0x4b2</size>
         <input_file_ref idref="fl-cc"/>
      </object_component>
      <object_component id="oc-101">
         <name>.debug_info</name>
         <load_address>0xc21d</load_address>
         <run_address>0xc21d</run_address>
         <size>0x1a5</size>
         <input_file_ref idref="fl-cc"/>
      </object_component>
      <object_component id="oc-1da">
         <name>.debug_info</name>
         <load_address>0xc3c2</load_address>
         <run_address>0xc3c2</run_address>
         <size>0x39</size>
         <input_file_ref idref="fl-cc"/>
      </object_component>
      <object_component id="oc-209">
         <name>.debug_info</name>
         <load_address>0xc3fb</load_address>
         <run_address>0xc3fb</run_address>
         <size>0x39</size>
         <input_file_ref idref="fl-cc"/>
      </object_component>
      <object_component id="oc-1df">
         <name>.debug_info</name>
         <load_address>0xc434</load_address>
         <run_address>0xc434</run_address>
         <size>0x39</size>
         <input_file_ref idref="fl-cc"/>
      </object_component>
      <object_component id="oc-1e4">
         <name>.debug_info</name>
         <load_address>0xc46d</load_address>
         <run_address>0xc46d</run_address>
         <size>0xcd</size>
         <input_file_ref idref="fl-cc"/>
      </object_component>
      <object_component id="oc-8d">
         <name>.debug_info</name>
         <load_address>0xc53a</load_address>
         <run_address>0xc53a</run_address>
         <size>0x152</size>
         <input_file_ref idref="fl-cd"/>
      </object_component>
      <object_component id="oc-f2">
         <name>.debug_info</name>
         <load_address>0xc68c</load_address>
         <run_address>0xc68c</run_address>
         <size>0x121</size>
         <input_file_ref idref="fl-cf"/>
      </object_component>
      <object_component id="oc-25d">
         <name>.debug_info</name>
         <load_address>0xc7ad</load_address>
         <run_address>0xc7ad</run_address>
         <size>0x98</size>
      </object_component>
      <object_component id="oc-171">
         <name>.debug_line</name>
         <load_address>0x0</load_address>
         <run_address>0x0</run_address>
         <size>0x1a7</size>
         <input_file_ref idref="fl-2"/>
      </object_component>
      <object_component id="oc-182">
         <name>.debug_line</name>
         <load_address>0x1a7</load_address>
         <run_address>0x1a7</run_address>
         <size>0x3b</size>
         <input_file_ref idref="fl-2"/>
      </object_component>
      <object_component id="oc-67">
         <name>.debug_line</name>
         <load_address>0x1e2</load_address>
         <run_address>0x1e2</run_address>
         <size>0xb1</size>
         <input_file_ref idref="fl-2"/>
      </object_component>
      <object_component id="oc-175">
         <name>.debug_line</name>
         <load_address>0x293</load_address>
         <run_address>0x293</run_address>
         <size>0x57</size>
         <input_file_ref idref="fl-2"/>
      </object_component>
      <object_component id="oc-df">
         <name>.debug_line</name>
         <load_address>0x2ea</load_address>
         <run_address>0x2ea</run_address>
         <size>0x6f</size>
         <input_file_ref idref="fl-2"/>
      </object_component>
      <object_component id="oc-17a">
         <name>.debug_line</name>
         <load_address>0x359</load_address>
         <run_address>0x359</run_address>
         <size>0x5a</size>
         <input_file_ref idref="fl-2"/>
      </object_component>
      <object_component id="oc-d3">
         <name>.debug_line</name>
         <load_address>0x3b3</load_address>
         <run_address>0x3b3</run_address>
         <size>0x20</size>
         <input_file_ref idref="fl-2"/>
      </object_component>
      <object_component id="oc-186">
         <name>.debug_line</name>
         <load_address>0x3d3</load_address>
         <run_address>0x3d3</run_address>
         <size>0x73</size>
         <input_file_ref idref="fl-2"/>
      </object_component>
      <object_component id="oc-17f">
         <name>.debug_line</name>
         <load_address>0x446</load_address>
         <run_address>0x446</run_address>
         <size>0x6f</size>
         <input_file_ref idref="fl-2"/>
      </object_component>
      <object_component id="oc-d8">
         <name>.debug_line</name>
         <load_address>0x4b5</load_address>
         <run_address>0x4b5</run_address>
         <size>0x70</size>
         <input_file_ref idref="fl-2"/>
      </object_component>
      <object_component id="oc-db">
         <name>.debug_line</name>
         <load_address>0x525</load_address>
         <run_address>0x525</run_address>
         <size>0x40</size>
         <input_file_ref idref="fl-3"/>
      </object_component>
      <object_component id="oc-6d">
         <name>.debug_line</name>
         <load_address>0x565</load_address>
         <run_address>0x565</run_address>
         <size>0x40</size>
         <input_file_ref idref="fl-3"/>
      </object_component>
      <object_component id="oc-65">
         <name>.debug_line</name>
         <load_address>0x5a5</load_address>
         <run_address>0x5a5</run_address>
         <size>0xa1</size>
         <input_file_ref idref="fl-3"/>
      </object_component>
      <object_component id="oc-2e">
         <name>.debug_line</name>
         <load_address>0x646</load_address>
         <run_address>0x646</run_address>
         <size>0x20</size>
         <input_file_ref idref="fl-3"/>
      </object_component>
      <object_component id="oc-1a9">
         <name>.debug_line</name>
         <load_address>0x666</load_address>
         <run_address>0x666</run_address>
         <size>0x3b</size>
         <input_file_ref idref="fl-4"/>
      </object_component>
      <object_component id="oc-a2">
         <name>.debug_line</name>
         <load_address>0x6a1</load_address>
         <run_address>0x6a1</run_address>
         <size>0x146</size>
         <input_file_ref idref="fl-4"/>
      </object_component>
      <object_component id="oc-1ad">
         <name>.debug_line</name>
         <load_address>0x7e7</load_address>
         <run_address>0x7e7</run_address>
         <size>0x31</size>
         <input_file_ref idref="fl-a"/>
      </object_component>
      <object_component id="oc-1ab">
         <name>.debug_line</name>
         <load_address>0x818</load_address>
         <run_address>0x818</run_address>
         <size>0x2a</size>
         <input_file_ref idref="fl-a"/>
      </object_component>
      <object_component id="oc-a7">
         <name>.debug_line</name>
         <load_address>0x842</load_address>
         <run_address>0x842</run_address>
         <size>0x46</size>
         <input_file_ref idref="fl-a"/>
      </object_component>
      <object_component id="oc-169">
         <name>.debug_line</name>
         <load_address>0x888</load_address>
         <run_address>0x888</run_address>
         <size>0x3f</size>
         <input_file_ref idref="fl-a"/>
      </object_component>
      <object_component id="oc-be">
         <name>.debug_line</name>
         <load_address>0x8c7</load_address>
         <run_address>0x8c7</run_address>
         <size>0x4c</size>
         <input_file_ref idref="fl-a"/>
      </object_component>
      <object_component id="oc-c4">
         <name>.debug_line</name>
         <load_address>0x913</load_address>
         <run_address>0x913</run_address>
         <size>0x3f</size>
         <input_file_ref idref="fl-a"/>
      </object_component>
      <object_component id="oc-1b1">
         <name>.debug_line</name>
         <load_address>0x952</load_address>
         <run_address>0x952</run_address>
         <size>0x5e</size>
         <input_file_ref idref="fl-a"/>
      </object_component>
      <object_component id="oc-13a">
         <name>.debug_line</name>
         <load_address>0x9b0</load_address>
         <run_address>0x9b0</run_address>
         <size>0x69</size>
         <input_file_ref idref="fl-a"/>
      </object_component>
      <object_component id="oc-1b6">
         <name>.debug_line</name>
         <load_address>0xa19</load_address>
         <run_address>0xa19</run_address>
         <size>0x2b</size>
         <input_file_ref idref="fl-b"/>
      </object_component>
      <object_component id="oc-1b4">
         <name>.debug_line</name>
         <load_address>0xa44</load_address>
         <run_address>0xa44</run_address>
         <size>0x2f</size>
         <input_file_ref idref="fl-b"/>
      </object_component>
      <object_component id="oc-b3">
         <name>.debug_line</name>
         <load_address>0xa73</load_address>
         <run_address>0xa73</run_address>
         <size>0x44</size>
         <input_file_ref idref="fl-b"/>
      </object_component>
      <object_component id="oc-b0">
         <name>.debug_line</name>
         <load_address>0xab7</load_address>
         <run_address>0xab7</run_address>
         <size>0x6d</size>
         <input_file_ref idref="fl-b"/>
      </object_component>
      <object_component id="oc-216">
         <name>.debug_line</name>
         <load_address>0xb24</load_address>
         <run_address>0xb24</run_address>
         <size>0x56</size>
         <input_file_ref idref="fl-c"/>
      </object_component>
      <object_component id="oc-1f8">
         <name>.debug_line</name>
         <load_address>0xb7a</load_address>
         <run_address>0xb7a</run_address>
         <size>0x4a</size>
         <input_file_ref idref="fl-c"/>
      </object_component>
      <object_component id="oc-154">
         <name>.debug_line</name>
         <load_address>0xbc4</load_address>
         <run_address>0xbc4</run_address>
         <size>0x3e</size>
         <input_file_ref idref="fl-c"/>
      </object_component>
      <object_component id="oc-14e">
         <name>.debug_line</name>
         <load_address>0xc02</load_address>
         <run_address>0xc02</run_address>
         <size>0x4a</size>
         <input_file_ref idref="fl-c"/>
      </object_component>
      <object_component id="oc-1bf">
         <name>.debug_line</name>
         <load_address>0xc4c</load_address>
         <run_address>0xc4c</run_address>
         <size>0xb3</size>
         <input_file_ref idref="fl-c"/>
      </object_component>
      <object_component id="oc-157">
         <name>.debug_line</name>
         <load_address>0xcff</load_address>
         <run_address>0xcff</run_address>
         <size>0x3e</size>
         <input_file_ref idref="fl-c"/>
      </object_component>
      <object_component id="oc-163">
         <name>.debug_line</name>
         <load_address>0xd3d</load_address>
         <run_address>0xd3d</run_address>
         <size>0x3e</size>
         <input_file_ref idref="fl-c"/>
      </object_component>
      <object_component id="oc-b9">
         <name>.debug_line</name>
         <load_address>0xd7b</load_address>
         <run_address>0xd7b</run_address>
         <size>0x51</size>
         <input_file_ref idref="fl-c"/>
      </object_component>
      <object_component id="oc-1f2">
         <name>.debug_line</name>
         <load_address>0xdcc</load_address>
         <run_address>0xdcc</run_address>
         <size>0x40</size>
         <input_file_ref idref="fl-c"/>
      </object_component>
      <object_component id="oc-226">
         <name>.debug_line</name>
         <load_address>0xe0c</load_address>
         <run_address>0xe0c</run_address>
         <size>0x4e</size>
         <input_file_ref idref="fl-c"/>
      </object_component>
      <object_component id="oc-1fa">
         <name>.debug_line</name>
         <load_address>0xe5a</load_address>
         <run_address>0xe5a</run_address>
         <size>0x78</size>
         <input_file_ref idref="fl-c"/>
      </object_component>
      <object_component id="oc-200">
         <name>.debug_line</name>
         <load_address>0xed2</load_address>
         <run_address>0xed2</run_address>
         <size>0x46</size>
         <input_file_ref idref="fl-c"/>
      </object_component>
      <object_component id="oc-1c3">
         <name>.debug_line</name>
         <load_address>0xf18</load_address>
         <run_address>0xf18</run_address>
         <size>0x9c</size>
         <input_file_ref idref="fl-c"/>
      </object_component>
      <object_component id="oc-221">
         <name>.debug_line</name>
         <load_address>0xfb4</load_address>
         <run_address>0xfb4</run_address>
         <size>0x41</size>
         <input_file_ref idref="fl-d"/>
      </object_component>
      <object_component id="oc-21c">
         <name>.debug_line</name>
         <load_address>0xff5</load_address>
         <run_address>0xff5</run_address>
         <size>0x42</size>
         <input_file_ref idref="fl-e"/>
      </object_component>
      <object_component id="oc-15f">
         <name>.debug_line</name>
         <load_address>0x1037</load_address>
         <run_address>0x1037</run_address>
         <size>0x3b</size>
         <input_file_ref idref="fl-f"/>
      </object_component>
      <object_component id="oc-146">
         <name>.debug_line</name>
         <load_address>0x1072</load_address>
         <run_address>0x1072</run_address>
         <size>0x3e</size>
         <input_file_ref idref="fl-f"/>
      </object_component>
      <object_component id="oc-ee">
         <name>.debug_line</name>
         <load_address>0x10b0</load_address>
         <run_address>0x10b0</run_address>
         <size>0x90</size>
         <input_file_ref idref="fl-c6"/>
      </object_component>
      <object_component id="oc-40">
         <name>.debug_line</name>
         <load_address>0x1140</load_address>
         <run_address>0x1140</run_address>
         <size>0x56</size>
         <input_file_ref idref="fl-c6"/>
      </object_component>
      <object_component id="oc-83">
         <name>.debug_line</name>
         <load_address>0x1196</load_address>
         <run_address>0x1196</run_address>
         <size>0x34</size>
         <input_file_ref idref="fl-c6"/>
      </object_component>
      <object_component id="oc-eb">
         <name>.debug_line</name>
         <load_address>0x11ca</load_address>
         <run_address>0x11ca</run_address>
         <size>0x90</size>
         <input_file_ref idref="fl-c6"/>
      </object_component>
      <object_component id="oc-7e">
         <name>.debug_line</name>
         <load_address>0x125a</load_address>
         <run_address>0x125a</run_address>
         <size>0x20</size>
         <input_file_ref idref="fl-c7"/>
      </object_component>
      <object_component id="oc-1a">
         <name>.debug_line</name>
         <load_address>0x127a</load_address>
         <run_address>0x127a</run_address>
         <size>0x55</size>
         <input_file_ref idref="fl-c7"/>
      </object_component>
      <object_component id="oc-39">
         <name>.debug_line</name>
         <load_address>0x12cf</load_address>
         <run_address>0x12cf</run_address>
         <size>0x3a</size>
         <input_file_ref idref="fl-c7"/>
      </object_component>
      <object_component id="oc-7b">
         <name>.debug_line</name>
         <load_address>0x1309</load_address>
         <run_address>0x1309</run_address>
         <size>0x90</size>
         <input_file_ref idref="fl-c7"/>
      </object_component>
      <object_component id="oc-e7">
         <name>.debug_line</name>
         <load_address>0x1399</load_address>
         <run_address>0x1399</run_address>
         <size>0x20</size>
         <input_file_ref idref="fl-c8"/>
      </object_component>
      <object_component id="oc-14">
         <name>.debug_line</name>
         <load_address>0x13b9</load_address>
         <run_address>0x13b9</run_address>
         <size>0xa9</size>
         <input_file_ref idref="fl-c8"/>
      </object_component>
      <object_component id="oc-29">
         <name>.debug_line</name>
         <load_address>0x1462</load_address>
         <run_address>0x1462</run_address>
         <size>0x3a</size>
         <input_file_ref idref="fl-c8"/>
      </object_component>
      <object_component id="oc-e4">
         <name>.debug_line</name>
         <load_address>0x149c</load_address>
         <run_address>0x149c</run_address>
         <size>0x98</size>
         <input_file_ref idref="fl-c8"/>
      </object_component>
      <object_component id="oc-74">
         <name>.debug_line</name>
         <load_address>0x1534</load_address>
         <run_address>0x1534</run_address>
         <size>0x94</size>
         <input_file_ref idref="fl-c8"/>
      </object_component>
      <object_component id="oc-70">
         <name>.debug_line</name>
         <load_address>0x15c8</load_address>
         <run_address>0x15c8</run_address>
         <size>0x33</size>
         <input_file_ref idref="fl-c9"/>
      </object_component>
      <object_component id="oc-53">
         <name>.debug_line</name>
         <load_address>0x15fb</load_address>
         <run_address>0x15fb</run_address>
         <size>0x45</size>
         <input_file_ref idref="fl-c9"/>
      </object_component>
      <object_component id="oc-34">
         <name>.debug_line</name>
         <load_address>0x1640</load_address>
         <run_address>0x1640</run_address>
         <size>0x88</size>
         <input_file_ref idref="fl-ca"/>
      </object_component>
      <object_component id="oc-1d9">
         <name>.debug_line</name>
         <load_address>0x16c8</load_address>
         <run_address>0x16c8</run_address>
         <size>0xbd</size>
         <input_file_ref idref="fl-cc"/>
      </object_component>
      <object_component id="oc-ff">
         <name>.debug_line</name>
         <load_address>0x1785</load_address>
         <run_address>0x1785</run_address>
         <size>0x6f</size>
         <input_file_ref idref="fl-cc"/>
      </object_component>
      <object_component id="oc-1dd">
         <name>.debug_line</name>
         <load_address>0x17f4</load_address>
         <run_address>0x17f4</run_address>
         <size>0x2e</size>
         <input_file_ref idref="fl-cc"/>
      </object_component>
      <object_component id="oc-20c">
         <name>.debug_line</name>
         <load_address>0x1822</load_address>
         <run_address>0x1822</run_address>
         <size>0x98</size>
         <input_file_ref idref="fl-cc"/>
      </object_component>
      <object_component id="oc-1e2">
         <name>.debug_line</name>
         <load_address>0x18ba</load_address>
         <run_address>0x18ba</run_address>
         <size>0x95</size>
         <input_file_ref idref="fl-cc"/>
      </object_component>
      <object_component id="oc-1e7">
         <name>.debug_line</name>
         <load_address>0x194f</load_address>
         <run_address>0x194f</run_address>
         <size>0x91</size>
         <input_file_ref idref="fl-cc"/>
      </object_component>
      <object_component id="oc-91">
         <name>.debug_line</name>
         <load_address>0x19e0</load_address>
         <run_address>0x19e0</run_address>
         <size>0x40</size>
         <input_file_ref idref="fl-cd"/>
      </object_component>
      <object_component id="oc-f5">
         <name>.debug_line</name>
         <load_address>0x1a20</load_address>
         <run_address>0x1a20</run_address>
         <size>0x3c</size>
         <input_file_ref idref="fl-cf"/>
      </object_component>
      <object_component id="oc-6b">
         <name>.debug_frame</name>
         <load_address>0x0</load_address>
         <run_address>0x0</run_address>
         <size>0x94</size>
         <input_file_ref idref="fl-2"/>
      </object_component>
      <object_component id="oc-64">
         <name>.debug_frame</name>
         <load_address>0x94</load_address>
         <run_address>0x94</run_address>
         <size>0x94</size>
         <input_file_ref idref="fl-3"/>
      </object_component>
      <object_component id="oc-a3">
         <name>.debug_frame</name>
         <load_address>0x128</load_address>
         <run_address>0x128</run_address>
         <size>0x70</size>
         <input_file_ref idref="fl-4"/>
      </object_component>
      <object_component id="oc-a6">
         <name>.debug_frame</name>
         <load_address>0x3f4</load_address>
         <run_address>0x3f4</run_address>
         <size>0x7f</size>
         <input_file_ref idref="fl-a"/>
      </object_component>
      <object_component id="oc-16d">
         <name>.debug_frame</name>
         <load_address>0x473</load_address>
         <run_address>0x473</run_address>
         <size>0x7f</size>
         <input_file_ref idref="fl-a"/>
      </object_component>
      <object_component id="oc-c2">
         <name>.debug_frame</name>
         <load_address>0x4f2</load_address>
         <run_address>0x4f2</run_address>
         <size>0x86</size>
         <input_file_ref idref="fl-a"/>
      </object_component>
      <object_component id="oc-c8">
         <name>.debug_frame</name>
         <load_address>0x578</load_address>
         <run_address>0x578</run_address>
         <size>0x7f</size>
         <input_file_ref idref="fl-a"/>
      </object_component>
      <object_component id="oc-b2">
         <name>.debug_frame</name>
         <load_address>0x5f7</load_address>
         <run_address>0x5f7</run_address>
         <size>0x86</size>
         <input_file_ref idref="fl-b"/>
      </object_component>
      <object_component id="oc-ac">
         <name>.debug_frame</name>
         <load_address>0x67d</load_address>
         <run_address>0x67d</run_address>
         <size>0x83</size>
         <input_file_ref idref="fl-b"/>
      </object_component>
      <object_component id="oc-1f4">
         <name>.debug_frame</name>
         <load_address>0x700</load_address>
         <run_address>0x700</run_address>
         <size>0x86</size>
         <input_file_ref idref="fl-c"/>
      </object_component>
      <object_component id="oc-150">
         <name>.debug_frame</name>
         <load_address>0x786</load_address>
         <run_address>0x786</run_address>
         <size>0x7f</size>
         <input_file_ref idref="fl-c"/>
      </object_component>
      <object_component id="oc-14a">
         <name>.debug_frame</name>
         <load_address>0x805</load_address>
         <run_address>0x805</run_address>
         <size>0x8a</size>
         <input_file_ref idref="fl-c"/>
      </object_component>
      <object_component id="oc-1bb">
         <name>.debug_frame</name>
         <load_address>0x88f</load_address>
         <run_address>0x88f</run_address>
         <size>0x9b</size>
         <input_file_ref idref="fl-c"/>
      </object_component>
      <object_component id="oc-156">
         <name>.debug_frame</name>
         <load_address>0x92a</load_address>
         <run_address>0x92a</run_address>
         <size>0x7f</size>
         <input_file_ref idref="fl-c"/>
      </object_component>
      <object_component id="oc-162">
         <name>.debug_frame</name>
         <load_address>0x9a9</load_address>
         <run_address>0x9a9</run_address>
         <size>0x7f</size>
         <input_file_ref idref="fl-c"/>
      </object_component>
      <object_component id="oc-b8">
         <name>.debug_frame</name>
         <load_address>0xa28</load_address>
         <run_address>0xa28</run_address>
         <size>0x8e</size>
         <input_file_ref idref="fl-c"/>
      </object_component>
      <object_component id="oc-1ee">
         <name>.debug_frame</name>
         <load_address>0xab6</load_address>
         <run_address>0xab6</run_address>
         <size>0x86</size>
         <input_file_ref idref="fl-c"/>
      </object_component>
      <object_component id="oc-227">
         <name>.debug_frame</name>
         <load_address>0xb3c</load_address>
         <run_address>0xb3c</run_address>
         <size>0x8a</size>
         <input_file_ref idref="fl-c"/>
      </object_component>
      <object_component id="oc-1fb">
         <name>.debug_frame</name>
         <load_address>0xbc6</load_address>
         <run_address>0xbc6</run_address>
         <size>0x9c</size>
         <input_file_ref idref="fl-c"/>
      </object_component>
      <object_component id="oc-204">
         <name>.debug_frame</name>
         <load_address>0xc62</load_address>
         <run_address>0xc62</run_address>
         <size>0x86</size>
         <input_file_ref idref="fl-c"/>
      </object_component>
      <object_component id="oc-1c7">
         <name>.debug_frame</name>
         <load_address>0xce8</load_address>
         <run_address>0xce8</run_address>
         <size>0x90</size>
         <input_file_ref idref="fl-c"/>
      </object_component>
      <object_component id="oc-222">
         <name>.debug_frame</name>
         <load_address>0xd78</load_address>
         <run_address>0xd78</run_address>
         <size>0x7f</size>
         <input_file_ref idref="fl-d"/>
      </object_component>
      <object_component id="oc-218">
         <name>.debug_frame</name>
         <load_address>0xdf7</load_address>
         <run_address>0xdf7</run_address>
         <size>0x7f</size>
         <input_file_ref idref="fl-e"/>
      </object_component>
      <object_component id="oc-160">
         <name>.debug_frame</name>
         <load_address>0xe76</load_address>
         <run_address>0xe76</run_address>
         <size>0x7f</size>
         <input_file_ref idref="fl-f"/>
      </object_component>
      <object_component id="oc-147">
         <name>.debug_frame</name>
         <load_address>0xef5</load_address>
         <run_address>0xef5</run_address>
         <size>0x7f</size>
         <input_file_ref idref="fl-f"/>
      </object_component>
      <object_component id="oc-41">
         <name>.debug_frame</name>
         <load_address>0x198</load_address>
         <run_address>0x198</run_address>
         <size>0x54</size>
         <input_file_ref idref="fl-c6"/>
      </object_component>
      <object_component id="oc-1b">
         <name>.debug_frame</name>
         <load_address>0x1ec</load_address>
         <run_address>0x1ec</run_address>
         <size>0x54</size>
         <input_file_ref idref="fl-c7"/>
      </object_component>
      <object_component id="oc-15">
         <name>.debug_frame</name>
         <load_address>0x240</load_address>
         <run_address>0x240</run_address>
         <size>0x60</size>
         <input_file_ref idref="fl-c8"/>
      </object_component>
      <object_component id="oc-52">
         <name>.debug_frame</name>
         <load_address>0x2a0</load_address>
         <run_address>0x2a0</run_address>
         <size>0x50</size>
         <input_file_ref idref="fl-c9"/>
      </object_component>
      <object_component id="oc-100">
         <name>.debug_frame</name>
         <load_address>0x2f0</load_address>
         <run_address>0x2f0</run_address>
         <size>0x5c</size>
         <input_file_ref idref="fl-cc"/>
      </object_component>
      <object_component id="oc-90">
         <name>.debug_frame</name>
         <load_address>0x34c</load_address>
         <run_address>0x34c</run_address>
         <size>0x54</size>
         <input_file_ref idref="fl-cd"/>
      </object_component>
      <object_component id="oc-f6">
         <name>.debug_frame</name>
         <load_address>0x3a0</load_address>
         <run_address>0x3a0</run_address>
         <size>0x54</size>
         <input_file_ref idref="fl-cf"/>
      </object_component>
      <object_component id="oc-170">
         <name>.debug_abbrev</name>
         <load_address>0x0</load_address>
         <run_address>0x0</run_address>
         <size>0xf1</size>
         <input_file_ref idref="fl-2"/>
      </object_component>
      <object_component id="oc-181">
         <name>.debug_abbrev</name>
         <load_address>0xf1</load_address>
         <run_address>0xf1</run_address>
         <size>0x29</size>
         <input_file_ref idref="fl-2"/>
      </object_component>
      <object_component id="oc-cf">
         <name>.debug_abbrev</name>
         <load_address>0x11a</load_address>
         <run_address>0x11a</run_address>
         <size>0xc3</size>
         <input_file_ref idref="fl-2"/>
      </object_component>
      <object_component id="oc-174">
         <name>.debug_abbrev</name>
         <load_address>0x1dd</load_address>
         <run_address>0x1dd</run_address>
         <size>0xbd</size>
         <input_file_ref idref="fl-2"/>
      </object_component>
      <object_component id="oc-de">
         <name>.debug_abbrev</name>
         <load_address>0x29a</load_address>
         <run_address>0x29a</run_address>
         <size>0x69</size>
         <input_file_ref idref="fl-2"/>
      </object_component>
      <object_component id="oc-179">
         <name>.debug_abbrev</name>
         <load_address>0x303</load_address>
         <run_address>0x303</run_address>
         <size>0x97</size>
         <input_file_ref idref="fl-2"/>
      </object_component>
      <object_component id="oc-d2">
         <name>.debug_abbrev</name>
         <load_address>0x39a</load_address>
         <run_address>0x39a</run_address>
         <size>0x1f</size>
         <input_file_ref idref="fl-2"/>
      </object_component>
      <object_component id="oc-185">
         <name>.debug_abbrev</name>
         <load_address>0x3b9</load_address>
         <run_address>0x3b9</run_address>
         <size>0x5c</size>
         <input_file_ref idref="fl-2"/>
      </object_component>
      <object_component id="oc-17e">
         <name>.debug_abbrev</name>
         <load_address>0x415</load_address>
         <run_address>0x415</run_address>
         <size>0x24</size>
         <input_file_ref idref="fl-2"/>
      </object_component>
      <object_component id="oc-d7">
         <name>.debug_abbrev</name>
         <load_address>0x439</load_address>
         <run_address>0x439</run_address>
         <size>0x24</size>
         <input_file_ref idref="fl-2"/>
      </object_component>
      <object_component id="oc-da">
         <name>.debug_abbrev</name>
         <load_address>0x45d</load_address>
         <run_address>0x45d</run_address>
         <size>0x7c</size>
         <input_file_ref idref="fl-3"/>
      </object_component>
      <object_component id="oc-6c">
         <name>.debug_abbrev</name>
         <load_address>0x4d9</load_address>
         <run_address>0x4d9</run_address>
         <size>0x29</size>
         <input_file_ref idref="fl-3"/>
      </object_component>
      <object_component id="oc-a4">
         <name>.debug_abbrev</name>
         <load_address>0x502</load_address>
         <run_address>0x502</run_address>
         <size>0x85</size>
         <input_file_ref idref="fl-3"/>
      </object_component>
      <object_component id="oc-2d">
         <name>.debug_abbrev</name>
         <load_address>0x587</load_address>
         <run_address>0x587</run_address>
         <size>0x1f</size>
         <input_file_ref idref="fl-3"/>
      </object_component>
      <object_component id="oc-1a8">
         <name>.debug_abbrev</name>
         <load_address>0x5a6</load_address>
         <run_address>0x5a6</run_address>
         <size>0x29</size>
         <input_file_ref idref="fl-4"/>
      </object_component>
      <object_component id="oc-132">
         <name>.debug_abbrev</name>
         <load_address>0x5cf</load_address>
         <run_address>0x5cf</run_address>
         <size>0x8b</size>
         <input_file_ref idref="fl-4"/>
      </object_component>
      <object_component id="oc-1ac">
         <name>.debug_abbrev</name>
         <load_address>0x65a</load_address>
         <run_address>0x65a</run_address>
         <size>0xb0</size>
         <input_file_ref idref="fl-a"/>
      </object_component>
      <object_component id="oc-1aa">
         <name>.debug_abbrev</name>
         <load_address>0x70a</load_address>
         <run_address>0x70a</run_address>
         <size>0x27</size>
         <input_file_ref idref="fl-a"/>
      </object_component>
      <object_component id="oc-136">
         <name>.debug_abbrev</name>
         <load_address>0x731</load_address>
         <run_address>0x731</run_address>
         <size>0x6c</size>
         <input_file_ref idref="fl-a"/>
      </object_component>
      <object_component id="oc-1c9">
         <name>.debug_abbrev</name>
         <load_address>0x79d</load_address>
         <run_address>0x79d</run_address>
         <size>0x6e</size>
         <input_file_ref idref="fl-a"/>
      </object_component>
      <object_component id="oc-16e">
         <name>.debug_abbrev</name>
         <load_address>0x80b</load_address>
         <run_address>0x80b</run_address>
         <size>0x7c</size>
         <input_file_ref idref="fl-a"/>
      </object_component>
      <object_component id="oc-16f">
         <name>.debug_abbrev</name>
         <load_address>0x887</load_address>
         <run_address>0x887</run_address>
         <size>0x6c</size>
         <input_file_ref idref="fl-a"/>
      </object_component>
      <object_component id="oc-1b0">
         <name>.debug_abbrev</name>
         <load_address>0x8f3</load_address>
         <run_address>0x8f3</run_address>
         <size>0x97</size>
         <input_file_ref idref="fl-a"/>
      </object_component>
      <object_component id="oc-139">
         <name>.debug_abbrev</name>
         <load_address>0x98a</load_address>
         <run_address>0x98a</run_address>
         <size>0x35</size>
         <input_file_ref idref="fl-a"/>
      </object_component>
      <object_component id="oc-1b5">
         <name>.debug_abbrev</name>
         <load_address>0x9bf</load_address>
         <run_address>0x9bf</run_address>
         <size>0xb0</size>
         <input_file_ref idref="fl-b"/>
      </object_component>
      <object_component id="oc-1b3">
         <name>.debug_abbrev</name>
         <load_address>0xa6f</load_address>
         <run_address>0xa6f</run_address>
         <size>0x27</size>
         <input_file_ref idref="fl-b"/>
      </object_component>
      <object_component id="oc-148">
         <name>.debug_abbrev</name>
         <load_address>0xa96</load_address>
         <run_address>0xa96</run_address>
         <size>0x60</size>
         <input_file_ref idref="fl-b"/>
      </object_component>
      <object_component id="oc-140">
         <name>.debug_abbrev</name>
         <load_address>0xaf6</load_address>
         <run_address>0xaf6</run_address>
         <size>0x6c</size>
         <input_file_ref idref="fl-b"/>
      </object_component>
      <object_component id="oc-215">
         <name>.debug_abbrev</name>
         <load_address>0xb62</load_address>
         <run_address>0xb62</run_address>
         <size>0xe1</size>
         <input_file_ref idref="fl-c"/>
      </object_component>
      <object_component id="oc-224">
         <name>.debug_abbrev</name>
         <load_address>0xc43</load_address>
         <run_address>0xc43</run_address>
         <size>0x7c</size>
         <input_file_ref idref="fl-c"/>
      </object_component>
      <object_component id="oc-1b9">
         <name>.debug_abbrev</name>
         <load_address>0xcbf</load_address>
         <run_address>0xcbf</run_address>
         <size>0x52</size>
         <input_file_ref idref="fl-c"/>
      </object_component>
      <object_component id="oc-1b8">
         <name>.debug_abbrev</name>
         <load_address>0xd11</load_address>
         <run_address>0xd11</run_address>
         <size>0x60</size>
         <input_file_ref idref="fl-c"/>
      </object_component>
      <object_component id="oc-1eb">
         <name>.debug_abbrev</name>
         <load_address>0xd71</load_address>
         <run_address>0xd71</run_address>
         <size>0x7a</size>
         <input_file_ref idref="fl-c"/>
      </object_component>
      <object_component id="oc-1c0">
         <name>.debug_abbrev</name>
         <load_address>0xdeb</load_address>
         <run_address>0xdeb</run_address>
         <size>0x65</size>
         <input_file_ref idref="fl-c"/>
      </object_component>
      <object_component id="oc-1c8">
         <name>.debug_abbrev</name>
         <load_address>0xe50</load_address>
         <run_address>0xe50</run_address>
         <size>0x65</size>
         <input_file_ref idref="fl-c"/>
      </object_component>
      <object_component id="oc-167">
         <name>.debug_abbrev</name>
         <load_address>0xeb5</load_address>
         <run_address>0xeb5</run_address>
         <size>0x6e</size>
         <input_file_ref idref="fl-c"/>
      </object_component>
      <object_component id="oc-223">
         <name>.debug_abbrev</name>
         <load_address>0xf23</load_address>
         <run_address>0xf23</run_address>
         <size>0x60</size>
         <input_file_ref idref="fl-c"/>
      </object_component>
      <object_component id="oc-22f">
         <name>.debug_abbrev</name>
         <load_address>0xf83</load_address>
         <run_address>0xf83</run_address>
         <size>0x60</size>
         <input_file_ref idref="fl-c"/>
      </object_component>
      <object_component id="oc-22b">
         <name>.debug_abbrev</name>
         <load_address>0xfe3</load_address>
         <run_address>0xfe3</run_address>
         <size>0x7a</size>
         <input_file_ref idref="fl-c"/>
      </object_component>
      <object_component id="oc-22c">
         <name>.debug_abbrev</name>
         <load_address>0x105d</load_address>
         <run_address>0x105d</run_address>
         <size>0x60</size>
         <input_file_ref idref="fl-c"/>
      </object_component>
      <object_component id="oc-205">
         <name>.debug_abbrev</name>
         <load_address>0x10bd</load_address>
         <run_address>0x10bd</run_address>
         <size>0x7a</size>
         <input_file_ref idref="fl-c"/>
      </object_component>
      <object_component id="oc-22e">
         <name>.debug_abbrev</name>
         <load_address>0x1137</load_address>
         <run_address>0x1137</run_address>
         <size>0x50</size>
         <input_file_ref idref="fl-d"/>
      </object_component>
      <object_component id="oc-22d">
         <name>.debug_abbrev</name>
         <load_address>0x1187</load_address>
         <run_address>0x1187</run_address>
         <size>0x5e</size>
         <input_file_ref idref="fl-e"/>
      </object_component>
      <object_component id="oc-1c1">
         <name>.debug_abbrev</name>
         <load_address>0x11e5</load_address>
         <run_address>0x11e5</run_address>
         <size>0x50</size>
         <input_file_ref idref="fl-f"/>
      </object_component>
      <object_component id="oc-1b7">
         <name>.debug_abbrev</name>
         <load_address>0x1235</load_address>
         <run_address>0x1235</run_address>
         <size>0x52</size>
         <input_file_ref idref="fl-f"/>
      </object_component>
      <object_component id="oc-ed">
         <name>.debug_abbrev</name>
         <load_address>0x1287</load_address>
         <run_address>0x1287</run_address>
         <size>0x5d</size>
         <input_file_ref idref="fl-c6"/>
      </object_component>
      <object_component id="oc-7f">
         <name>.debug_abbrev</name>
         <load_address>0x12e4</load_address>
         <run_address>0x12e4</run_address>
         <size>0x6f</size>
         <input_file_ref idref="fl-c6"/>
      </object_component>
      <object_component id="oc-82">
         <name>.debug_abbrev</name>
         <load_address>0x1353</load_address>
         <run_address>0x1353</run_address>
         <size>0x24</size>
         <input_file_ref idref="fl-c6"/>
      </object_component>
      <object_component id="oc-ea">
         <name>.debug_abbrev</name>
         <load_address>0x1377</load_address>
         <run_address>0x1377</run_address>
         <size>0x24</size>
         <input_file_ref idref="fl-c6"/>
      </object_component>
      <object_component id="oc-7d">
         <name>.debug_abbrev</name>
         <load_address>0x139b</load_address>
         <run_address>0x139b</run_address>
         <size>0x37</size>
         <input_file_ref idref="fl-c7"/>
      </object_component>
      <object_component id="oc-35">
         <name>.debug_abbrev</name>
         <load_address>0x13d2</load_address>
         <run_address>0x13d2</run_address>
         <size>0x74</size>
         <input_file_ref idref="fl-c7"/>
      </object_component>
      <object_component id="oc-38">
         <name>.debug_abbrev</name>
         <load_address>0x1446</load_address>
         <run_address>0x1446</run_address>
         <size>0x24</size>
         <input_file_ref idref="fl-c7"/>
      </object_component>
      <object_component id="oc-7a">
         <name>.debug_abbrev</name>
         <load_address>0x146a</load_address>
         <run_address>0x146a</run_address>
         <size>0x24</size>
         <input_file_ref idref="fl-c7"/>
      </object_component>
      <object_component id="oc-e6">
         <name>.debug_abbrev</name>
         <load_address>0x148e</load_address>
         <run_address>0x148e</run_address>
         <size>0x37</size>
         <input_file_ref idref="fl-c8"/>
      </object_component>
      <object_component id="oc-25">
         <name>.debug_abbrev</name>
         <load_address>0x14c5</load_address>
         <run_address>0x14c5</run_address>
         <size>0x6f</size>
         <input_file_ref idref="fl-c8"/>
      </object_component>
      <object_component id="oc-28">
         <name>.debug_abbrev</name>
         <load_address>0x1534</load_address>
         <run_address>0x1534</run_address>
         <size>0x24</size>
         <input_file_ref idref="fl-c8"/>
      </object_component>
      <object_component id="oc-e3">
         <name>.debug_abbrev</name>
         <load_address>0x1558</load_address>
         <run_address>0x1558</run_address>
         <size>0x35</size>
         <input_file_ref idref="fl-c8"/>
      </object_component>
      <object_component id="oc-73">
         <name>.debug_abbrev</name>
         <load_address>0x158d</load_address>
         <run_address>0x158d</run_address>
         <size>0x24</size>
         <input_file_ref idref="fl-c8"/>
      </object_component>
      <object_component id="oc-6f">
         <name>.debug_abbrev</name>
         <load_address>0x15b1</load_address>
         <run_address>0x15b1</run_address>
         <size>0x29</size>
         <input_file_ref idref="fl-c9"/>
      </object_component>
      <object_component id="oc-95">
         <name>.debug_abbrev</name>
         <load_address>0x15da</load_address>
         <run_address>0x15da</run_address>
         <size>0x55</size>
         <input_file_ref idref="fl-c9"/>
      </object_component>
      <object_component id="oc-77">
         <name>.debug_abbrev</name>
         <load_address>0x162f</load_address>
         <run_address>0x162f</run_address>
         <size>0x3e</size>
         <input_file_ref idref="fl-ca"/>
      </object_component>
      <object_component id="oc-1d8">
         <name>.debug_abbrev</name>
         <load_address>0x166d</load_address>
         <run_address>0x166d</run_address>
         <size>0xc0</size>
         <input_file_ref idref="fl-cc"/>
      </object_component>
      <object_component id="oc-192">
         <name>.debug_abbrev</name>
         <load_address>0x172d</load_address>
         <run_address>0x172d</run_address>
         <size>0x7e</size>
         <input_file_ref idref="fl-cc"/>
      </object_component>
      <object_component id="oc-1dc">
         <name>.debug_abbrev</name>
         <load_address>0x17ab</load_address>
         <run_address>0x17ab</run_address>
         <size>0x24</size>
         <input_file_ref idref="fl-cc"/>
      </object_component>
      <object_component id="oc-20b">
         <name>.debug_abbrev</name>
         <load_address>0x17cf</load_address>
         <run_address>0x17cf</run_address>
         <size>0x24</size>
         <input_file_ref idref="fl-cc"/>
      </object_component>
      <object_component id="oc-1e1">
         <name>.debug_abbrev</name>
         <load_address>0x17f3</load_address>
         <run_address>0x17f3</run_address>
         <size>0x24</size>
         <input_file_ref idref="fl-cc"/>
      </object_component>
      <object_component id="oc-1e6">
         <name>.debug_abbrev</name>
         <load_address>0x1817</load_address>
         <run_address>0x1817</run_address>
         <size>0x4b</size>
         <input_file_ref idref="fl-cc"/>
      </object_component>
      <object_component id="oc-f0">
         <name>.debug_abbrev</name>
         <load_address>0x1862</load_address>
         <run_address>0x1862</run_address>
         <size>0x55</size>
         <input_file_ref idref="fl-cd"/>
      </object_component>
      <object_component id="oc-188">
         <name>.debug_abbrev</name>
         <load_address>0x18b7</load_address>
         <run_address>0x18b7</run_address>
         <size>0x45</size>
         <input_file_ref idref="fl-cf"/>
      </object_component>
      <object_component id="oc-25e">
         <name>.debug_abbrev</name>
         <load_address>0x18fc</load_address>
         <run_address>0x18fc</run_address>
         <size>0xf</size>
      </object_component>
      <object_component id="oc-176">
         <name>.debug_str</name>
         <load_address>0x0</load_address>
         <run_address>0x0</run_address>
         <size>0x15c1</size>
         <input_file_ref idref="fl-2"/>
      </object_component>
      <object_component id="oc-e0">
         <name>.debug_str</name>
         <load_address>0x15c1</load_address>
         <run_address>0x15c1</run_address>
         <size>0x2a9</size>
         <input_file_ref idref="fl-2"/>
      </object_component>
      <object_component id="oc-17b">
         <name>.debug_str</name>
         <load_address>0x186a</load_address>
         <run_address>0x186a</run_address>
         <size>0x47d</size>
         <input_file_ref idref="fl-2"/>
      </object_component>
      <object_component id="oc-d4">
         <name>.debug_str</name>
         <load_address>0x1ce7</load_address>
         <run_address>0x1ce7</run_address>
         <size>0xfe</size>
         <input_file_ref idref="fl-2"/>
      </object_component>
      <object_component id="oc-187">
         <name>.debug_str</name>
         <load_address>0x1de5</load_address>
         <run_address>0x1de5</run_address>
         <size>0x338</size>
         <input_file_ref idref="fl-2"/>
      </object_component>
      <object_component id="oc-180">
         <name>.debug_str</name>
         <load_address>0x211d</load_address>
         <run_address>0x211d</run_address>
         <size>0x1b4</size>
         <input_file_ref idref="fl-2"/>
      </object_component>
[...]
            <object_component_ref idref="oc-75"/>
            <object_component_ref idref="oc-1de"/>
            <object_component_ref idref="oc-20d"/>
            <object_component_ref idref="oc-1e3"/>
            <object_component_ref idref="oc-1e8"/>
         </contents>
      </logical_group>
      <logical_group id="lg-24a" display="never" color="cyan">
         <name>.debug_aranges</name>
         <load_address>0x0</load_address>
         <run_address>0x0</run_address>
         <size>0x450</size>
         <contents>
            <object_component_ref idref="oc-69"/>
            <object_component_ref idref="oc-63"/>
            <object_component_ref idref="oc-a1"/>
            <object_component_ref idref="oc-a9"/>
            <object_component_ref idref="oc-16b"/>
            <object_component_ref idref="oc-c0"/>
            <object_component_ref idref="oc-c7"/>
            <object_component_ref idref="oc-b5"/>
            <object_component_ref idref="oc-ae"/>
            <object_component_ref idref="oc-1f7"/>
            <object_component_ref idref="oc-152"/>
            <object_component_ref idref="oc-14c"/>
            <object_component_ref idref="oc-1be"/>
            <object_component_ref idref="oc-15a"/>
            <object_component_ref idref="oc-165"/>
            <object_component_ref idref="oc-bc"/>
            <object_component_ref idref="oc-1f0"/>
            <object_component_ref idref="oc-229"/>
            <object_component_ref idref="oc-1fe"/>
            <object_component_ref idref="oc-202"/>
            <object_component_ref idref="oc-1c5"/>
            <object_component_ref idref="oc-220"/>
            <object_component_ref idref="oc-21b"/>
            <object_component_ref idref="oc-15e"/>
            <object_component_ref idref="oc-144"/>
            <object_component_ref idref="oc-3d"/>
            <object_component_ref idref="oc-19"/>
            <object_component_ref idref="oc-12"/>
            <object_component_ref idref="oc-50"/>
            <object_component_ref idref="oc-32"/>
            <object_component_ref idref="oc-fe"/>
            <object_component_ref idref="oc-8f"/>
            <object_component_ref idref="oc-f3"/>
         </contents>
      </logical_group>
      <logical_group id="lg-24c" display="never" color="cyan">
         <name>.debug_pubnames</name>
         <load_address>0x0</load_address>
         <run_address>0x0</run_address>
         <size>0x6f2</size>
         <contents>
            <object_component_ref idref="oc-cb"/>
            <object_component_ref idref="oc-ce"/>
            <object_component_ref idref="oc-6a"/>
            <object_component_ref idref="oc-21"/>
            <object_component_ref idref="oc-62"/>
            <object_component_ref idref="oc-131"/>
            <object_component_ref idref="oc-a0"/>
            <object_component_ref idref="oc-135"/>
            <object_component_ref idref="oc-aa"/>
            <object_component_ref idref="oc-16c"/>
            <object_component_ref idref="oc-c1"/>
            <object_component_ref idref="oc-c6"/>
            <object_component_ref idref="oc-13f"/>
            <object_component_ref idref="oc-b6"/>
            <object_component_ref idref="oc-af"/>
            <object_component_ref idref="oc-1f6"/>
            <object_component_ref idref="oc-153"/>
            <object_component_ref idref="oc-14d"/>
            <object_component_ref idref="oc-1bd"/>
            <object_component_ref idref="oc-159"/>
            <object_component_ref idref="oc-166"/>
            <object_component_ref idref="oc-bb"/>
            <object_component_ref idref="oc-1f1"/>
            <object_component_ref idref="oc-22a"/>
            <object_component_ref idref="oc-1fd"/>
            <object_component_ref idref="oc-203"/>
            <object_component_ref idref="oc-1c6"/>
            <object_component_ref idref="oc-21f"/>
            <object_component_ref idref="oc-21a"/>
            <object_component_ref idref="oc-15d"/>
            <object_component_ref idref="oc-145"/>
            <object_component_ref idref="oc-3f"/>
            <object_component_ref idref="oc-18"/>
            <object_component_ref idref="oc-13"/>
            <object_component_ref idref="oc-24"/>
            <object_component_ref idref="oc-51"/>
            <object_component_ref idref="oc-33"/>
            <object_component_ref idref="oc-102"/>
            <object_component_ref idref="oc-8e"/>
            <object_component_ref idref="oc-f4"/>
         </contents>
      </logical_group>
      <logical_group id="lg-24e" display="never" color="cyan">
         <name>.debug_pubtypes</name>
         <load_address>0x0</load_address>
         <run_address>0x0</run_address>
         <size>0x1215</size>
         <contents>
            <object_component_ref idref="oc-173"/>
            <object_component_ref idref="oc-dd"/>
            <object_component_ref idref="oc-178"/>
            <object_component_ref idref="oc-d1"/>
            <object_component_ref idref="oc-184"/>
            <object_component_ref idref="oc-17d"/>
            <object_component_ref idref="oc-d6"/>
            <object_component_ref idref="oc-2c"/>
            <object_component_ref idref="oc-1af"/>
            <object_component_ref idref="oc-138"/>
            <object_component_ref idref="oc-81"/>
            <object_component_ref idref="oc-e9"/>
            <object_component_ref idref="oc-37"/>
            <object_component_ref idref="oc-79"/>
            <object_component_ref idref="oc-27"/>
            <object_component_ref idref="oc-e2"/>
            <object_component_ref idref="oc-72"/>
            <object_component_ref idref="oc-1db"/>
            <object_component_ref idref="oc-20a"/>
            <object_component_ref idref="oc-1e0"/>
            <object_component_ref idref="oc-1e5"/>
         </contents>
      </logical_group>
      <load_segment id="lg-263" display="no" color="cyan">
         <name>SEGMENT_0</name>
         <load_address>0x0</load_address>
         <run_address>0x0</run_address>
         <size>0xdd8</size>
         <flags>0x5</flags>
         <contents>
            <logical_group_ref idref="lg-3"/>
            <logical_group_ref idref="lg-4"/>
            <logical_group_ref idref="lg-5"/>
            <logical_group_ref idref="lg-6"/>
         </contents>
      </load_segment>
      <load_segment id="lg-264" display="no" color="cyan">
         <name>SEGMENT_1</name>
         <run_address>0x20000000</run_address>
         <size>0x3c</size>
         <flags>0x6</flags>
         <contents>
            <logical_group_ref idref="lg-b"/>
            <logical_group_ref idref="lg-c"/>
         </contents>
      </load_segment>
      <load_segment id="lg-265" display="no" color="cyan">
         <name>SEGMENT_2</name>
         <run_address>0x2000fe00</run_address>
         <size>0x200</size>
         <flags>0x6</flags>
         <contents>
            <logical_group_ref idref="lg-e"/>
         </contents>
      </load_segment>
   </logical_group_list>
   <placement_map>
      <memory_area display="yes" color="green">
         <name>MAIN</name>
         <page_id>0x0</page_id>
         <origin>0x0</origin>
         <length>0x40000</length>
         <used_space>0xdd4</used_space>
         <unused_space>0x3f22c</unused_space>
         <attributes>RX</attributes>
         <usage_details>
            <allocated_space>
               <start_address>0x0</start_address>
               <size>0x140</size>
               <logical_group_ref idref="lg-3"/>
            </allocated_space>
            <allocated_space>
               <start_address>0x140</start_address>
               <size>0xbfc</size>
               <logical_group_ref idref="lg-4"/>
            </allocated_space>
            <allocated_space>
               <start_address>0xd3c</start_address>
               <size>0x40</size>
               <logical_group_ref idref="lg-5"/>
            </allocated_space>
            <available_space>
               <start_address>0xd7c</start_address>
               <size>0x4</size>
            </available_space>
            <allocated_space>
               <start_address>0xd80</start_address>
               <size>0x58</size>
               <logical_group_ref idref="lg-6"/>
            </allocated_space>
            <available_space>
               <start_address>0xdd8</start_address>
               <size>0x3f228</size>
            </available_space>
         </usage_details>
      </memory_area>
      <memory_area display="yes" color="green">
         <name>INFO</name>
         <page_id>0x0</page_id>
         <origin>0x200000</origin>
         <length>0x4000</length>
         <used_space>0x0</used_space>
         <unused_space>0x4000</unused_space>
         <attributes>RX</attributes>
         <usage_details>
         </usage_details>
      </memory_area>
      <memory_area display="yes" color="green">
         <name>SRAM_CODE</name>
         <page_id>0x0</page_id>
         <origin>0x1000000</origin>
         <length>0x10000</length>
         <used_space>0x0</used_space>
         <unused_space>0x10000</unused_space>
         <attributes>RWX</attributes>
         <usage_details>
         </usage_details>
      </memory_area>
      <memory_area display="yes" color="green">
         <name>SRAM_DATA</name>
         <page_id>0x0</page_id>
         <origin>0x20000000</origin>
         <length>0x10000</length>
         <used_space>0x23a</used_space>
         <unused_space>0xfdc6</unused_space>
         <attributes>RW</attributes>
         <usage_details>
            <allocated_space>
               <start_address>0x20000000</start_address>
               <size>0x36</size>
               <logical_group_ref idref="lg-b"/>
            </allocated_space>
            <available_space>
               <start_address>0x20000036</start_address>
               <size>0x2</size>
            </available_space>
            <allocated_space>
               <start_address>0x20000038</start_address>
               <size>0x4</size>
               <logical_group_ref idref="lg-c"/>
            </allocated_space>
            <available_space>
               <start_address>0x2000003c</start_address>
               <size>0xfdc4</size>
            </available_space>
            <allocated_space>
               <start_address>0x2000fe00</start_address>
               <size>0x200</size>
               <logical_group_ref idref="lg-e"/>
            </allocated_space>
         </usage_details>
      </memory_area>
   </placement_map>
   <cptbl_list>
      <cptbl>
         <name>__TI_cinit_table</name>
         <cprec>
            <name>.data</name>
            <load_address>0xd80</load_address>
            <load_size>0x30</load_size>
            <run_address>0x20000000</run_address>
            <run_size>0x36</run_size>
            <compression>lzss</compression>
         </cprec>
         <cprec>
            <name>.bss</name>
            <load_address>0xdc0</load_address>
            <load_size>0x8</load_size>
            <run_address>0x20000038</run_address>
            <run_size>0x4</run_size>
            <compression>zero_init</compression>
         </cprec>
      </cptbl>
   </cptbl_list>
   <handler_table>
      <handler_table_name>__TI_handler_table</handler_table_name>
      <handler>
         <index>0x0</index>
         <name>__TI_decompress_lzss</name>
      </handler>
      <handler>
         <index>0x1</index>
         <name>__TI_decompress_none</name>
      </handler>
      <handler>
         <index>0x2</index>
         <name>__TI_zero_init</name>
      </handler>
   </handler_table>
   <symbol_table>
      <symbol id="sm-1">
         <name>WDTCTL_SYM</name>
         <value>0x4000480c</value>
      </symbol>
      <symbol id="sm-2">
         <name>__TI_CINIT_Base</name>
         <value>0xdc8</value>
      </symbol>
      <symbol id="sm-3">
         <name>__TI_CINIT_Limit</name>
         <value>0xdd8</value>
      </symbol>
      <symbol id="sm-4">
         <name>__TI_Handler_Table_Base</name>
         <value>0xdb0</value>
      </symbol>
      <symbol id="sm-5">
         <name>__TI_Handler_Table_Limit</name>
         <value>0xdbc</value>
      </symbol>
      <symbol id="sm-6">
         <name>binit</name>
         <value>0xffffffff</value>
      </symbol>
      <symbol id="sm-7">
         <name>__binit__</name>
         <value>0xffffffff</value>
      </symbol>
      <symbol id="sm-8">
         <name>__STACK_SIZE</name>
         <value>0x200</value>
      </symbol>
      <symbol id="sm-9">
         <name>__STACK_END</name>
         <value>0x20010000</value>
      </symbol>
      <symbol id="sm-a">
         <name>__c_args__</name>
         <value>0xffffffff</value>
      </symbol>
      <symbol id="sm-b">
         <name>__TI_pprof_out_hndl</name>
         <value>0xffffffff</value>
      </symbol>
      <symbol id="sm-c">
         <name>__TI_prof_data_start</name>
         <value>0xffffffff</value>
      </symbol>
      <symbol id="sm-d">
         <name>__TI_prof_data_size</name>
         <value>0xffffffff</value>
      </symbol>
      <symbol id="sm-65">
         <name>counter</name>
         <value>0x20000038</value>
      </symbol>
      <symbol id="sm-66">
         <name>PORT2_IRQHandler</name>
         <value>0x6b3</value>
         <object_component_ref idref="oc-66"/>
      </symbol>
      <symbol id="sm-67">
         <name>main</name>
         <value>0x609</value>
         <object_component_ref idref="oc-66"/>
      </symbol>
      <symbol id="sm-68">
         <name>swapFirstAndThirdBits</name>
         <value>0x67f</value>
         <object_component_ref idref="oc-66"/>
      </symbol>
      <symbol id="sm-69">
         <name>rotations</name>
         <value>0x20000034</value>
         <object_component_ref idref="oc-cc"/>
      </symbol>
      <symbol id="sm-8b">
         <name>interruptVectors</name>
         <value>0x0</value>
         <object_component_ref idref="oc-1f"/>
      </symbol>
      <symbol id="sm-d2">
         <name>SystemInit</name>
         <value>0x3b5</value>
         <object_component_ref idref="oc-9e"/>
      </symbol>
      <symbol id="sm-d3">
         <name>SystemCoreClockUpdate</name>
         <value>0x141</value>
         <object_component_ref idref="oc-9e"/>
      </symbol>
      <symbol id="sm-d4">
         <name>SystemCoreClock</name>
         <value>0x20000030</value>
         <object_component_ref idref="oc-12f"/>
      </symbol>
      <symbol id="sm-115">
         <name>GPIO_setAsInputPinWithPullUpResistor</name>
         <value>0xb95</value>
         <object_component_ref idref="oc-a5"/>
      </symbol>
      <symbol id="sm-116">
         <name>GPIO_getInterruptStatus</name>
         <value>0xcc9</value>
         <object_component_ref idref="oc-168"/>
      </symbol>
      <symbol id="sm-117">
         <name>GPIO_getEnabledInterruptStatus</name>
         <value>0xb65</value>
         <object_component_ref idref="oc-bd"/>
      </symbol>
      <symbol id="sm-118">
         <name>GPIO_clearInterruptFlag</name>
         <value>0xc85</value>
         <object_component_ref idref="oc-c3"/>
      </symbol>
      <symbol id="sm-148">
         <name>Interrupt_enableMaster</name>
         <value>0xcd9</value>
         <object_component_ref idref="oc-b1"/>
      </symbol>
      <symbol id="sm-149">
         <name>Interrupt_enableInterrupt</name>
         <value>0xa39</value>
         <object_component_ref idref="oc-ab"/>
      </symbol>
      <symbol id="sm-206">
         <name>PCM_getCoreVoltageLevel</name>
         <value>0xbc5</value>
         <object_component_ref idref="oc-225"/>
      </symbol>
      <symbol id="sm-207">
         <name>PCM_shutdownDevice</name>
         <value>0xa9d</value>
         <object_component_ref idref="oc-1f3"/>
      </symbol>
      <symbol id="sm-208">
         <name>PCM_setPowerState</name>
         <value>0xd29</value>
         <object_component_ref idref="oc-161"/>
      </symbol>
      <symbol id="sm-209">
         <name>PCM_getPowerMode</name>
         <value>0xbf1</value>
         <object_component_ref idref="oc-149"/>
      </symbol>
      <symbol id="sm-20a">
         <name>PCM_getPowerState</name>
         <value>0xd15</value>
         <object_component_ref idref="oc-14f"/>
      </symbol>
      <symbol id="sm-20b">
         <name>PCM_gotoLPM4</name>
         <value>0xce9</value>
         <object_component_ref idref="oc-1ed"/>
      </symbol>
      <symbol id="sm-20c">
         <name>PCM_gotoLPM3</name>
         <value>0x955</value>
         <object_component_ref idref="oc-b7"/>
      </symbol>
      <symbol id="sm-20d">
         <name>PCM_gotoLPM0</name>
         <value>0xc1d</value>
         <object_component_ref idref="oc-1ff"/>
      </symbol>
      <symbol id="sm-20e">
         <name>PCM_setPowerMode</name>
         <value>0xd21</value>
         <object_component_ref idref="oc-155"/>
      </symbol>
      <symbol id="sm-21b">
         <name>RTC_C_holdClock</name>
         <value>0xc45</value>
         <object_component_ref idref="oc-21d"/>
      </symbol>
      <symbol id="sm-227">
         <name>WDT_A_holdTimer</name>
         <value>0xc9d</value>
         <object_component_ref idref="oc-217"/>
      </symbol>
      <symbol id="sm-239">
         <name>CPU_wfi</name>
         <value>0xd31</value>
         <object_component_ref idref="oc-15b"/>
      </symbol>
      <symbol id="sm-23a">
         <name>CPU_cpsie</name>
         <value>0xd07</value>
         <object_component_ref idref="oc-142"/>
      </symbol>
      <symbol id="sm-254">
         <name>__TI_zero_init_nomemset</name>
         <value>0xc69</value>
         <object_component_ref idref="oc-3c"/>
      </symbol>
      <symbol id="sm-26b">
         <name>__TI_decompress_none</name>
         <value>0xcf9</value>
         <object_component_ref idref="oc-16"/>
      </symbol>
      <symbol id="sm-28e">
         <name>__TI_decompress_lzss</name>
         <value>0x9d1</value>
         <object_component_ref idref="oc-10"/>
      </symbol>
      <symbol id="sm-2a1">
         <name>__stack</name>
         <value>0x2000fe00</value>
         <object_component_ref idref="oc-22"/>
      </symbol>
      <symbol id="sm-2a2">
         <name>_c_int00_noargs</name>
         <value>0xb31</value>
         <object_component_ref idref="oc-4e"/>
      </symbol>
      <symbol id="sm-2bd">
         <name>memcpy</name>
         <value>0x8b9</value>
         <object_component_ref idref="oc-30"/>
      </symbol>
      <symbol id="sm-2be">
         <name>__aeabi_memcpy</name>
         <value>0x8b9</value>
         <object_component_ref idref="oc-30"/>
      </symbol>
      <symbol id="sm-2bf">
         <name>__aeabi_memcpy8</name>
         <value>0x8b9</value>
         <object_component_ref idref="oc-30"/>
      </symbol>
      <symbol id="sm-2c0">
         <name>__aeabi_memcpy4</name>
         <value>0x8b9</value>
         <object_component_ref idref="oc-30"/>
      </symbol>
      <symbol id="sm-2e9">
         <name>__TI_auto_init_nobinit_nopinit</name>
         <value>0xaed</value>
         <object_component_ref idref="oc-fd"/>
      </symbol>
      <symbol id="sm-2f3">
         <name>_system_pre_init</name>
         <value>0xd35</value>
         <object_component_ref idref="oc-8c"/>
      </symbol>
      <symbol id="sm-2ff">
         <name>C$$EXIT</name>
         <value>0xd39</value>
         <object_component_ref idref="oc-f1"/>
      </symbol>
      <symbol id="sm-300">
         <name>abort</name>
         <value>0xd39</value>
         <object_component_ref idref="oc-f1"/>
      </symbol>
      <symbol id="sm-303">
         <name>__TI_static_base__</name>
         <value>0x0</value>
      </symbol>
      <symbol id="sm-306">
         <name>__mpu_init</name>
         <value>0x0</value>
      </symbol>
      <symbol id="sm-307">
         <name>_system_post_cinit</name>
         <value>0x0</value>
      </symbol>
   </symbol_table>
   <title>Link successful</title>
</link_info>
