******************************************************************************
                  TI ARM Linker PC v18.12.4                    
******************************************************************************
>> Linked Wed Sep 21 15:31:34 2022

OUTPUT FILE NAME:   <lab3.1.out>
ENTRY POINT SYMBOL: "_c_int00_noargs"  address: 00000b31


MEMORY CONFIGURATION

         name            origin    length      used     unused   attr    fill
----------------------  --------  ---------  --------  --------  ----  --------
  MAIN                  00000000   00040000  00000dd4  0003f22c  R  X
  INFO                  00200000   00004000  00000000  00004000  R  X
  SRAM_CODE             01000000   00010000  00000000  00010000  RW X
  SRAM_DATA             20000000   00010000  0000023a  0000fdc6  RW  


SEGMENT ALLOCATION MAP

run origin  load origin   length   init length attrs members
----------  ----------- ---------- ----------- ----- -------
00000000    00000000    00000dd8   00000dd8    r-x
  00000000    00000000    00000140   00000140    r-- .intvecs
  00000140    00000140    00000bfc   00000bfc    r-x .text
  00000d3c    00000d3c    00000040   00000040    r-- .const
  00000d80    00000d80    00000058   00000058    r-- .cinit
20000000    20000000    0000003c   00000000    rw-
  20000000    20000000    00000036   00000000    rw- .data
  20000038    20000038    00000004   00000000    rw- .bss
2000fe00    2000fe00    00000200   00000000    rw-
  2000fe00    2000fe00    00000200   00000000    rw- .stack


SECTION ALLOCATION MAP

 output                                  attributes/
section   page    origin      length       input sections
--------  ----  ----------  ----------   ----------------
.intvecs   0    00000000    00000140     
                  00000000    00000140     startup_msp432p401r_ccs.obj (.intvecs:retain)

.text      0    00000140    00000bfc     
                  00000140    00000328     system_msp432p401r.obj (.text)
                  00000468    000001a0     msp432p4xx_driverlib.lib : pcm.o (.text:__PCM_setPowerStateAdvanced)
                  00000608    00000124     gpio_toggle_output.obj (.text)
                  0000072c    000000dc     msp432p4xx_driverlib.lib : pcm.o (.text:__PCM_setPowerModeAdvanced)
                  00000808    000000b0                              : pcm.o (.text:__PCM_setCoreVoltageLevelAdvanced)
                  000008b8    0000009c     rtsv7M4_T_le_v4SPD16_eabi.lib : memcpy_t2.asm.obj (.text)
                  00000954    0000007c     msp432p4xx_driverlib.lib : pcm.o (.text:PCM_gotoLPM3)
                  000009d0    00000068     rtsv7M4_T_le_v4SPD16_eabi.lib : copy_decompress_lzss.c.obj (.text:decompress:lzss:__TI_decompress_lzss)
                  00000a38    00000064     msp432p4xx_driverlib.lib : interrupt.o (.text:Interrupt_enableInterrupt)
                  00000a9c    00000050                              : pcm.o (.text:PCM_shutdownDevice)
                  00000aec    00000044     rtsv7M4_T_le_v4SPD16_eabi.lib : autoinit.c.obj (.text:__TI_auto_init_nobinit_nopinit:__TI_auto_init_nobinit_nopinit)
                  00000b30    00000034                                   : boot_cortex_m.c.obj (.text:_c_int00_noargs:_c_int00_noargs)
                  00000b64    00000030     msp432p4xx_driverlib.lib : gpio.o (.text:GPIO_getEnabledInterruptStatus)
                  00000b94    00000030                              : gpio.o (.text:GPIO_setAsInputPinWithPullUpResistor)
                  00000bc4    0000002c                              : pcm.o (.text:PCM_getCoreVoltageLevel)
                  00000bf0    0000002a                              : pcm.o (.text:PCM_getPowerMode)
                  00000c1a    00000002     --HOLE-- [fill = 0]
                  00000c1c    00000028                              : pcm.o (.text:PCM_gotoLPM0)
                  00000c44    00000024                              : rtc_c.o (.text:RTC_C_holdClock)
                  00000c68    0000001c     rtsv7M4_T_le_v4SPD16_eabi.lib : copy_zero_init.c.obj (.text:decompress:ZI:__TI_zero_init_nomemset:__TI_zero_init_nomemset)
                  00000c84    00000018     msp432p4xx_driverlib.lib : gpio.o (.text:GPIO_clearInterruptFlag)
                  00000c9c    00000018                              : wdt_a.o (.text:WDT_A_holdTimer)
                  00000cb4    00000012     startup_msp432p401r_ccs.obj (.text)
                  00000cc6    00000002     --HOLE-- [fill = 0]
                  00000cc8    00000010     msp432p4xx_driverlib.lib : gpio.o (.text:GPIO_getInterruptStatus)
                  00000cd8    00000010                              : interrupt.o (.text:Interrupt_enableMaster)
                  00000ce8    00000010                              : pcm.o (.text:PCM_gotoLPM4)
                  00000cf8    0000000e     rtsv7M4_T_le_v4SPD16_eabi.lib : copy_decompress_none.c.obj (.text:decompress:none:__TI_decompress_none)
                  00000d06    0000000c     msp432p4xx_driverlib.lib : cpu.o (.text:CPU_cpsie)
                  00000d12    00000002     --HOLE-- [fill = 0]
                  00000d14    0000000c                              : pcm.o (.text:PCM_getPowerState)
                  00000d20    00000008                              : pcm.o (.text:PCM_setPowerMode)
                  00000d28    00000008                              : pcm.o (.text:PCM_setPowerState)
                  00000d30    00000004                              : cpu.o (.text:CPU_wfi)
                  00000d34    00000004     rtsv7M4_T_le_v4SPD16_eabi.lib : pre_init.c.obj (.text:_system_pre_init)
                  00000d38    00000004                                   : exit.c.obj (.text:abort:abort)

.const     0    00000d3c    00000040     
                  00000d3c    00000040     msp432p4xx_driverlib.lib : interrupt.o (.const)

.cinit     0    00000d80    00000058     
                  00000d80    00000030     (.cinit..data.load) [load image, compression = lzss]
                  00000db0    0000000c     (__TI_handler_table)
                  00000dbc    00000004     --HOLE-- [fill = 0]
                  00000dc0    00000008     (.cinit..bss.load) [load image, compression = zero_init]
                  00000dc8    00000010     (__TI_cinit_table)

.init_array 
*          0    00000000    00000000     UNINITIALIZED

.data      0    20000000    00000036     UNINITIALIZED
                  20000000    00000030     msp432p4xx_driverlib.lib : gpio.o (.data:GPIO_PORT_TO_BASE)
                  20000030    00000004     system_msp432p401r.obj (.data)
                  20000034    00000002     gpio_toggle_output.obj (.data)

.bss       0    20000038    00000004     UNINITIALIZED
                  20000038    00000004     (.common:counter)

.stack     0    2000fe00    00000200     UNINITIALIZED
                  2000fe00    00000004     rtsv7M4_T_le_v4SPD16_eabi.lib : boot_cortex_m.c.obj (.stack)
                  2000fe04    000001fc     --HOLE--

MODULE SUMMARY

       Module                        code   ro data   rw data
       ------                        ----   -------   -------
    .\
       system_msp432p401r.obj        808    0         4      
       startup_msp432p401r_ccs.obj   18     320       0      
       gpio_toggle_output.obj        292    0         6      
    +--+-----------------------------+------+---------+---------+
       Total:                        1118   320       10     
                                                             
    C:/Users/loowe/Desktop/University/Modules/ICT 2104/Documents/msp432_driverlib_3_21_00_05/driverlib/MSP432P4xx/ccs/msp432p4xx_driverlib.lib
       pcm.o                         1186   0         0      
       gpio.o                        136    0         48     
       interrupt.o                   116    64        0      
       rtc_c.o                       36     0         0      
       wdt_a.o                       24     0         0      
       cpu.o                         16     0         0      
    +--+-----------------------------+------+---------+---------+
       Total:                        1514   64        48     
                                                             
    C:\ti\ccs930\ccs\tools\compiler\ti-cgt-arm_18.12.4.LTS\lib\rtsv7M4_T_le_v4SPD16_eabi.lib
       memcpy_t2.asm.obj             156    0         0      
       copy_decompress_lzss.c.obj    104    0         0      
       autoinit.c.obj                68     0         0      
       boot_cortex_m.c.obj           52     0         0      
       copy_zero_init.c.obj          28     0         0      
       copy_decompress_none.c.obj    14     0         0      
       exit.c.obj                    4      0         0      
       pre_init.c.obj                4      0         0      
    +--+-----------------------------+------+---------+---------+
       Total:                        430    0         0      
                                                             
       Stack:                        0      0         512    
       Linker Generated:             0      84        0      
    +--+-----------------------------+------+---------+---------+
       Grand Total:                  3062   468       570    


LINKER GENERATED COPY TABLES

__TI_cinit_table @ 00000dc8 records: 2, size/record: 8, table size: 16
	.data: load addr=00000d80, load size=00000030 bytes, run addr=20000000, run size=00000036 bytes, compression=lzss
	.bss: load addr=00000dc0, load size=00000008 bytes, run addr=20000038, run size=00000004 bytes, compression=zero_init


LINKER GENERATED HANDLER TABLE

__TI_handler_table @ 00000db0 records: 3, size/record: 4, table size: 12
	index: 0, handler: __TI_decompress_lzss
	index: 1, handler: __TI_decompress_none
	index: 2, handler: __TI_zero_init


GLOBAL SYMBOLS: SORTED ALPHABETICALLY BY Name 

address   name                                
-------   ----                                
00000d39  C$$EXIT                             
00000d07  CPU_cpsie                           
00000d31  CPU_wfi                             
00000c85  GPIO_clearInterruptFlag             
00000b65  GPIO_getEnabledInterruptStatus      
00000cc9  GPIO_getInterruptStatus             
00000b95  GPIO_setAsInputPinWithPullUpResistor
00000a39  Interrupt_enableInterrupt           
00000cd9  Interrupt_enableMaster              
00000bc5  PCM_getCoreVoltageLevel             
00000bf1  PCM_getPowerMode                    
00000d15  PCM_getPowerState                   
00000c1d  PCM_gotoLPM0                        
00000955  PCM_gotoLPM3                        
00000ce9  PCM_gotoLPM4                        
00000d21  PCM_setPowerMode                    
00000d29  PCM_setPowerState                   
00000a9d  PCM_shutdownDevice                  
000006b3  PORT2_IRQHandler                    
00000c45  RTC_C_holdClock                     
20000030  SystemCoreClock                     
00000141  SystemCoreClockUpdate               
000003b5  SystemInit                          
4000480c  WDTCTL_SYM                          
00000c9d  WDT_A_holdTimer                     
20010000  __STACK_END                         
00000200  __STACK_SIZE                        
00000dc8  __TI_CINIT_Base                     
00000dd8  __TI_CINIT_Limit                    
00000db0  __TI_Handler_Table_Base             
00000dbc  __TI_Handler_Table_Limit            
00000aed  __TI_auto_init_nobinit_nopinit      
000009d1  __TI_decompress_lzss                
00000cf9  __TI_decompress_none                
ffffffff  __TI_pprof_out_hndl                 
ffffffff  __TI_prof_data_size                 
ffffffff  __TI_prof_data_start                
00000000  __TI_static_base__                  
00000c69  __TI_zero_init_nomemset             
000008b9  __aeabi_memcpy                      
000008b9  __aeabi_memcpy4                     
000008b9  __aeabi_memcpy8                     
ffffffff  __binit__                           
ffffffff  __c_args__                          
UNDEFED   __mpu_init                          
2000fe00  __stack                             
00000b31  _c_int00_noargs                     
UNDEFED   _system_post_cinit                  
00000d35  _system_pre_init                    
00000d39  abort                               
ffffffff  binit                               
20000038  counter                             
00000000  interruptVectors                    
00000609  main                                
000008b9  memcpy                              
20000034  rotations                           
0000067f  swapFirstAndThirdBits               


GLOBAL SYMBOLS: SORTED BY Symbol Address 

address   name                                
-------   ----                                
00000000  __TI_static_base__                  
00000000  interruptVectors                    
00000141  SystemCoreClockUpdate               
00000200  __STACK_SIZE                        
000003b5  SystemInit                          
00000609  main                                
0000067f  swapFirstAndThirdBits               
000006b3  PORT2_IRQHandler                    
000008b9  __aeabi_memcpy                      
000008b9  __aeabi_memcpy4                     
000008b9  __aeabi_memcpy8                     
000008b9  memcpy                              
00000955  PCM_gotoLPM3                        
000009d1  __TI_decompress_lzss                
00000a39  Interrupt_enableInterrupt           
00000a9d  PCM_shutdownDevice                  
00000aed  __TI_auto_init_nobinit_nopinit      
00000b31  _c_int00_noargs                     
00000b65  GPIO_getEnabledInterruptStatus      
00000b95  GPIO_setAsInputPinWithPullUpResistor
00000bc5  PCM_getCoreVoltageLevel             
00000bf1  PCM_getPowerMode                    
00000c1d  PCM_gotoLPM0                        
00000c45  RTC_C_holdClock                     
00000c69  __TI_zero_init_nomemset             
00000c85  GPIO_clearInterruptFlag             
00000c9d  WDT_A_holdTimer                     
00000cc9  GPIO_getInterruptStatus             
00000cd9  Interrupt_enableMaster              
00000ce9  PCM_gotoLPM4                        
00000cf9  __TI_decompress_none                
00000d07  CPU_cpsie                           
00000d15  PCM_getPowerState                   
00000d21  PCM_setPowerMode                    
00000d29  PCM_setPowerState                   
00000d31  CPU_wfi                             
00000d35  _system_pre_init                    
00000d39  C$$EXIT                             
00000d39  abort                               
00000db0  __TI_Handler_Table_Base             
00000dbc  __TI_Handler_Table_Limit            
00000dc8  __TI_CINIT_Base                     
00000dd8  __TI_CINIT_Limit                    
20000030  SystemCoreClock                     
20000034  rotations                           
20000038  counter                             
2000fe00  __stack                             
20010000  __STACK_END                         
4000480c  WDTCTL_SYM                          
ffffffff  __TI_pprof_out_hndl                 
ffffffff  __TI_prof_data_size                 
ffffffff  __TI_prof_data_start                
ffffffff  __binit__                           
ffffffff  __c_args__                          
ffffffff  binit                               
UNDEFED   __mpu_init                          
UNDEFED   _system_post_cinit                  

[57 symbols]
