******************************************************************************
                  TI ARM Linker PC v18.12.4                    
******************************************************************************
>> Linked Thu Sep 22 14:41:50 2022

OUTPUT FILE NAME:   <lab4.11.out>
ENTRY POINT SYMBOL: "_c_int00_noargs"  address: 00000a8d


MEMORY CONFIGURATION

         name            origin    length      used     unused   attr    fill
----------------------  --------  ---------  --------  --------  ----  --------
  MAIN                  00000000   00040000  00000cb8  0003f348  R  X
  INFO                  00200000   00004000  00000000  00004000  R  X
  SRAM_CODE             01000000   00010000  00000000  00010000  RW X
  SRAM_DATA             20000000   00010000  00000234  0000fdcc  RW  


SEGMENT ALLOCATION MAP

run origin  load origin   length   init length attrs members
----------  ----------- ---------- ----------- ----- -------
00000000    00000000    00000cb8   00000cb8    r-x
  00000000    00000000    00000140   00000140    r-- .intvecs
  00000140    00000140    00000ae0   00000ae0    r-x .text
  00000c20    00000c20    00000058   00000058    r-- .const
  00000c78    00000c78    00000040   00000040    r-- .cinit
20000000    20000000    00000034   00000000    rw-
  20000000    20000000    00000034   00000000    rw- .data
2000fe00    2000fe00    00000200   00000000    rw-
  2000fe00    2000fe00    00000200   00000000    rw- .stack


SECTION ALLOCATION MAP

 output                                  attributes/
section   page    origin      length       input sections
--------  ----  ----------  ----------   ----------------
.intvecs   0    00000000    00000140     
                  00000000    00000140     startup_msp432p401r_ccs.obj (.intvecs:retain)

.text      0    00000140    00000ae0     
                  00000140    00000328     system_msp432p401r.obj (.text)
                  00000468    000001a0     msp432p4xx_driverlib.lib : pcm.o (.text:__PCM_setPowerStateAdvanced)
                  00000608    000000dc                              : pcm.o (.text:__PCM_setPowerModeAdvanced)
                  000006e4    000000b0                              : pcm.o (.text:__PCM_setCoreVoltageLevelAdvanced)
                  00000794    0000009c     rtsv7M4_T_le_v4SPD16_eabi.lib : memcpy_t2.asm.obj (.text)
                  00000830    00000080     gpio_toggle_output.obj (.text)
                  000008b0    0000007c     msp432p4xx_driverlib.lib : pcm.o (.text:PCM_gotoLPM3)
                  0000092c    00000068     rtsv7M4_T_le_v4SPD16_eabi.lib : copy_decompress_lzss.c.obj (.text:decompress:lzss:__TI_decompress_lzss)
                  00000994    00000064     msp432p4xx_driverlib.lib : interrupt.o (.text:Interrupt_enableInterrupt)
                  000009f8    00000050                              : pcm.o (.text:PCM_shutdownDevice)
                  00000a48    00000044     rtsv7M4_T_le_v4SPD16_eabi.lib : autoinit.c.obj (.text:__TI_auto_init_nobinit_nopinit:__TI_auto_init_nobinit_nopinit)
                  00000a8c    00000034                                   : boot_cortex_m.c.obj (.text:_c_int00_noargs:_c_int00_noargs)
                  00000ac0    0000002c     msp432p4xx_driverlib.lib : pcm.o (.text:PCM_getCoreVoltageLevel)
                  00000aec    0000002a                              : pcm.o (.text:PCM_getPowerMode)
                  00000b16    00000002     --HOLE-- [fill = 0]
                  00000b18    00000028                              : pcm.o (.text:PCM_gotoLPM0)
                  00000b40    00000024                              : rtc_c.o (.text:RTC_C_holdClock)
                  00000b64    00000018                              : wdt_a.o (.text:WDT_A_holdTimer)
                  00000b7c    00000014                              : gpio.o (.text:GPIO_toggleOutputOnPin)
                  00000b90    00000014                              : interrupt.o (.text:Interrupt_enableSleepOnIsrExit)
                  00000ba4    00000012     startup_msp432p401r_ccs.obj (.text)
                  00000bb6    00000010     msp432p4xx_driverlib.lib : interrupt.o (.text:Interrupt_enableMaster)
                  00000bc6    00000010                              : pcm.o (.text:PCM_gotoLPM4)
                  00000bd6    0000000e     rtsv7M4_T_le_v4SPD16_eabi.lib : copy_decompress_none.c.obj (.text:decompress:none:__TI_decompress_none)
                  00000be4    0000000c     msp432p4xx_driverlib.lib : cpu.o (.text:CPU_cpsie)
                  00000bf0    0000000c                              : pcm.o (.text:PCM_getPowerState)
                  00000bfc    00000008                              : pcm.o (.text:PCM_setPowerMode)
                  00000c04    00000008                              : pcm.o (.text:PCM_setPowerState)
                  00000c0c    00000008                              : timer_a.o (.text:Timer_A_startCounter)
                  00000c14    00000004                              : cpu.o (.text:CPU_wfi)
                  00000c18    00000004     rtsv7M4_T_le_v4SPD16_eabi.lib : pre_init.c.obj (.text:_system_pre_init)
                  00000c1c    00000004                                   : exit.c.obj (.text:abort:abort)

.const     0    00000c20    00000058     
                  00000c20    00000040     msp432p4xx_driverlib.lib : interrupt.o (.const)
                  00000c60    00000018     gpio_toggle_output.obj (.const:upConfig)

.cinit     0    00000c78    00000040     
                  00000c78    0000002f     (.cinit..data.load) [load image, compression = lzss]
                  00000ca7    00000001     --HOLE-- [fill = 0]
                  00000ca8    00000008     (__TI_handler_table)
                  00000cb0    00000008     (__TI_cinit_table)

.init_array 
*          0    00000000    00000000     UNINITIALIZED

.data      0    20000000    00000034     UNINITIALIZED
                  20000000    00000030     msp432p4xx_driverlib.lib : gpio.o (.data:GPIO_PORT_TO_BASE)
                  20000030    00000004     system_msp432p401r.obj (.data)

.stack     0    2000fe00    00000200     UNINITIALIZED
                  2000fe00    00000004     rtsv7M4_T_le_v4SPD16_eabi.lib : boot_cortex_m.c.obj (.stack)
                  2000fe04    000001fc     --HOLE--

MODULE SUMMARY

       Module                        code   ro data   rw data
       ------                        ----   -------   -------
    .\
       system_msp432p401r.obj        808    0         4      
       startup_msp432p401r_ccs.obj   18     320       0      
       gpio_toggle_output.obj        128    24        0      
    +--+-----------------------------+------+---------+---------+
       Total:                        954    344       4      
                                                             
    C:/Users/loowe/Desktop/University/Modules/ICT 2104/Documents/msp432_driverlib_3_21_00_05/driverlib/MSP432P4xx/ccs/msp432p4xx_driverlib.lib
       pcm.o                         1186   0         0      
       interrupt.o                   136    64        0      
       gpio.o                        20     0         48     
       rtc_c.o                       36     0         0      
       wdt_a.o                       24     0         0      
       cpu.o                         16     0         0      
       timer_a.o                     8      0         0      
    +--+-----------------------------+------+---------+---------+
       Total:                        1426   64        48     
                                                             
    C:\ti\ccs930\ccs\tools\compiler\ti-cgt-arm_18.12.4.LTS\lib\rtsv7M4_T_le_v4SPD16_eabi.lib
       memcpy_t2.asm.obj             156    0         0      
       copy_decompress_lzss.c.obj    104    0         0      
       autoinit.c.obj                68     0         0      
       boot_cortex_m.c.obj           52     0         0      
       copy_decompress_none.c.obj    14     0         0      
       exit.c.obj                    4      0         0      
       pre_init.c.obj                4      0         0      
    +--+-----------------------------+------+---------+---------+
       Total:                        402    0         0      
                                                             
       Stack:                        0      0         512    
       Linker Generated:             0      63        0      
    +--+-----------------------------+------+---------+---------+
       Grand Total:                  2782   471       564    


LINKER GENERATED COPY TABLES

__TI_cinit_table @ 00000cb0 records: 1, size/record: 8, table size: 8
	.data: load addr=00000c78, load size=0000002f bytes, run addr=20000000, run size=00000034 bytes, compression=lzss


LINKER GENERATED HANDLER TABLE

__TI_handler_table @ 00000ca8 records: 2, size/record: 4, table size: 8
	index: 0, handler: __TI_decompress_lzss
	index: 1, handler: __TI_decompress_none


GLOBAL SYMBOLS: SORTED ALPHABETICALLY BY Name 

address   name                          
-------   ----                          
00000c1d  C$$EXIT                       
00000be5  CPU_cpsie                     
00000c15  CPU_wfi                       
00000b7d  GPIO_toggleOutputOnPin        
00000995  Interrupt_enableInterrupt     
00000bb7  Interrupt_enableMaster        
00000b91  Interrupt_enableSleepOnIsrExit
00000ac1  PCM_getCoreVoltageLevel       
00000aed  PCM_getPowerMode              
00000bf1  PCM_getPowerState             
00000b19  PCM_gotoLPM0                  
000008b1  PCM_gotoLPM3                  
00000bc7  PCM_gotoLPM4                  
00000bfd  PCM_setPowerMode              
00000c05  PCM_setPowerState             
000009f9  PCM_shutdownDevice            
00000b41  RTC_C_holdClock               
20000030  SystemCoreClock               
00000141  SystemCoreClockUpdate         
000003b5  SystemInit                    
00000881  TA1_0_IRQHandler              
00000c0d  Timer_A_startCounter          
4000480c  WDTCTL_SYM                    
00000b65  WDT_A_holdTimer               
20010000  __STACK_END                   
00000200  __STACK_SIZE                  
00000cb0  __TI_CINIT_Base               
00000cb8  __TI_CINIT_Limit              
00000ca8  __TI_Handler_Table_Base       
00000cb0  __TI_Handler_Table_Limit      
00000a49  __TI_auto_init_nobinit_nopinit
0000092d  __TI_decompress_lzss          
00000bd7  __TI_decompress_none          
ffffffff  __TI_pprof_out_hndl           
ffffffff  __TI_prof_data_size           
ffffffff  __TI_prof_data_start          
00000000  __TI_static_base__            
00000795  __aeabi_memcpy                
00000795  __aeabi_memcpy4               
00000795  __aeabi_memcpy8               
ffffffff  __binit__                     
ffffffff  __c_args__                    
UNDEFED   __mpu_init                    
2000fe00  __stack                       
00000a8d  _c_int00_noargs               
UNDEFED   _system_post_cinit            
00000c19  _system_pre_init              
00000c1d  abort                         
ffffffff  binit                         
00000000  interruptVectors              
00000831  main                          
00000795  memcpy                        
00000c60  upConfig                      


GLOBAL SYMBOLS: SORTED BY Symbol Address 

address   name                          
-------   ----                          
00000000  __TI_static_base__            
00000000  interruptVectors              
00000141  SystemCoreClockUpdate         
00000200  __STACK_SIZE                  
000003b5  SystemInit                    
00000795  __aeabi_memcpy                
00000795  __aeabi_memcpy4               
00000795  __aeabi_memcpy8               
00000795  memcpy                        
00000831  main                          
00000881  TA1_0_IRQHandler              
000008b1  PCM_gotoLPM3                  
0000092d  __TI_decompress_lzss          
00000995  Interrupt_enableInterrupt     
000009f9  PCM_shutdownDevice            
00000a49  __TI_auto_init_nobinit_nopinit
00000a8d  _c_int00_noargs               
00000ac1  PCM_getCoreVoltageLevel       
00000aed  PCM_getPowerMode              
00000b19  PCM_gotoLPM0                  
00000b41  RTC_C_holdClock               
00000b65  WDT_A_holdTimer               
00000b7d  GPIO_toggleOutputOnPin        
00000b91  Interrupt_enableSleepOnIsrExit
00000bb7  Interrupt_enableMaster        
00000bc7  PCM_gotoLPM4                  
00000bd7  __TI_decompress_none          
00000be5  CPU_cpsie                     
00000bf1  PCM_getPowerState             
00000bfd  PCM_setPowerMode              
00000c05  PCM_setPowerState             
00000c0d  Timer_A_startCounter          
00000c15  CPU_wfi                       
00000c19  _system_pre_init              
00000c1d  C$$EXIT                       
00000c1d  abort                         
00000c60  upConfig                      
00000ca8  __TI_Handler_Table_Base       
00000cb0  __TI_CINIT_Base               
00000cb0  __TI_Handler_Table_Limit      
00000cb8  __TI_CINIT_Limit              
20000030  SystemCoreClock               
2000fe00  __stack                       
20010000  __STACK_END                   
4000480c  WDTCTL_SYM                    
ffffffff  __TI_pprof_out_hndl           
ffffffff  __TI_prof_data_size           
ffffffff  __TI_prof_data_start          
ffffffff  __binit__                     
ffffffff  __c_args__                    
ffffffff  binit                         
UNDEFED   __mpu_init                    
UNDEFED   _system_post_cinit            

[53 symbols]
