<?xml version="1.0" encoding="ISO-8859-1" ?>
<link_info>
   <banner>TI ARM Linker PC v18.12.4.LTS</banner>
   <copyright>Copyright (c) 1996-2018 Texas Instruments Incorporated</copyright>
   <link_time>0x63349b05</link_time>
   <link_errors>0x0</link_errors>
   <output_file>lab4.2.out</output_file>
   <entry_point>
      <name>_c_int00_noargs</name>
      <address>0x3059</address>
   </entry_point>
   <input_file_list>
      <input_file id="fl-2">
         <path>.\</path>
         <kind>object</kind>
         <file>main.obj</file>
         <name>main.obj</name>
      </input_file>
      <input_file id="fl-3">
         <path>.\</path>
         <kind>object</kind>
         <file>startup_msp432p401r_ccs.obj</file>
         <name>startup_msp432p401r_ccs.obj</name>
      </input_file>
      <input_file id="fl-4">
         <path>.\</path>
         <kind>object</kind>
         <file>system_msp432p401r.obj</file>
         <name>system_msp432p401r.obj</name>
      </input_file>
      <input_file id="fl-5">
         <path>.\AccelerometerModule\</path>
         <kind>object</kind>
         <file>init.obj</file>
         <name>init.obj</name>
      </input_file>
      <input_file id="fl-6">
         <path>.\UltrasonicModule\</path>
         <kind>object</kind>
         <file>init.obj</file>
         <name>init.obj</name>
      </input_file>
      <input_file id="fl-7">
         <path>.\UltrasonicModule\</path>
         <kind>object</kind>
         <file>interrupts.obj</file>
         <name>interrupts.obj</name>
      </input_file>
      <input_file id="fl-8">
         <path>.\UltrasonicModule\</path>
         <kind>object</kind>
         <file>ultrasonic.obj</file>
         <name>ultrasonic.obj</name>
      </input_file>
      <input_file id="fl-d">
         <kind>object</kind>
         <file>&lt;internal&gt;</file>
         <name>&lt;internal&gt;</name>
      </input_file>
      <input_file id="fl-e">
         <path>C:\Users\loowe\Desktop\University\Modules\ICT 2104\Documents\msp432_driverlib_3_21_00_05\driverlib\MSP432P4xx\ccs\</path>
         <kind>archive</kind>
         <file>msp432p4xx_driverlib.lib</file>
         <name>gpio.o</name>
      </input_file>
      <input_file id="fl-f">
         <path>C:\Users\loowe\Desktop\University\Modules\ICT 2104\Documents\msp432_driverlib_3_21_00_05\driverlib\MSP432P4xx\ccs\</path>
         <kind>archive</kind>
         <file>msp432p4xx_driverlib.lib</file>
         <name>interrupt.o</name>
      </input_file>
      <input_file id="fl-10">
         <path>C:\Users\loowe\Desktop\University\Modules\ICT 2104\Documents\msp432_driverlib_3_21_00_05\driverlib\MSP432P4xx\ccs\</path>
         <kind>archive</kind>
         <file>msp432p4xx_driverlib.lib</file>
         <name>timer_a.o</name>
      </input_file>
      <input_file id="fl-11">
         <path>C:\Users\loowe\Desktop\University\Modules\ICT 2104\Documents\msp432_driverlib_3_21_00_05\driverlib\MSP432P4xx\ccs\</path>
         <kind>archive</kind>
         <file>msp432p4xx_driverlib.lib</file>
         <name>wdt_a.o</name>
      </input_file>
      <input_file id="fl-12">
         <path>C:\Users\loowe\Desktop\University\Modules\ICT 2104\Documents\msp432_driverlib_3_21_00_05\driverlib\MSP432P4xx\ccs\</path>
         <kind>archive</kind>
         <file>msp432p4xx_driverlib.lib</file>
         <name>cpu.o</name>
      </input_file>
      <input_file id="fl-13">
         <path>C:\Users\loowe\Desktop\University\Modules\ICT 2104\Documents\msp432_driverlib_3_21_00_05\driverlib\MSP432P4xx\ccs\</path>
         <kind>archive</kind>
         <file>msp432p4xx_driverlib.lib</file>
         <name>sysctl.o</name>
      </input_file>
      <input_file id="fl-c9">
         <path>C:\ti\ccs930\ccs\tools\compiler\ti-cgt-arm_18.12.4.LTS\lib\</path>
         <kind>archive</kind>
         <file>rtsv7M4_T_le_v4SPD16_eabi.lib</file>
         <name>printf.c.obj</name>
      </input_file>
      <input_file id="fl-ca">
         <path>C:\ti\ccs930\ccs\tools\compiler\ti-cgt-arm_18.12.4.LTS\lib\</path>
         <kind>archive</kind>
         <file>rtsv7M4_T_le_v4SPD16_eabi.lib</file>
         <name>_printfi.c.obj</name>
      </input_file>
      <input_file id="fl-cb">
         <path>C:\ti\ccs930\ccs\tools\compiler\ti-cgt-arm_18.12.4.LTS\lib\</path>
         <kind>archive</kind>
         <file>rtsv7M4_T_le_v4SPD16_eabi.lib</file>
         <name>fputc.c.obj</name>
      </input_file>
      <input_file id="fl-cc">
         <path>C:\ti\ccs930\ccs\tools\compiler\ti-cgt-arm_18.12.4.LTS\lib\</path>
         <kind>archive</kind>
         <file>rtsv7M4_T_le_v4SPD16_eabi.lib</file>
         <name>fputs.c.obj</name>
      </input_file>
      <input_file id="fl-cd">
         <path>C:\ti\ccs930\ccs\tools\compiler\ti-cgt-arm_18.12.4.LTS\lib\</path>
         <kind>archive</kind>
         <file>rtsv7M4_T_le_v4SPD16_eabi.lib</file>
         <name>_io_perm.c.obj</name>
      </input_file>
      <input_file id="fl-ce">
         <path>C:\ti\ccs930\ccs\tools\compiler\ti-cgt-arm_18.12.4.LTS\lib\</path>
         <kind>archive</kind>
         <file>rtsv7M4_T_le_v4SPD16_eabi.lib</file>
         <name>setvbuf.c.obj</name>
      </input_file>
      <input_file id="fl-cf">
         <path>C:\ti\ccs930\ccs\tools\compiler\ti-cgt-arm_18.12.4.LTS\lib\</path>
         <kind>archive</kind>
         <file>rtsv7M4_T_le_v4SPD16_eabi.lib</file>
         <name>fd_add_t2.asm.obj</name>
      </input_file>
      <input_file id="fl-d0">
         <path>C:\ti\ccs930\ccs\tools\compiler\ti-cgt-arm_18.12.4.LTS\lib\</path>
         <kind>archive</kind>
         <file>rtsv7M4_T_le_v4SPD16_eabi.lib</file>
         <name>fd_cmp_t2.asm.obj</name>
      </input_file>
      <input_file id="fl-d1">
         <path>C:\ti\ccs930\ccs\tools\compiler\ti-cgt-arm_18.12.4.LTS\lib\</path>
         <kind>archive</kind>
         <file>rtsv7M4_T_le_v4SPD16_eabi.lib</file>
         <name>fd_div_t2.asm.obj</name>
      </input_file>
      <input_file id="fl-d2">
         <path>C:\ti\ccs930\ccs\tools\compiler\ti-cgt-arm_18.12.4.LTS\lib\</path>
         <kind>archive</kind>
         <file>rtsv7M4_T_le_v4SPD16_eabi.lib</file>
         <name>fd_mul_t2.asm.obj</name>
      </input_file>
      <input_file id="fl-d3">
         <path>C:\ti\ccs930\ccs\tools\compiler\ti-cgt-arm_18.12.4.LTS\lib\</path>
         <kind>archive</kind>
         <file>rtsv7M4_T_le_v4SPD16_eabi.lib</file>
         <name>fd_toi_t2.asm.obj</name>
      </input_file>
      <input_file id="fl-d4">
         <path>C:\ti\ccs930\ccs\tools\compiler\ti-cgt-arm_18.12.4.LTS\lib\</path>
         <kind>archive</kind>
         <file>rtsv7M4_T_le_v4SPD16_eabi.lib</file>
         <name>i_tofd_t2.asm.obj</name>
      </input_file>
      <input_file id="fl-d5">
         <path>C:\ti\ccs930\ccs\tools\compiler\ti-cgt-arm_18.12.4.LTS\lib\</path>
         <kind>archive</kind>
         <file>rtsv7M4_T_le_v4SPD16_eabi.lib</file>
         <name>memcpy_t2.asm.obj</name>
      </input_file>
      <input_file id="fl-d6">
         <path>C:\ti\ccs930\ccs\tools\compiler\ti-cgt-arm_18.12.4.LTS\lib\</path>
         <kind>archive</kind>
         <file>rtsv7M4_T_le_v4SPD16_eabi.lib</file>
         <name>ull_div_t2.asm.obj</name>
      </input_file>
      <input_file id="fl-d7">
         <path>C:\ti\ccs930\ccs\tools\compiler\ti-cgt-arm_18.12.4.LTS\lib\</path>
         <kind>archive</kind>
         <file>rtsv7M4_T_le_v4SPD16_eabi.lib</file>
         <name>memset_t2.asm.obj</name>
      </input_file>
      <input_file id="fl-d8">
         <path>C:\ti\ccs930\ccs\tools\compiler\ti-cgt-arm_18.12.4.LTS\lib\</path>
         <kind>archive</kind>
         <file>rtsv7M4_T_le_v4SPD16_eabi.lib</file>
         <name>copy_zero_init.c.obj</name>
      </input_file>
      <input_file id="fl-d9">
         <path>C:\ti\ccs930\ccs\tools\compiler\ti-cgt-arm_18.12.4.LTS\lib\</path>
         <kind>archive</kind>
         <file>rtsv7M4_T_le_v4SPD16_eabi.lib</file>
         <name>copy_decompress_none.c.obj</name>
      </input_file>
      <input_file id="fl-da">
         <path>C:\ti\ccs930\ccs\tools\compiler\ti-cgt-arm_18.12.4.LTS\lib\</path>
         <kind>archive</kind>
         <file>rtsv7M4_T_le_v4SPD16_eabi.lib</file>
         <name>copy_decompress_lzss.c.obj</name>
      </input_file>
      <input_file id="fl-db">
         <path>C:\ti\ccs930\ccs\tools\compiler\ti-cgt-arm_18.12.4.LTS\lib\</path>
         <kind>archive</kind>
         <file>rtsv7M4_T_le_v4SPD16_eabi.lib</file>
         <name>exit.c.obj</name>
      </input_file>
      <input_file id="fl-dc">
         <path>C:\ti\ccs930\ccs\tools\compiler\ti-cgt-arm_18.12.4.LTS\lib\</path>
         <kind>archive</kind>
         <file>rtsv7M4_T_le_v4SPD16_eabi.lib</file>
         <name>_lock.c.obj</name>
      </input_file>
      <input_file id="fl-dd">
         <path>C:\ti\ccs930\ccs\tools\compiler\ti-cgt-arm_18.12.4.LTS\lib\</path>
         <kind>archive</kind>
         <file>rtsv7M4_T_le_v4SPD16_eabi.lib</file>
         <name>atoi.c.obj</name>
      </input_file>
      <input_file id="fl-de">
         <path>C:\ti\ccs930\ccs\tools\compiler\ti-cgt-arm_18.12.4.LTS\lib\</path>
         <kind>archive</kind>
         <file>rtsv7M4_T_le_v4SPD16_eabi.lib</file>
         <name>ctype.c.obj</name>
      </input_file>
      <input_file id="fl-df">
         <path>C:\ti\ccs930\ccs\tools\compiler\ti-cgt-arm_18.12.4.LTS\lib\</path>
         <kind>archive</kind>
         <file>rtsv7M4_T_le_v4SPD16_eabi.lib</file>
         <name>defs.c.obj</name>
      </input_file>
      <input_file id="fl-e0">
         <path>C:\ti\ccs930\ccs\tools\compiler\ti-cgt-arm_18.12.4.LTS\lib\</path>
         <kind>archive</kind>
         <file>rtsv7M4_T_le_v4SPD16_eabi.lib</file>
         <name>ltoa.c.obj</name>
      </input_file>
      <input_file id="fl-e1">
         <path>C:\ti\ccs930\ccs\tools\compiler\ti-cgt-arm_18.12.4.LTS\lib\</path>
         <kind>archive</kind>
         <file>rtsv7M4_T_le_v4SPD16_eabi.lib</file>
         <name>memccpy.c.obj</name>
      </input_file>
      <input_file id="fl-e2">
         <path>C:\ti\ccs930\ccs\tools\compiler\ti-cgt-arm_18.12.4.LTS\lib\</path>
         <kind>archive</kind>
         <file>rtsv7M4_T_le_v4SPD16_eabi.lib</file>
         <name>memchr.c.obj</name>
      </input_file>
      <input_file id="fl-e3">
         <path>C:\ti\ccs930\ccs\tools\compiler\ti-cgt-arm_18.12.4.LTS\lib\</path>
         <kind>archive</kind>
         <file>rtsv7M4_T_le_v4SPD16_eabi.lib</file>
         <name>memory.c.obj</name>
      </input_file>
      <input_file id="fl-e4">
         <path>C:\ti\ccs930\ccs\tools\compiler\ti-cgt-arm_18.12.4.LTS\lib\</path>
         <kind>archive</kind>
         <file>rtsv7M4_T_le_v4SPD16_eabi.lib</file>
         <name>strchr.c.obj</name>
      </input_file>
      <input_file id="fl-e5">
         <path>C:\ti\ccs930\ccs\tools\compiler\ti-cgt-arm_18.12.4.LTS\lib\</path>
         <kind>archive</kind>
         <file>rtsv7M4_T_le_v4SPD16_eabi.lib</file>
         <name>strlen.c.obj</name>
      </input_file>
      <input_file id="fl-e6">
         <path>C:\ti\ccs930\ccs\tools\compiler\ti-cgt-arm_18.12.4.LTS\lib\</path>
         <kind>archive</kind>
         <file>rtsv7M4_T_le_v4SPD16_eabi.lib</file>
         <name>write.c.obj</name>
      </input_file>
      <input_file id="fl-e7">
         <path>C:\ti\ccs930\ccs\tools\compiler\ti-cgt-arm_18.12.4.LTS\lib\</path>
         <kind>archive</kind>
         <file>rtsv7M4_T_le_v4SPD16_eabi.lib</file>
         <name>host_device.c.obj</name>
      </input_file>
      <input_file id="fl-e8">
         <path>C:\ti\ccs930\ccs\tools\compiler\ti-cgt-arm_18.12.4.LTS\lib\</path>
         <kind>archive</kind>
         <file>rtsv7M4_T_le_v4SPD16_eabi.lib</file>
         <name>boot_cortex_m.c.obj</name>
      </input_file>
      <input_file id="fl-e9">
         <path>C:\ti\ccs930\ccs\tools\compiler\ti-cgt-arm_18.12.4.LTS\lib\</path>
         <kind>archive</kind>
         <file>rtsv7M4_T_le_v4SPD16_eabi.lib</file>
         <name>errno.c.obj</name>
      </input_file>
      <input_file id="fl-ea">
         <path>C:\ti\ccs930\ccs\tools\compiler\ti-cgt-arm_18.12.4.LTS\lib\</path>
         <kind>archive</kind>
         <file>rtsv7M4_T_le_v4SPD16_eabi.lib</file>
         <name>wcslen.c.obj</name>
      </input_file>
      <input_file id="fl-eb">
         <path>C:\ti\ccs930\ccs\tools\compiler\ti-cgt-arm_18.12.4.LTS\lib\</path>
         <kind>archive</kind>
         <file>rtsv7M4_T_le_v4SPD16_eabi.lib</file>
         <name>s_frexp.c.obj</name>
      </input_file>
      <input_file id="fl-ec">
         <path>C:\ti\ccs930\ccs\tools\compiler\ti-cgt-arm_18.12.4.LTS\lib\</path>
         <kind>archive</kind>
         <file>rtsv7M4_T_le_v4SPD16_eabi.lib</file>
         <name>s_scalbn.c.obj</name>
      </input_file>
      <input_file id="fl-ed">
         <path>C:\ti\ccs930\ccs\tools\compiler\ti-cgt-arm_18.12.4.LTS\lib\</path>
         <kind>archive</kind>
         <file>rtsv7M4_T_le_v4SPD16_eabi.lib</file>
         <name>fflush.c.obj</name>
      </input_file>
      <input_file id="fl-ee">
         <path>C:\ti\ccs930\ccs\tools\compiler\ti-cgt-arm_18.12.4.LTS\lib\</path>
         <kind>archive</kind>
         <file>rtsv7M4_T_le_v4SPD16_eabi.lib</file>
         <name>fopen.c.obj</name>
      </input_file>
      <input_file id="fl-ef">
         <path>C:\ti\ccs930\ccs\tools\compiler\ti-cgt-arm_18.12.4.LTS\lib\</path>
         <kind>archive</kind>
         <file>rtsv7M4_T_le_v4SPD16_eabi.lib</file>
         <name>fseek.c.obj</name>
      </input_file>
      <input_file id="fl-f0">
         <path>C:\ti\ccs930\ccs\tools\compiler\ti-cgt-arm_18.12.4.LTS\lib\</path>
         <kind>archive</kind>
         <file>rtsv7M4_T_le_v4SPD16_eabi.lib</file>
         <name>div0.asm.obj</name>
      </input_file>
      <input_file id="fl-f1">
         <path>C:\ti\ccs930\ccs\tools\compiler\ti-cgt-arm_18.12.4.LTS\lib\</path>
         <kind>archive</kind>
         <file>rtsv7M4_T_le_v4SPD16_eabi.lib</file>
         <name>autoinit.c.obj</name>
      </input_file>
      <input_file id="fl-f2">
         <path>C:\ti\ccs930\ccs\tools\compiler\ti-cgt-arm_18.12.4.LTS\lib\</path>
         <kind>archive</kind>
         <file>rtsv7M4_T_le_v4SPD16_eabi.lib</file>
         <name>pre_init.c.obj</name>
      </input_file>
      <input_file id="fl-f3">
         <path>C:\ti\ccs930\ccs\tools\compiler\ti-cgt-arm_18.12.4.LTS\lib\</path>
         <kind>archive</kind>
         <file>rtsv7M4_T_le_v4SPD16_eabi.lib</file>
         <name>cpy_tbl.c.obj</name>
      </input_file>
      <input_file id="fl-f4">
         <path>C:\ti\ccs930\ccs\tools\compiler\ti-cgt-arm_18.12.4.LTS\lib\</path>
         <kind>archive</kind>
         <file>rtsv7M4_T_le_v4SPD16_eabi.lib</file>
         <name>args_main.c.obj</name>
      </input_file>
      <input_file id="fl-f5">
         <path>C:\ti\ccs930\ccs\tools\compiler\ti-cgt-arm_18.12.4.LTS\lib\</path>
         <kind>archive</kind>
         <file>rtsv7M4_T_le_v4SPD16_eabi.lib</file>
         <name>hostclose.c.obj</name>
      </input_file>
      <input_file id="fl-f6">
         <path>C:\ti\ccs930\ccs\tools\compiler\ti-cgt-arm_18.12.4.LTS\lib\</path>
         <kind>archive</kind>
         <file>rtsv7M4_T_le_v4SPD16_eabi.lib</file>
         <name>hostlseek.c.obj</name>
      </input_file>
      <input_file id="fl-f7">
         <path>C:\ti\ccs930\ccs\tools\compiler\ti-cgt-arm_18.12.4.LTS\lib\</path>
         <kind>archive</kind>
         <file>rtsv7M4_T_le_v4SPD16_eabi.lib</file>
         <name>hostopen.c.obj</name>
      </input_file>
      <input_file id="fl-f8">
         <path>C:\ti\ccs930\ccs\tools\compiler\ti-cgt-arm_18.12.4.LTS\lib\</path>
         <kind>archive</kind>
         <file>rtsv7M4_T_le_v4SPD16_eabi.lib</file>
         <name>hostread.c.obj</name>
      </input_file>
      <input_file id="fl-f9">
         <path>C:\ti\ccs930\ccs\tools\compiler\ti-cgt-arm_18.12.4.LTS\lib\</path>
         <kind>archive</kind>
         <file>rtsv7M4_T_le_v4SPD16_eabi.lib</file>
         <name>hostrename.c.obj</name>
      </input_file>
      <input_file id="fl-fa">
         <path>C:\ti\ccs930\ccs\tools\compiler\ti-cgt-arm_18.12.4.LTS\lib\</path>
         <kind>archive</kind>
         <file>rtsv7M4_T_le_v4SPD16_eabi.lib</file>
         <name>hostunlink.c.obj</name>
      </input_file>
      <input_file id="fl-fb">
         <path>C:\ti\ccs930\ccs\tools\compiler\ti-cgt-arm_18.12.4.LTS\lib\</path>
         <kind>archive</kind>
         <file>rtsv7M4_T_le_v4SPD16_eabi.lib</file>
         <name>hostwrite.c.obj</name>
      </input_file>
      <input_file id="fl-fc">
         <path>C:\ti\ccs930\ccs\tools\compiler\ti-cgt-arm_18.12.4.LTS\lib\</path>
         <kind>archive</kind>
         <file>rtsv7M4_T_le_v4SPD16_eabi.lib</file>
         <name>trgmsg.c.obj</name>
      </input_file>
      <input_file id="fl-fd">
         <path>C:\ti\ccs930\ccs\tools\compiler\ti-cgt-arm_18.12.4.LTS\lib\</path>
         <kind>archive</kind>
         <file>rtsv7M4_T_le_v4SPD16_eabi.lib</file>
         <name>open.c.obj</name>
      </input_file>
      <input_file id="fl-fe">
         <path>C:\ti\ccs930\ccs\tools\compiler\ti-cgt-arm_18.12.4.LTS\lib\</path>
         <kind>archive</kind>
         <file>rtsv7M4_T_le_v4SPD16_eabi.lib</file>
         <name>lseek.c.obj</name>
      </input_file>
      <input_file id="fl-ff">
         <path>C:\ti\ccs930\ccs\tools\compiler\ti-cgt-arm_18.12.4.LTS\lib\</path>
         <kind>archive</kind>
         <file>rtsv7M4_T_le_v4SPD16_eabi.lib</file>
         <name>s_copysign.c.obj</name>
      </input_file>
      <input_file id="fl-100">
         <path>C:\ti\ccs930\ccs\tools\compiler\ti-cgt-arm_18.12.4.LTS\lib\</path>
         <kind>archive</kind>
         <file>rtsv7M4_T_le_v4SPD16_eabi.lib</file>
         <name>fclose.c.obj</name>
      </input_file>
      <input_file id="fl-101">
         <path>C:\ti\ccs930\ccs\tools\compiler\ti-cgt-arm_18.12.4.LTS\lib\</path>
         <kind>archive</kind>
         <file>rtsv7M4_T_le_v4SPD16_eabi.lib</file>
         <name>getdevice.c.obj</name>
      </input_file>
      <input_file id="fl-102">
         <path>C:\ti\ccs930\ccs\tools\compiler\ti-cgt-arm_18.12.4.LTS\lib\</path>
         <kind>archive</kind>
         <file>rtsv7M4_T_le_v4SPD16_eabi.lib</file>
         <name>strcmp.c.obj</name>
      </input_file>
      <input_file id="fl-103">
         <path>C:\ti\ccs930\ccs\tools\compiler\ti-cgt-arm_18.12.4.LTS\lib\</path>
         <kind>archive</kind>
         <file>rtsv7M4_T_le_v4SPD16_eabi.lib</file>
         <name>strcpy.c.obj</name>
      </input_file>
      <input_file id="fl-104">
         <path>C:\ti\ccs930\ccs\tools\compiler\ti-cgt-arm_18.12.4.LTS\lib\</path>
         <kind>archive</kind>
         <file>rtsv7M4_T_le_v4SPD16_eabi.lib</file>
         <name>strncpy.c.obj</name>
      </input_file>
      <input_file id="fl-105">
         <path>C:\ti\ccs930\ccs\tools\compiler\ti-cgt-arm_18.12.4.LTS\lib\</path>
         <kind>archive</kind>
         <file>rtsv7M4_T_le_v4SPD16_eabi.lib</file>
         <name>remove.c.obj</name>
      </input_file>
      <input_file id="fl-106">
         <path>C:\ti\ccs930\ccs\tools\compiler\ti-cgt-arm_18.12.4.LTS\lib\</path>
         <kind>archive</kind>
         <file>rtsv7M4_T_le_v4SPD16_eabi.lib</file>
         <name>close.c.obj</name>
      </input_file>
      <input_file id="fl-107">
         <path>C:\ti\ccs930\ccs\tools\compiler\ti-cgt-arm_18.12.4.LTS\lib\</path>
         <kind>archive</kind>
         <file>rtsv7M4_T_le_v4SPD16_eabi.lib</file>
         <name>unlink.c.obj</name>
      </input_file>
   </input_file_list>
   <object_component_list>
      <object_component id="oc-1f">
         <name>.intvecs:retain</name>
         <load_address>0x0</load_address>
         <run_address>0x0</run_address>
         <size>0x140</size>
         <input_file_ref idref="fl-3"/>
      </object_component>
      <object_component id="oc-148">
         <name>.text:__TI_printfi</name>
         <load_address>0x140</load_address>
         <run_address>0x140</run_address>
         <size>0xa4e</size>
         <input_file_ref idref="fl-ca"/>
      </object_component>
      <object_component id="oc-23f">
         <name>.text:_nop</name>
         <load_address>0xb8e</load_address>
         <run_address>0xb8e</run_address>
         <size>0x2</size>
         <input_file_ref idref="fl-dc"/>
      </object_component>
      <object_component id="oc-ab">
         <name>.text</name>
         <load_address>0xb90</load_address>
         <run_address>0xb90</run_address>
         <size>0x328</size>
         <input_file_ref idref="fl-4"/>
      </object_component>
      <object_component id="oc-21b">
         <name>.text:_pconv_a</name>
         <load_address>0xeb8</load_address>
         <run_address>0xeb8</run_address>
         <size>0x270</size>
         <input_file_ref idref="fl-ca"/>
      </object_component>
      <object_component id="oc-209">
         <name>.text:_pconv_g</name>
         <load_address>0x1128</load_address>
         <run_address>0x1128</run_address>
         <size>0x1d0</size>
         <input_file_ref idref="fl-ca"/>
      </object_component>
      <object_component id="oc-2fb">
         <name>.text</name>
         <load_address>0x12f8</load_address>
         <run_address>0x12f8</run_address>
         <size>0x1b6</size>
         <input_file_ref idref="fl-cf"/>
      </object_component>
      <object_component id="oc-387">
         <name>.text</name>
         <load_address>0x14ae</load_address>
         <run_address>0x14ae</run_address>
         <size>0x2</size>
         <input_file_ref idref="fl-f0"/>
      </object_component>
      <object_component id="oc-215">
         <name>.text:_pconv_e</name>
         <load_address>0x14b0</load_address>
         <run_address>0x14b0</run_address>
         <size>0x13c</size>
         <input_file_ref idref="fl-ca"/>
      </object_component>
      <object_component id="oc-2e1">
         <name>.text</name>
         <load_address>0x15ec</load_address>
         <run_address>0x15ec</run_address>
         <size>0x136</size>
         <input_file_ref idref="fl-d1"/>
      </object_component>
      <object_component id="oc-30d">
         <name>.text:fcvt</name>
         <load_address>0x1724</load_address>
         <run_address>0x1724</run_address>
         <size>0x124</size>
         <input_file_ref idref="fl-ca"/>
      </object_component>
      <object_component id="oc-432">
         <name>.text:aligned_alloc</name>
         <load_address>0x1848</load_address>
         <run_address>0x1848</run_address>
         <size>0x118</size>
         <input_file_ref idref="fl-e3"/>
      </object_component>
      <object_component id="oc-24d">
         <name>.text:fputs</name>
         <load_address>0x1960</load_address>
         <run_address>0x1960</run_address>
         <size>0x114</size>
         <input_file_ref idref="fl-cc"/>
      </object_component>
      <object_component id="oc-321">
         <name>.text:scalbn</name>
         <load_address>0x1a74</load_address>
         <run_address>0x1a74</run_address>
         <size>0x110</size>
         <input_file_ref idref="fl-ec"/>
      </object_component>
      <object_component id="oc-69">
         <name>.text</name>
         <load_address>0x1b84</load_address>
         <run_address>0x1b84</run_address>
         <size>0x102</size>
         <input_file_ref idref="fl-7"/>
      </object_component>
      <object_component id="oc-2dc">
         <name>.text</name>
         <load_address>0x1c86</load_address>
         <run_address>0x1c86</run_address>
         <size>0xfc</size>
         <input_file_ref idref="fl-d2"/>
      </object_component>
      <object_component id="oc-3f0">
         <name>.text:free</name>
         <load_address>0x1d84</load_address>
         <run_address>0x1d84</run_address>
         <size>0xe4</size>
         <input_file_ref idref="fl-e3"/>
      </object_component>
      <object_component id="oc-f3">
         <name>.text</name>
         <load_address>0x1e68</load_address>
         <run_address>0x1e68</run_address>
         <size>0xe0</size>
         <input_file_ref idref="fl-6"/>
      </object_component>
      <object_component id="oc-3c2">
         <name>.text:setvbuf</name>
         <load_address>0x1f48</load_address>
         <run_address>0x1f48</run_address>
         <size>0xdc</size>
         <input_file_ref idref="fl-ce"/>
      </object_component>
      <object_component id="oc-ff">
         <name>.text</name>
         <load_address>0x2024</load_address>
         <run_address>0x2024</run_address>
         <size>0xbc</size>
         <input_file_ref idref="fl-8"/>
      </object_component>
      <object_component id="oc-29b">
         <name>.text:privateTimer_AProcessClockSourceDivider</name>
         <load_address>0x20e0</load_address>
         <run_address>0x20e0</run_address>
         <size>0xb2</size>
         <input_file_ref idref="fl-10"/>
      </object_component>
      <object_component id="oc-1fe">
         <name>.text:_ltostr</name>
         <load_address>0x2194</load_address>
         <run_address>0x2194</run_address>
         <size>0xb1</size>
         <input_file_ref idref="fl-ca"/>
      </object_component>
      <object_component id="oc-33">
         <name>.text</name>
         <load_address>0x2246</load_address>
         <run_address>0x2246</run_address>
         <size>0x9c</size>
         <input_file_ref idref="fl-d5"/>
      </object_component>
      <object_component id="oc-2d5">
         <name>.text</name>
         <load_address>0x22e2</load_address>
         <run_address>0x22e2</run_address>
         <size>0x96</size>
         <input_file_ref idref="fl-d6"/>
      </object_component>
      <object_component id="oc-254">
         <name>.text:fputc</name>
         <load_address>0x2378</load_address>
         <run_address>0x2378</run_address>
         <size>0x8c</size>
         <input_file_ref idref="fl-cb"/>
      </object_component>
      <object_component id="oc-204">
         <name>.text:__aeabi_cdcmple</name>
         <load_address>0x2404</load_address>
         <run_address>0x2404</run_address>
         <size>0x86</size>
         <input_file_ref idref="fl-d0"/>
      </object_component>
      <object_component id="oc-2e6">
         <name>.text:__aeabi_cdrcmple</name>
         <load_address>0x248a</load_address>
         <run_address>0x248a</run_address>
         <size>0x86</size>
         <input_file_ref idref="fl-d0"/>
      </object_component>
      <object_component id="oc-8d">
         <name>.text</name>
         <load_address>0x2510</load_address>
         <run_address>0x2510</run_address>
         <size>0x7a</size>
         <input_file_ref idref="fl-d7"/>
      </object_component>
      <object_component id="oc-439">
         <name>.text:__TI_closefile</name>
         <load_address>0x258c</load_address>
         <run_address>0x258c</run_address>
         <size>0x74</size>
         <input_file_ref idref="fl-100"/>
      </object_component>
      <object_component id="oc-47a">
         <name>.text:split</name>
         <load_address>0x2600</load_address>
         <run_address>0x2600</run_address>
         <size>0x70</size>
         <input_file_ref idref="fl-e3"/>
      </object_component>
      <object_component id="oc-306">
         <name>.text:_mcpy</name>
         <load_address>0x2670</load_address>
         <run_address>0x2670</run_address>
         <size>0x6e</size>
         <input_file_ref idref="fl-ca"/>
      </object_component>
      <object_component id="oc-469">
         <name>.text:HOSTrename</name>
         <load_address>0x26e0</load_address>
         <run_address>0x26e0</run_address>
         <size>0x6c</size>
         <input_file_ref idref="fl-f9"/>
      </object_component>
      <object_component id="oc-45d">
         <name>.text:HOSTlseek</name>
         <load_address>0x274c</load_address>
         <run_address>0x274c</run_address>
         <size>0x68</size>
         <input_file_ref idref="fl-f6"/>
      </object_component>
      <object_component id="oc-10">
         <name>.text:decompress:lzss:__TI_decompress_lzss</name>
         <load_address>0x27b4</load_address>
         <run_address>0x27b4</run_address>
         <size>0x68</size>
         <input_file_ref idref="fl-da"/>
      </object_component>
      <object_component id="oc-b2">
         <name>.text:printf</name>
         <load_address>0x281c</load_address>
         <run_address>0x281c</run_address>
         <size>0x68</size>
         <input_file_ref idref="fl-c9"/>
      </object_component>
      <object_component id="oc-19e">
         <name>.text:Interrupt_enableInterrupt</name>
         <load_address>0x2884</load_address>
         <run_address>0x2884</run_address>
         <size>0x64</size>
         <input_file_ref idref="fl-f"/>
      </object_component>
      <object_component id="oc-31b">
         <name>.text:frexp</name>
         <load_address>0x28e8</load_address>
         <run_address>0x28e8</run_address>
         <size>0x64</size>
         <input_file_ref idref="fl-eb"/>
      </object_component>
      <object_component id="oc-3bc">
         <name>.text:fseek</name>
         <load_address>0x294c</load_address>
         <run_address>0x294c</run_address>
         <size>0x64</size>
         <input_file_ref idref="fl-ef"/>
      </object_component>
      <object_component id="oc-352">
         <name>.text:__TI_wrt_ok</name>
         <load_address>0x29b0</load_address>
         <run_address>0x29b0</run_address>
         <size>0x62</size>
         <input_file_ref idref="fl-cd"/>
      </object_component>
      <object_component id="oc-445">
         <name>.text:HOSTopen</name>
         <load_address>0x2a14</load_address>
         <run_address>0x2a14</run_address>
         <size>0x60</size>
         <input_file_ref idref="fl-f7"/>
      </object_component>
      <object_component id="oc-481">
         <name>.text:close</name>
         <load_address>0x2a74</load_address>
         <run_address>0x2a74</run_address>
         <size>0x5c</size>
         <input_file_ref idref="fl-106"/>
      </object_component>
      <object_component id="oc-451">
         <name>.text:HOSTread</name>
         <load_address>0x2ad0</load_address>
         <run_address>0x2ad0</run_address>
         <size>0x58</size>
         <input_file_ref idref="fl-f8"/>
      </object_component>
      <object_component id="oc-457">
         <name>.text:HOSTwrite</name>
         <load_address>0x2b28</load_address>
         <run_address>0x2b28</run_address>
         <size>0x58</size>
         <input_file_ref idref="fl-fb"/>
      </object_component>
      <object_component id="oc-20f">
         <name>.text:_pconv_f</name>
         <load_address>0x2b80</load_address>
         <run_address>0x2b80</run_address>
         <size>0x56</size>
         <input_file_ref idref="fl-ca"/>
      </object_component>
      <object_component id="oc-2f0">
         <name>.text:ltoa</name>
         <load_address>0x2bd6</load_address>
         <run_address>0x2bd6</run_address>
         <size>0x54</size>
         <input_file_ref idref="fl-e0"/>
      </object_component>
      <object_component id="oc-300">
         <name>.text:_ecpy</name>
         <load_address>0x2c2a</load_address>
         <run_address>0x2c2a</run_address>
         <size>0x52</size>
         <input_file_ref idref="fl-ca"/>
      </object_component>
      <object_component id="oc-35e">
         <name>.text:__TI_doflush</name>
         <load_address>0x2c7c</load_address>
         <run_address>0x2c7c</run_address>
         <size>0x4c</size>
         <input_file_ref idref="fl-ed"/>
      </object_component>
      <object_component id="oc-1f8">
         <name>.text:atoi</name>
         <load_address>0x2cc8</load_address>
         <run_address>0x2cc8</run_address>
         <size>0x4c</size>
         <input_file_ref idref="fl-dd"/>
      </object_component>
      <object_component id="oc-186">
         <name>.text:GPIO_setAsPeripheralModuleFunctionInputPin</name>
         <load_address>0x2d14</load_address>
         <run_address>0x2d14</run_address>
         <size>0x48</size>
         <input_file_ref idref="fl-e"/>
      </object_component>
      <object_component id="oc-10c">
         <name>.text:exit</name>
         <load_address>0x2d5c</load_address>
         <run_address>0x2d5c</run_address>
         <size>0x48</size>
         <input_file_ref idref="fl-db"/>
      </object_component>
      <object_component id="oc-2eb">
         <name>.text</name>
         <load_address>0x2da4</load_address>
         <run_address>0x2da4</run_address>
         <size>0x48</size>
         <input_file_ref idref="fl-d3"/>
      </object_component>
      <object_component id="oc-44b">
         <name>.text:HOSTclose</name>
         <load_address>0x2dec</load_address>
         <run_address>0x2dec</run_address>
         <size>0x44</size>
         <input_file_ref idref="fl-f5"/>
      </object_component>
      <object_component id="oc-463">
         <name>.text:HOSTunlink</name>
         <load_address>0x2e30</load_address>
         <run_address>0x2e30</run_address>
         <size>0x44</size>
         <input_file_ref idref="fl-fa"/>
      </object_component>
      <object_component id="oc-1b0">
         <name>.text:Timer_A_configureUpMode</name>
         <load_address>0x2e74</load_address>
         <run_address>0x2e74</run_address>
         <size>0x44</size>
         <input_file_ref idref="fl-10"/>
      </object_component>
      <object_component id="oc-112">
         <name>.text:__TI_auto_init_nobinit_nopinit:__TI_auto_init_nobinit_nopinit</name>
         <load_address>0x2eb8</load_address>
         <run_address>0x2eb8</run_address>
         <size>0x44</size>
         <input_file_ref idref="fl-f1"/>
      </object_component>
      <object_component id="oc-4b9">
         <name>.text:getdevice</name>
         <load_address>0x2efc</load_address>
         <run_address>0x2efc</run_address>
         <size>0x44</size>
         <input_file_ref idref="fl-101"/>
      </object_component>
      <object_component id="oc-313">
         <name>.text:_fcpy</name>
         <load_address>0x2f40</load_address>
         <run_address>0x2f40</run_address>
         <size>0x3e</size>
         <input_file_ref idref="fl-ca"/>
      </object_component>
      <object_component id="oc-492">
         <name>.text:__TI_writemsg</name>
         <load_address>0x2f80</load_address>
         <run_address>0x2f80</run_address>
         <size>0x38</size>
         <input_file_ref idref="fl-fc"/>
      </object_component>
      <object_component id="oc-4db">
         <name>.text:strncpy</name>
         <load_address>0x2fb8</load_address>
         <run_address>0x2fb8</run_address>
         <size>0x36</size>
         <input_file_ref idref="fl-104"/>
      </object_component>
      <object_component id="oc-3fc">
         <name>.text:__TI_cleanup</name>
         <load_address>0x2ff0</load_address>
         <run_address>0x2ff0</run_address>
         <size>0x34</size>
         <input_file_ref idref="fl-ee"/>
      </object_component>
      <object_component id="oc-498">
         <name>.text:__TI_readmsg</name>
         <load_address>0x3024</load_address>
         <run_address>0x3024</run_address>
         <size>0x34</size>
         <input_file_ref idref="fl-fc"/>
      </object_component>
      <object_component id="oc-51">
         <name>.text:_c_int00_noargs:_c_int00_noargs</name>
         <load_address>0x3058</load_address>
         <run_address>0x3058</run_address>
         <size>0x34</size>
         <input_file_ref idref="fl-e8"/>
      </object_component>
      <object_component id="oc-1b6">
         <name>.text:Timer_A_initCapture</name>
         <load_address>0x308c</load_address>
         <run_address>0x308c</run_address>
         <size>0x30</size>
         <input_file_ref idref="fl-10"/>
      </object_component>
      <object_component id="oc-4e1">
         <name>.text:finddevice</name>
         <load_address>0x30bc</load_address>
         <run_address>0x30bc</run_address>
         <size>0x30</size>
         <input_file_ref idref="fl-101"/>
      </object_component>
      <object_component id="oc-2f6">
         <name>.text</name>
         <load_address>0x30ec</load_address>
         <run_address>0x30ec</run_address>
         <size>0x2e</size>
         <input_file_ref idref="fl-d4"/>
      </object_component>
      <object_component id="oc-99">
         <name>.text</name>
         <load_address>0x311c</load_address>
         <run_address>0x311c</run_address>
         <size>0x2c</size>
         <input_file_ref idref="fl-2"/>
      </object_component>
      <object_component id="oc-487">
         <name>.text:unlink</name>
         <load_address>0x3148</load_address>
         <run_address>0x3148</run_address>
         <size>0x2c</size>
         <input_file_ref idref="fl-107"/>
      </object_component>
      <object_component id="oc-42b">
         <name>.text:free_list_insert</name>
         <load_address>0x3174</load_address>
         <run_address>0x3174</run_address>
         <size>0x28</size>
         <input_file_ref idref="fl-e3"/>
      </object_component>
      <object_component id="oc-3e8">
         <name>.text:lseek</name>
         <load_address>0x319c</load_address>
         <run_address>0x319c</run_address>
         <size>0x28</size>
         <input_file_ref idref="fl-fe"/>
      </object_component>
      <object_component id="oc-364">
         <name>.text:write</name>
         <load_address>0x31c4</load_address>
         <run_address>0x31c4</run_address>
         <size>0x28</size>
         <input_file_ref idref="fl-e6"/>
      </object_component>
      <object_component id="oc-180">
         <name>.text:GPIO_setAsOutputPin</name>
         <load_address>0x31ec</load_address>
         <run_address>0x31ec</run_address>
         <size>0x24</size>
         <input_file_ref idref="fl-e"/>
      </object_component>
      <object_component id="oc-358">
         <name>.text:memchr</name>
         <load_address>0x3210</load_address>
         <run_address>0x3210</run_address>
         <size>0x20</size>
         <input_file_ref idref="fl-e2"/>
      </object_component>
      <object_component id="oc-3f">
         <name>.text:decompress:ZI:__TI_zero_init_nomemset:__TI_zero_init_nomemset</name>
         <load_address>0x3230</load_address>
         <run_address>0x3230</run_address>
         <size>0x1c</size>
         <input_file_ref idref="fl-d8"/>
      </object_component>
      <object_component id="oc-425">
         <name>.text:free_list_remove</name>
         <load_address>0x324c</load_address>
         <run_address>0x324c</run_address>
         <size>0x1c</size>
         <input_file_ref idref="fl-e3"/>
      </object_component>
      <object_component id="oc-221">
         <name>.text:memccpy</name>
         <load_address>0x3268</load_address>
         <run_address>0x3268</run_address>
         <size>0x1c</size>
         <input_file_ref idref="fl-e1"/>
      </object_component>
      <object_component id="oc-c4">
         <name>.text:Timer_A_clearCaptureCompareInterrupt</name>
         <load_address>0x3284</load_address>
         <run_address>0x3284</run_address>
         <size>0x1a</size>
         <input_file_ref idref="fl-10"/>
      </object_component>
      <object_component id="oc-3a0">
         <name>.text:copysign</name>
         <load_address>0x329e</load_address>
         <run_address>0x329e</run_address>
         <size>0x1a</size>
         <input_file_ref idref="fl-ff"/>
      </object_component>
      <object_component id="oc-192">
         <name>.text:GPIO_clearInterruptFlag</name>
         <load_address>0x32b8</load_address>
         <run_address>0x32b8</run_address>
         <size>0x18</size>
         <input_file_ref idref="fl-e"/>
      </object_component>
      <object_component id="oc-b8">
         <name>.text:GPIO_getInputPinValue</name>
         <load_address>0x32d0</load_address>
         <run_address>0x32d0</run_address>
         <size>0x18</size>
         <input_file_ref idref="fl-e"/>
      </object_component>
      <object_component id="oc-17a">
         <name>.text:GPIO_setOutputLowOnPin</name>
         <load_address>0x32e8</load_address>
         <run_address>0x32e8</run_address>
         <size>0x18</size>
         <input_file_ref idref="fl-e"/>
      </object_component>
      <object_component id="oc-1aa">
         <name>.text:WDT_A_holdTimer</name>
         <load_address>0x3300</load_address>
         <run_address>0x3300</run_address>
         <size>0x18</size>
         <input_file_ref idref="fl-11"/>
      </object_component>
      <object_component id="oc-4f8">
         <name>.text:strcmp</name>
         <load_address>0x3318</load_address>
         <run_address>0x3318</run_address>
         <size>0x18</size>
         <input_file_ref idref="fl-102"/>
      </object_component>
      <object_component id="oc-327">
         <name>.text:strchr</name>
         <load_address>0x3330</load_address>
         <run_address>0x3330</run_address>
         <size>0x16</size>
         <input_file_ref idref="fl-e4"/>
      </object_component>
      <object_component id="oc-198">
         <name>.text:GPIO_enableInterrupt</name>
         <load_address>0x3348</load_address>
         <run_address>0x3348</run_address>
         <size>0x14</size>
         <input_file_ref idref="fl-e"/>
      </object_component>
      <object_component id="oc-1cb">
         <name>.text:GPIO_setOutputHighOnPin</name>
         <load_address>0x335c</load_address>
         <run_address>0x335c</run_address>
         <size>0x14</size>
         <input_file_ref idref="fl-e"/>
      </object_component>
      <object_component id="oc-18c">
         <name>.text:Interrupt_enableSleepOnIsrExit</name>
         <load_address>0x3370</load_address>
         <run_address>0x3370</run_address>
         <size>0x14</size>
         <input_file_ref idref="fl-f"/>
      </object_component>
      <object_component id="oc-4ac">
         <name>.text:strcpy</name>
         <load_address>0x3384</load_address>
         <run_address>0x3384</run_address>
         <size>0x14</size>
         <input_file_ref idref="fl-103"/>
      </object_component>
      <object_component id="oc-1f2">
         <name>.text:strlen</name>
         <load_address>0x3398</load_address>
         <run_address>0x3398</run_address>
         <size>0x14</size>
         <input_file_ref idref="fl-e5"/>
      </object_component>
      <object_component id="oc-63">
         <name>.text</name>
         <load_address>0x33ac</load_address>
         <run_address>0x33ac</run_address>
         <size>0x12</size>
         <input_file_ref idref="fl-3"/>
      </object_component>
      <object_component id="oc-227">
         <name>.text:wcslen</name>
         <load_address>0x33be</load_address>
         <run_address>0x33be</run_address>
         <size>0x12</size>
         <input_file_ref idref="fl-ea"/>
      </object_component>
      <object_component id="oc-1a4">
         <name>.text:Interrupt_enableMaster</name>
         <load_address>0x33d0</load_address>
         <run_address>0x33d0</run_address>
         <size>0x10</size>
         <input_file_ref idref="fl-f"/>
      </object_component>
      <object_component id="oc-1bc">
         <name>.text:Timer_A_clearTimer</name>
         <load_address>0x33e0</load_address>
         <run_address>0x33e0</run_address>
         <size>0x10</size>
         <input_file_ref idref="fl-10"/>
      </object_component>
      <object_component id="oc-be">
         <name>.text:Timer_A_getCaptureCompareCount</name>
         <load_address>0x33f0</load_address>
         <run_address>0x33f0</run_address>
         <size>0xe</size>
         <input_file_ref idref="fl-10"/>
      </object_component>
      <object_component id="oc-16">
         <name>.text:decompress:none:__TI_decompress_none</name>
         <load_address>0x33fe</load_address>
         <run_address>0x33fe</run_address>
         <size>0xe</size>
         <input_file_ref idref="fl-d9"/>
      </object_component>
      <object_component id="oc-28e">
         <name>.text:CPU_cpsie</name>
         <load_address>0x340c</load_address>
         <run_address>0x340c</run_address>
         <size>0xc</size>
         <input_file_ref idref="fl-12"/>
      </object_component>
      <object_component id="oc-f9">
         <name>.text:Timer_A_startCounter</name>
         <load_address>0x3418</load_address>
         <run_address>0x3418</run_address>
         <size>0x8</size>
         <input_file_ref idref="fl-10"/>
      </object_component>
      <object_component id="oc-22d">
         <name>.text:__aeabi_errno_addr</name>
         <load_address>0x3420</load_address>
         <run_address>0x3420</run_address>
         <size>0x8</size>
         <input_file_ref idref="fl-e9"/>
      </object_component>
      <object_component id="oc-3f6">
         <name>.text:malloc</name>
         <load_address>0x3428</load_address>
         <run_address>0x3428</run_address>
         <size>0x8</size>
         <input_file_ref idref="fl-e3"/>
      </object_component>
      <object_component id="oc-15a">
         <name>.text:_outc</name>
         <load_address>0x3430</load_address>
         <run_address>0x3430</run_address>
         <size>0x4</size>
         <input_file_ref idref="fl-c9"/>
      </object_component>
      <object_component id="oc-154">
         <name>.text:_outs</name>
         <load_address>0x3434</load_address>
         <run_address>0x3434</run_address>
         <size>0x4</size>
         <input_file_ref idref="fl-c9"/>
      </object_component>
      <object_component id="oc-93">
         <name>.text:_system_pre_init</name>
         <load_address>0x3438</load_address>
         <run_address>0x3438</run_address>
         <size>0x4</size>
         <input_file_ref idref="fl-f2"/>
      </object_component>
      <object_component id="oc-106">
         <name>.text:abort:abort</name>
         <load_address>0x343c</load_address>
         <run_address>0x343c</run_address>
         <size>0x4</size>
         <input_file_ref idref="fl-db"/>
      </object_component>
      <object_component id="oc-2d0">
         <name>.const:.string:_ctypes_</name>
         <load_address>0x3440</load_address>
         <run_address>0x3440</run_address>
         <size>0x101</size>
         <input_file_ref idref="fl-de"/>
      </object_component>
      <object_component id="oc-289">
         <name>.const</name>
         <load_address>0x3544</load_address>
         <run_address>0x3544</run_address>
         <size>0x40</size>
         <input_file_ref idref="fl-f"/>
      </object_component>
      <object_component id="oc-1c2">
         <name>.const:$P$T0$1</name>
         <load_address>0x3584</load_address>
         <run_address>0x3584</run_address>
         <size>0x18</size>
         <input_file_ref idref="fl-6"/>
      </object_component>
      <object_component id="oc-1c5">
         <name>.const:$P$T1$2</name>
         <load_address>0x359c</load_address>
         <run_address>0x359c</run_address>
         <size>0x18</size>
         <input_file_ref idref="fl-6"/>
      </object_component>
      <object_component id="oc-531">
         <name>.cinit..data.load</name>
         <load_address>0x35b8</load_address>
         <run_address>0x35b8</run_address>
         <size>0x91</size>
      </object_component>
      <object_component id="oc-52f">
         <name>__TI_handler_table</name>
         <load_address>0x364c</load_address>
         <run_address>0x364c</run_address>
         <size>0xc</size>
      </object_component>
      <object_component id="oc-532">
         <name>.cinit..bss.load</name>
         <load_address>0x3658</load_address>
         <run_address>0x3658</run_address>
         <size>0x8</size>
      </object_component>
      <object_component id="oc-530">
         <name>__TI_cinit_table</name>
         <load_address>0x3660</load_address>
         <run_address>0x3660</run_address>
         <size>0x10</size>
      </object_component>
      <object_component id="oc-144">
         <name>.data</name>
         <load_address>0x20000a18</load_address>
         <run_address>0x20000a18</run_address>
         <size>0x4</size>
         <input_file_ref idref="fl-4"/>
      </object_component>
      <object_component id="oc-167">
         <name>.data:GPIO_PORT_TO_BASE</name>
         <load_address>0x200009b8</load_address>
         <run_address>0x200009b8</run_address>
         <size>0x30</size>
         <input_file_ref idref="fl-e"/>
      </object_component>
      <object_component id="oc-1d4">
         <name>.data:$O1$$</name>
         <load_address>0x200009f8</load_address>
         <run_address>0x200009f8</run_address>
         <size>0xc</size>
         <input_file_ref idref="fl-db"/>
      </object_component>
      <object_component id="oc-14e">
         <name>.data:$O1$$</name>
         <load_address>0x20000a04</load_address>
         <run_address>0x20000a04</run_address>
         <size>0x8</size>
         <input_file_ref idref="fl-dc"/>
      </object_component>
      <object_component id="oc-151">
         <name>.data:_ftable</name>
         <load_address>0x20000800</load_address>
         <run_address>0x20000800</run_address>
         <size>0xf0</size>
         <input_file_ref idref="fl-df"/>
      </object_component>
      <object_component id="oc-43f">
         <name>.data</name>
         <load_address>0x200009e8</load_address>
         <run_address>0x200009e8</run_address>
         <size>0x10</size>
         <input_file_ref idref="fl-df"/>
      </object_component>
      <object_component id="oc-475">
         <name>.data:$O1$$</name>
         <load_address>0x20000a0c</load_address>
         <run_address>0x20000a0c</run_address>
         <size>0x8</size>
         <input_file_ref idref="fl-e3"/>
      </object_component>
      <object_component id="oc-40f">
         <name>.data:_device</name>
         <load_address>0x200008f0</load_address>
         <run_address>0x200008f0</run_address>
         <size>0x78</size>
         <input_file_ref idref="fl-e7"/>
      </object_component>
      <object_component id="oc-3ce">
         <name>.data:_stream</name>
         <load_address>0x20000968</load_address>
         <run_address>0x20000968</run_address>
         <size>0x50</size>
         <input_file_ref idref="fl-e7"/>
      </object_component>
      <object_component id="oc-337">
         <name>.data</name>
         <load_address>0x20000a14</load_address>
         <run_address>0x20000a14</run_address>
         <size>0x4</size>
         <input_file_ref idref="fl-e9"/>
      </object_component>
      <object_component id="oc-4c3">
         <name>.bss:_CIOBUF_</name>
         <uninitialized>true</uninitialized>
         <run_address>0x20000a1c</run_address>
         <size>0x120</size>
         <input_file_ref idref="fl-fc"/>
      </object_component>
      <object_component id="oc-48d">
         <name>.common:__TI_tmpnams</name>
         <uninitialized>true</uninitialized>
         <run_address>0x20000b3c</run_address>
         <size>0xa0</size>
      </object_component>
      <object_component id="oc-49e">
         <name>.common:parmbuf</name>
         <uninitialized>true</uninitialized>
         <run_address>0x20000bdc</run_address>
         <size>0x8</size>
      </object_component>
      <object_component id="oc-22">
         <name>.sysmem</name>
         <uninitialized>true</uninitialized>
         <run_address>0x20000000</run_address>
         <size>0x10</size>
         <input_file_ref idref="fl-e3"/>
      </object_component>
      <object_component id="oc-534">
         <name>.sysmem</name>
         <uninitialized>true</uninitialized>
         <run_address>0x20000000</run_address>
         <size>0x0</size>
      </object_component>
      <object_component id="oc-25">
         <name>.stack</name>
         <uninitialized>true</uninitialized>
         <run_address>0x2000fe00</run_address>
         <size>0x4</size>
         <input_file_ref idref="fl-e8"/>
      </object_component>
      <object_component id="oc-533">
         <name>.stack</name>
         <uninitialized>true</uninitialized>
         <run_address>0x2000fe00</run_address>
         <size>0x0</size>
      </object_component>
      <object_component id="oc-179">
         <name>.debug_info</name>
         <load_address>0x0</load_address>
         <run_address>0x0</run_address>
         <size>0x60a</size>
         <input_file_ref idref="fl-2"/>
      </object_component>
      <object_component id="oc-9b">
         <name>.debug_info</name>
         <load_address>0x60a</load_address>
         <run_address>0x60a</run_address>
         <size>0x14a</size>
         <input_file_ref idref="fl-2"/>
      </object_component>
      <object_component id="oc-d2">
         <name>.debug_info</name>
         <load_address>0x754</load_address>
         <run_address>0x754</run_address>
         <size>0x26b</size>
         <input_file_ref idref="fl-2"/>
      </object_component>
      <object_component id="oc-279">
         <name>.debug_info</name>
         <load_address>0x9bf</load_address>
         <run_address>0x9bf</run_address>
         <size>0x1055</size>
         <input_file_ref idref="fl-2"/>
      </object_component>
      <object_component id="oc-274">
         <name>.debug_info</name>
         <load_address>0x1a14</load_address>
         <run_address>0x1a14</run_address>
         <size>0x37e2</size>
         <input_file_ref idref="fl-2"/>
      </object_component>
      <object_component id="oc-2af">
         <name>.debug_info</name>
         <load_address>0x51f6</load_address>
         <run_address>0x51f6</run_address>
         <size>0x341</size>
         <input_file_ref idref="fl-2"/>
      </object_component>
      <object_component id="oc-2e">
         <name>.debug_info</name>
         <load_address>0x5537</load_address>
         <run_address>0x5537</run_address>
         <size>0x84</size>
         <input_file_ref idref="fl-2"/>
      </object_component>
      <object_component id="oc-174">
         <name>.debug_info</name>
         <load_address>0x55bb</load_address>
         <run_address>0x55bb</run_address>
         <size>0x297</size>
         <input_file_ref idref="fl-2"/>
      </object_component>
      <object_component id="oc-27e">
         <name>.debug_info</name>
         <load_address>0x5852</load_address>
         <run_address>0x5852</run_address>
         <size>0xef</size>
         <input_file_ref idref="fl-2"/>
      </object_component>
      <object_component id="oc-cb">
         <name>.debug_info</name>
         <load_address>0x5941</load_address>
         <run_address>0x5941</run_address>
         <size>0xbb</size>
         <input_file_ref idref="fl-2"/>
      </object_component>
      <object_component id="oc-162">
         <name>.debug_info</name>
         <load_address>0x59fc</load_address>
         <run_address>0x59fc</run_address>
         <size>0x2c</size>
         <input_file_ref idref="fl-2"/>
      </object_component>
      <object_component id="oc-71">
         <name>.debug_info</name>
         <load_address>0x5a28</load_address>
         <run_address>0x5a28</run_address>
         <size>0x2e9</size>
         <input_file_ref idref="fl-3"/>
      </object_component>
      <object_component id="oc-20">
         <name>.debug_info</name>
         <load_address>0x5d11</load_address>
         <run_address>0x5d11</run_address>
         <size>0xec</size>
         <input_file_ref idref="fl-3"/>
      </object_component>
      <object_component id="oc-64">
         <name>.debug_info</name>
         <load_address>0x5dfd</load_address>
         <run_address>0x5dfd</run_address>
         <size>0x253</size>
         <input_file_ref idref="fl-3"/>
      </object_component>
      <object_component id="oc-145">
         <name>.debug_info</name>
         <load_address>0x6050</load_address>
         <run_address>0x6050</run_address>
         <size>0xe5</size>
         <input_file_ref idref="fl-4"/>
      </object_component>
      <object_component id="oc-af">
         <name>.debug_info</name>
         <load_address>0x6135</load_address>
         <run_address>0x6135</run_address>
         <size>0x257</size>
         <input_file_ref idref="fl-4"/>
      </object_component>
      <object_component id="oc-1c9">
         <name>.debug_info</name>
         <load_address>0x638c</load_address>
         <run_address>0x638c</run_address>
         <size>0x8a6</size>
         <input_file_ref idref="fl-6"/>
      </object_component>
      <object_component id="oc-1c3">
         <name>.debug_info</name>
         <load_address>0x6c32</load_address>
         <run_address>0x6c32</run_address>
         <size>0xd7</size>
         <input_file_ref idref="fl-6"/>
      </object_component>
      <object_component id="oc-1c6">
         <name>.debug_info</name>
         <load_address>0x6d09</load_address>
         <run_address>0x6d09</run_address>
         <size>0xd7</size>
         <input_file_ref idref="fl-6"/>
      </object_component>
      <object_component id="oc-f4">
         <name>.debug_info</name>
         <load_address>0x6de0</load_address>
         <run_address>0x6de0</run_address>
         <size>0x4fe</size>
         <input_file_ref idref="fl-6"/>
      </object_component>
      <object_component id="oc-2aa">
         <name>.debug_info</name>
         <load_address>0x72de</load_address>
         <run_address>0x72de</run_address>
         <size>0x37e2</size>
         <input_file_ref idref="fl-6"/>
      </object_component>
      <object_component id="oc-295">
         <name>.debug_info</name>
         <load_address>0xaac0</load_address>
         <run_address>0xaac0</run_address>
         <size>0x8b</size>
         <input_file_ref idref="fl-6"/>
      </object_component>
      <object_component id="oc-6b">
         <name>.debug_info</name>
         <load_address>0xab4b</load_address>
         <run_address>0xab4b</run_address>
         <size>0x2ba</size>
         <input_file_ref idref="fl-7"/>
      </object_component>
      <object_component id="oc-1d2">
         <name>.debug_info</name>
         <load_address>0xae05</load_address>
         <run_address>0xae05</run_address>
         <size>0x605</size>
         <input_file_ref idref="fl-8"/>
      </object_component>
      <object_component id="oc-100">
         <name>.debug_info</name>
         <load_address>0xb40a</load_address>
         <run_address>0xb40a</run_address>
         <size>0x2e4</size>
         <input_file_ref idref="fl-8"/>
      </object_component>
      <object_component id="oc-170">
         <name>.debug_info</name>
         <load_address>0xb6ee</load_address>
         <run_address>0xb6ee</run_address>
         <size>0x4a4</size>
         <input_file_ref idref="fl-e"/>
      </object_component>
      <object_component id="oc-168">
         <name>.debug_info</name>
         <load_address>0xbb92</load_address>
         <run_address>0xbb92</run_address>
         <size>0xd0</size>
         <input_file_ref idref="fl-e"/>
      </object_component>
      <object_component id="oc-17e">
         <name>.debug_info</name>
         <load_address>0xbc62</load_address>
         <run_address>0xbc62</run_address>
         <size>0x183</size>
         <input_file_ref idref="fl-e"/>
      </object_component>
      <object_component id="oc-1cf">
         <name>.debug_info</name>
         <load_address>0xbde5</load_address>
         <run_address>0xbde5</run_address>
         <size>0x185</size>
         <input_file_ref idref="fl-e"/>
      </object_component>
      <object_component id="oc-18a">
         <name>.debug_info</name>
         <load_address>0xbf6a</load_address>
         <run_address>0xbf6a</run_address>
         <size>0x1db</size>
         <input_file_ref idref="fl-e"/>
      </object_component>
      <object_component id="oc-184">
         <name>.debug_info</name>
         <load_address>0xc145</load_address>
         <run_address>0xc145</run_address>
         <size>0x19c</size>
         <input_file_ref idref="fl-e"/>
      </object_component>
      <object_component id="oc-bc">
         <name>.debug_info</name>
         <load_address>0xc2e1</load_address>
         <run_address>0xc2e1</run_address>
         <size>0x185</size>
         <input_file_ref idref="fl-e"/>
      </object_component>
      <object_component id="oc-19b">
         <name>.debug_info</name>
         <load_address>0xc466</load_address>
         <run_address>0xc466</run_address>
         <size>0x17f</size>
         <input_file_ref idref="fl-e"/>
      </object_component>
      <object_component id="oc-195">
         <name>.debug_info</name>
         <load_address>0xc5e5</load_address>
         <run_address>0xc5e5</run_address>
         <size>0x188</size>
         <input_file_ref idref="fl-e"/>
      </object_component>
      <object_component id="oc-266">
         <name>.debug_info</name>
         <load_address>0xc76d</load_address>
         <run_address>0xc76d</run_address>
         <size>0x103e</size>
         <input_file_ref idref="fl-e"/>
      </object_component>
      <object_component id="oc-16b">
         <name>.debug_info</name>
         <load_address>0xd7ab</load_address>
         <run_address>0xd7ab</run_address>
         <size>0x18b</size>
         <input_file_ref idref="fl-e"/>
      </object_component>
      <object_component id="oc-28d">
         <name>.debug_info</name>
         <load_address>0xd936</load_address>
         <run_address>0xd936</run_address>
         <size>0x432</size>
         <input_file_ref idref="fl-f"/>
      </object_component>
      <object_component id="oc-28a">
         <name>.debug_info</name>
         <load_address>0xdd68</load_address>
         <run_address>0xdd68</run_address>
         <size>0x173</size>
         <input_file_ref idref="fl-f"/>
      </object_component>
      <object_component id="oc-190">
         <name>.debug_info</name>
         <load_address>0xdedb</load_address>
         <run_address>0xdedb</run_address>
         <size>0x121</size>
         <input_file_ref idref="fl-f"/>
      </object_component>
      <object_component id="oc-1a8">
         <name>.debug_info</name>
         <load_address>0xdffc</load_address>
         <run_address>0xdffc</run_address>
         <size>0x122</size>
         <input_file_ref idref="fl-f"/>
      </object_component>
      <object_component id="oc-1a2">
         <name>.debug_info</name>
         <load_address>0xe11e</load_address>
         <run_address>0xe11e</run_address>
         <size>0x16b</size>
         <input_file_ref idref="fl-f"/>
      </object_component>
      <object_component id="oc-172">
         <name>.debug_info</name>
         <load_address>0xe289</load_address>
         <run_address>0xe289</run_address>
         <size>0x4f5</size>
         <input_file_ref idref="fl-10"/>
      </object_component>
      <object_component id="oc-fa">
         <name>.debug_info</name>
         <load_address>0xe77e</load_address>
         <run_address>0xe77e</run_address>
         <size>0x160</size>
         <input_file_ref idref="fl-10"/>
      </object_component>
      <object_component id="oc-1b7">
         <name>.debug_info</name>
         <load_address>0xe8de</load_address>
         <run_address>0xe8de</run_address>
         <size>0x153</size>
         <input_file_ref idref="fl-10"/>
      </object_component>
      <object_component id="oc-bf">
         <name>.debug_info</name>
         <load_address>0xea31</load_address>
         <run_address>0xea31</run_address>
         <size>0x1af</size>
         <input_file_ref idref="fl-10"/>
      </object_component>
      <object_component id="oc-29c">
         <name>.debug_info</name>
         <load_address>0xebe0</load_address>
         <run_address>0xebe0</run_address>
         <size>0x1af</size>
         <input_file_ref idref="fl-10"/>
      </object_component>
      <object_component id="oc-1b2">
         <name>.debug_info</name>
         <load_address>0xed8f</load_address>
         <run_address>0xed8f</run_address>
         <size>0x188</size>
         <input_file_ref idref="fl-10"/>
      </object_component>
      <object_component id="oc-1be">
         <name>.debug_info</name>
         <load_address>0xef17</load_address>
         <run_address>0xef17</run_address>
         <size>0x129</size>
         <input_file_ref idref="fl-10"/>
      </object_component>
      <object_component id="oc-c5">
         <name>.debug_info</name>
         <load_address>0xf040</load_address>
         <run_address>0xf040</run_address>
         <size>0x1b7</size>
         <input_file_ref idref="fl-10"/>
      </object_component>
      <object_component id="oc-26d">
         <name>.debug_info</name>
         <load_address>0xf1f7</load_address>
         <run_address>0xf1f7</run_address>
         <size>0x341</size>
         <input_file_ref idref="fl-10"/>
      </object_component>
      <object_component id="oc-1ac">
         <name>.debug_info</name>
         <load_address>0xf538</load_address>
         <run_address>0xf538</run_address>
         <size>0x115</size>
         <input_file_ref idref="fl-11"/>
      </object_component>
      <object_component id="oc-28f">
         <name>.debug_info</name>
         <load_address>0xf64d</load_address>
         <run_address>0xf64d</run_address>
         <size>0xe7</size>
         <input_file_ref idref="fl-12"/>
      </object_component>
      <object_component id="oc-161">
         <name>.debug_info</name>
         <load_address>0xf734</load_address>
         <run_address>0xf734</run_address>
         <size>0x3e4</size>
         <input_file_ref idref="fl-c9"/>
      </object_component>
      <object_component id="oc-15b">
         <name>.debug_info</name>
         <load_address>0xfb18</load_address>
         <run_address>0xfb18</run_address>
         <size>0x156</size>
         <input_file_ref idref="fl-c9"/>
      </object_component>
      <object_component id="oc-155">
         <name>.debug_info</name>
         <load_address>0xfc6e</load_address>
         <run_address>0xfc6e</run_address>
         <size>0x165</size>
         <input_file_ref idref="fl-c9"/>
      </object_component>
      <object_component id="oc-b4">
         <name>.debug_info</name>
         <load_address>0xfdd3</load_address>
         <run_address>0xfdd3</run_address>
         <size>0x1ab</size>
         <input_file_ref idref="fl-c9"/>
      </object_component>
      <object_component id="oc-25d">
         <name>.debug_info</name>
         <load_address>0xff7e</load_address>
         <run_address>0xff7e</run_address>
         <size>0xb2</size>
         <input_file_ref idref="fl-c9"/>
      </object_component>
      <object_component id="oc-234">
         <name>.debug_info</name>
         <load_address>0x10030</load_address>
         <run_address>0x10030</run_address>
         <size>0x57a</size>
         <input_file_ref idref="fl-ca"/>
      </object_component>
      <object_component id="oc-201">
         <name>.debug_info</name>
         <load_address>0x105aa</load_address>
         <run_address>0x105aa</run_address>
         <size>0x21d</size>
         <input_file_ref idref="fl-ca"/>
      </object_component>
      <object_component id="oc-302">
         <name>.debug_info</name>
         <load_address>0x107c7</load_address>
         <run_address>0x107c7</run_address>
         <size>0x1b2</size>
         <input_file_ref idref="fl-ca"/>
      </object_component>
      <object_component id="oc-308">
         <name>.debug_info</name>
         <load_address>0x10979</load_address>
         <run_address>0x10979</run_address>
         <size>0x21a</size>
         <input_file_ref idref="fl-ca"/>
      </object_component>
      <object_component id="oc-20b">
         <name>.debug_info</name>
         <load_address>0x10b93</load_address>
         <run_address>0x10b93</run_address>
         <size>0x3ba</size>
         <input_file_ref idref="fl-ca"/>
      </object_component>
      <object_component id="oc-30f">
         <name>.debug_info</name>
         <load_address>0x10f4d</load_address>
         <run_address>0x10f4d</run_address>
         <size>0x304</size>
         <input_file_ref idref="fl-ca"/>
      </object_component>
      <object_component id="oc-315">
         <name>.debug_info</name>
         <load_address>0x11251</load_address>
         <run_address>0x11251</run_address>
         <size>0x214</size>
         <input_file_ref idref="fl-ca"/>
      </object_component>
      <object_component id="oc-212">
         <name>.debug_info</name>
         <load_address>0x11465</load_address>
         <run_address>0x11465</run_address>
         <size>0x214</size>
         <input_file_ref idref="fl-ca"/>
      </object_component>
      <object_component id="oc-217">
         <name>.debug_info</name>
         <load_address>0x11679</load_address>
         <run_address>0x11679</run_address>
         <size>0x303</size>
         <input_file_ref idref="fl-ca"/>
      </object_component>
      <object_component id="oc-21e">
         <name>.debug_info</name>
         <load_address>0x1197c</load_address>
         <run_address>0x1197c</run_address>
         <size>0x4af</size>
         <input_file_ref idref="fl-ca"/>
      </object_component>
      <object_component id="oc-14b">
         <name>.debug_info</name>
         <load_address>0x11e2b</load_address>
         <run_address>0x11e2b</run_address>
         <size>0x5f3</size>
         <input_file_ref idref="fl-ca"/>
      </object_component>
      <object_component id="oc-235">
         <name>.debug_info</name>
         <load_address>0x1241e</load_address>
         <run_address>0x1241e</run_address>
         <size>0x86</size>
         <input_file_ref idref="fl-ca"/>
      </object_component>
      <object_component id="oc-343">
         <name>.debug_info</name>
         <load_address>0x124a4</load_address>
         <run_address>0x124a4</run_address>
         <size>0x39</size>
         <input_file_ref idref="fl-ca"/>
      </object_component>
      <object_component id="oc-3b7">
         <name>.debug_info</name>
         <load_address>0x124dd</load_address>
         <run_address>0x124dd</run_address>
         <size>0xb6</size>
         <input_file_ref idref="fl-ca"/>
      </object_component>
      <object_component id="oc-348">
         <name>.debug_info</name>
         <load_address>0x12593</load_address>
         <run_address>0x12593</run_address>
         <size>0x46</size>
         <input_file_ref idref="fl-ca"/>
      </object_component>
      <object_component id="oc-23a">
         <name>.debug_info</name>
         <load_address>0x125d9</load_address>
         <run_address>0x125d9</run_address>
         <size>0x46</size>
         <input_file_ref idref="fl-ca"/>
      </object_component>
      <object_component id="oc-33e">
         <name>.debug_info</name>
         <load_address>0x1261f</load_address>
         <run_address>0x1261f</run_address>
         <size>0x2c</size>
         <input_file_ref idref="fl-ca"/>
      </object_component>
      <object_component id="oc-36d">
         <name>.debug_info</name>
         <load_address>0x1264b</load_address>
         <run_address>0x1264b</run_address>
         <size>0x382</size>
         <input_file_ref idref="fl-cb"/>
      </object_component>
      <object_component id="oc-257">
         <name>.debug_info</name>
         <load_address>0x129cd</load_address>
         <run_address>0x129cd</run_address>
         <size>0x1e9</size>
         <input_file_ref idref="fl-cb"/>
      </object_component>
      <object_component id="oc-36b">
         <name>.debug_info</name>
         <load_address>0x12bb6</load_address>
         <run_address>0x12bb6</run_address>
         <size>0x3fb</size>
         <input_file_ref idref="fl-cc"/>
      </object_component>
      <object_component id="oc-251">
         <name>.debug_info</name>
         <load_address>0x12fb1</load_address>
         <run_address>0x12fb1</run_address>
         <size>0x2e1</size>
         <input_file_ref idref="fl-cc"/>
      </object_component>
      <object_component id="oc-ea">
         <name>.debug_info</name>
         <load_address>0x13292</load_address>
         <run_address>0x13292</run_address>
         <size>0x2c</size>
         <input_file_ref idref="fl-cc"/>
      </object_component>
      <object_component id="oc-3c9">
         <name>.debug_info</name>
         <load_address>0x132be</load_address>
         <run_address>0x132be</run_address>
         <size>0x2ff</size>
         <input_file_ref idref="fl-cd"/>
      </object_component>
      <object_component id="oc-353">
         <name>.debug_info</name>
         <load_address>0x135bd</load_address>
         <run_address>0x135bd</run_address>
         <size>0x19b</size>
         <input_file_ref idref="fl-cd"/>
      </object_component>
      <object_component id="oc-404">
         <name>.debug_info</name>
         <load_address>0x13758</load_address>
         <run_address>0x13758</run_address>
         <size>0xbf</size>
         <input_file_ref idref="fl-cd"/>
      </object_component>
      <object_component id="oc-403">
         <name>.debug_info</name>
         <load_address>0x13817</load_address>
         <run_address>0x13817</run_address>
         <size>0x373</size>
         <input_file_ref idref="fl-ce"/>
      </object_component>
      <object_component id="oc-3c3">
         <name>.debug_info</name>
         <load_address>0x13b8a</load_address>
         <run_address>0x13b8a</run_address>
         <size>0x20a</size>
         <input_file_ref idref="fl-ce"/>
      </object_component>
      <object_component id="oc-2fc">
         <name>.debug_info</name>
         <load_address>0x13d94</load_address>
         <run_address>0x13d94</run_address>
         <size>0x14b</size>
         <input_file_ref idref="fl-cf"/>
      </object_component>
      <object_component id="oc-205">
         <name>.debug_info</name>
         <load_address>0x13edf</load_address>
         <run_address>0x13edf</run_address>
         <size>0x127</size>
         <input_file_ref idref="fl-d0"/>
      </object_component>
      <object_component id="oc-2e9">
         <name>.debug_info</name>
         <load_address>0x14006</load_address>
         <run_address>0x14006</run_address>
         <size>0x129</size>
         <input_file_ref idref="fl-d0"/>
      </object_component>
      <object_component id="oc-2e4">
         <name>.debug_info</name>
         <load_address>0x1412f</load_address>
         <run_address>0x1412f</run_address>
         <size>0x139</size>
         <input_file_ref idref="fl-d1"/>
      </object_component>
      <object_component id="oc-2de">
         <name>.debug_info</name>
         <load_address>0x14268</load_address>
         <run_address>0x14268</run_address>
         <size>0x139</size>
         <input_file_ref idref="fl-d2"/>
      </object_component>
      <object_component id="oc-2ec">
         <name>.debug_info</name>
         <load_address>0x143a1</load_address>
         <run_address>0x143a1</run_address>
         <size>0x12d</size>
         <input_file_ref idref="fl-d3"/>
      </object_component>
      <object_component id="oc-2f7">
         <name>.debug_info</name>
         <load_address>0x144ce</load_address>
         <run_address>0x144ce</run_address>
         <size>0x12b</size>
         <input_file_ref idref="fl-d4"/>
      </object_component>
      <object_component id="oc-36">
         <name>.debug_info</name>
         <load_address>0x145f9</load_address>
         <run_address>0x145f9</run_address>
         <size>0x118</size>
         <input_file_ref idref="fl-d5"/>
      </object_component>
      <object_component id="oc-2d7">
         <name>.debug_info</name>
         <load_address>0x14711</load_address>
         <run_address>0x14711</run_address>
         <size>0x133</size>
         <input_file_ref idref="fl-d6"/>
      </object_component>
      <object_component id="oc-90">
         <name>.debug_info</name>
         <load_address>0x14844</load_address>
         <run_address>0x14844</run_address>
         <size>0x146</size>
         <input_file_ref idref="fl-d7"/>
      </object_component>
      <object_component id="oc-8c">
         <name>.debug_info</name>
         <load_address>0x1498a</load_address>
         <run_address>0x1498a</run_address>
         <size>0x2d3</size>
         <input_file_ref idref="fl-d8"/>
      </object_component>
      <object_component id="oc-43">
         <name>.debug_info</name>
         <load_address>0x14c5d</load_address>
         <run_address>0x14c5d</run_address>
         <size>0x1d1</size>
         <input_file_ref idref="fl-d8"/>
      </object_component>
      <object_component id="oc-87">
         <name>.debug_info</name>
         <load_address>0x14e2e</load_address>
         <run_address>0x14e2e</run_address>
         <size>0x46</size>
         <input_file_ref idref="fl-d8"/>
      </object_component>
      <object_component id="oc-3e">
         <name>.debug_info</name>
         <load_address>0x14e74</load_address>
         <run_address>0x14e74</run_address>
         <size>0x2a7</size>
         <input_file_ref idref="fl-d9"/>
      </object_component>
      <object_component id="oc-17">
         <name>.debug_info</name>
         <load_address>0x1511b</load_address>
         <run_address>0x1511b</run_address>
         <size>0x1e9</size>
         <input_file_ref idref="fl-d9"/>
      </object_component>
      <object_component id="oc-39">
         <name>.debug_info</name>
         <load_address>0x15304</load_address>
         <run_address>0x15304</run_address>
         <size>0x46</size>
         <input_file_ref idref="fl-d9"/>
      </object_component>
      <object_component id="oc-7f">
         <name>.debug_info</name>
         <load_address>0x1534a</load_address>
         <run_address>0x1534a</run_address>
         <size>0x2c</size>
         <input_file_ref idref="fl-d9"/>
      </object_component>
      <object_component id="oc-7d">
         <name>.debug_info</name>
         <load_address>0x15376</load_address>
         <run_address>0x15376</run_address>
         <size>0x29d</size>
         <input_file_ref idref="fl-da"/>
      </object_component>
      <object_component id="oc-11">
         <name>.debug_info</name>
         <load_address>0x15613</load_address>
         <run_address>0x15613</run_address>
         <size>0x24f</size>
         <input_file_ref idref="fl-da"/>
      </object_component>
      <object_component id="oc-29">
         <name>.debug_info</name>
         <load_address>0x15862</load_address>
         <run_address>0x15862</run_address>
         <size>0x60</size>
         <input_file_ref idref="fl-da"/>
      </object_component>
      <object_component id="oc-e3">
         <name>.debug_info</name>
         <load_address>0x158c2</load_address>
         <run_address>0x158c2</run_address>
         <size>0x46</size>
         <input_file_ref idref="fl-da"/>
      </object_component>
      <object_component id="oc-78">
         <name>.debug_info</name>
         <load_address>0x15908</load_address>
         <run_address>0x15908</run_address>
         <size>0x39</size>
         <input_file_ref idref="fl-da"/>
      </object_component>
      <object_component id="oc-1d8">
         <name>.debug_info</name>
         <load_address>0x15941</load_address>
         <run_address>0x15941</run_address>
         <size>0x3ac</size>
         <input_file_ref idref="fl-db"/>
      </object_component>
      <object_component id="oc-1d5">
         <name>.debug_info</name>
         <load_address>0x15ced</load_address>
         <run_address>0x15ced</run_address>
         <size>0x18f</size>
         <input_file_ref idref="fl-db"/>
      </object_component>
      <object_component id="oc-107">
         <name>.debug_info</name>
         <load_address>0x15e7c</load_address>
         <run_address>0x15e7c</run_address>
         <size>0x121</size>
         <input_file_ref idref="fl-db"/>
      </object_component>
      <object_component id="oc-10d">
         <name>.debug_info</name>
         <load_address>0x15f9d</load_address>
         <run_address>0x15f9d</run_address>
         <size>0x183</size>
         <input_file_ref idref="fl-db"/>
[...]
      </symbol>
      <symbol id="sm-f8">
         <name>initTimers</name>
         <value>0x1ec5</value>
         <object_component_ref idref="oc-f3"/>
      </symbol>
      <symbol id="sm-10d">
         <name>TA0_N_IRQHandler</name>
         <value>0x1b85</value>
         <object_component_ref idref="oc-69"/>
      </symbol>
      <symbol id="sm-125">
         <name>getDistance</name>
         <value>0x207b</value>
         <object_component_ref idref="oc-ff"/>
      </symbol>
      <symbol id="sm-126">
         <name>triggerUltrasonicSensor</name>
         <value>0x2049</value>
         <object_component_ref idref="oc-ff"/>
      </symbol>
      <symbol id="sm-187">
         <name>GPIO_setOutputHighOnPin</name>
         <value>0x335d</value>
         <object_component_ref idref="oc-1cb"/>
      </symbol>
      <symbol id="sm-188">
         <name>GPIO_enableInterrupt</name>
         <value>0x3349</value>
         <object_component_ref idref="oc-198"/>
      </symbol>
      <symbol id="sm-189">
         <name>GPIO_setAsOutputPin</name>
         <value>0x31ed</value>
         <object_component_ref idref="oc-180"/>
      </symbol>
      <symbol id="sm-18a">
         <name>GPIO_setOutputLowOnPin</name>
         <value>0x32e9</value>
         <object_component_ref idref="oc-17a"/>
      </symbol>
      <symbol id="sm-18b">
         <name>GPIO_clearInterruptFlag</name>
         <value>0x32b9</value>
         <object_component_ref idref="oc-192"/>
      </symbol>
      <symbol id="sm-18c">
         <name>GPIO_getInputPinValue</name>
         <value>0x32d1</value>
         <object_component_ref idref="oc-b8"/>
      </symbol>
      <symbol id="sm-18d">
         <name>GPIO_setAsPeripheralModuleFunctionInputPin</name>
         <value>0x2d15</value>
         <object_component_ref idref="oc-186"/>
      </symbol>
      <symbol id="sm-1c7">
         <name>Interrupt_enableSleepOnIsrExit</name>
         <value>0x3371</value>
         <object_component_ref idref="oc-18c"/>
      </symbol>
      <symbol id="sm-1c8">
         <name>Interrupt_enableMaster</name>
         <value>0x33d1</value>
         <object_component_ref idref="oc-1a4"/>
      </symbol>
      <symbol id="sm-1c9">
         <name>Interrupt_enableInterrupt</name>
         <value>0x2885</value>
         <object_component_ref idref="oc-19e"/>
      </symbol>
      <symbol id="sm-21c">
         <name>Timer_A_clearCaptureCompareInterrupt</name>
         <value>0x3285</value>
         <object_component_ref idref="oc-c4"/>
      </symbol>
      <symbol id="sm-21d">
         <name>Timer_A_startCounter</name>
         <value>0x3419</value>
         <object_component_ref idref="oc-f9"/>
      </symbol>
      <symbol id="sm-21e">
         <name>Timer_A_initCapture</name>
         <value>0x308d</value>
         <object_component_ref idref="oc-1b6"/>
      </symbol>
      <symbol id="sm-21f">
         <name>Timer_A_getCaptureCompareCount</name>
         <value>0x33f1</value>
         <object_component_ref idref="oc-be"/>
      </symbol>
      <symbol id="sm-220">
         <name>Timer_A_clearTimer</name>
         <value>0x33e1</value>
         <object_component_ref idref="oc-1bc"/>
      </symbol>
      <symbol id="sm-221">
         <name>Timer_A_configureUpMode</name>
         <value>0x2e75</value>
         <object_component_ref idref="oc-1b0"/>
      </symbol>
      <symbol id="sm-22d">
         <name>WDT_A_holdTimer</name>
         <value>0x3301</value>
         <object_component_ref idref="oc-1aa"/>
      </symbol>
      <symbol id="sm-237">
         <name>CPU_cpsie</name>
         <value>0x340d</value>
         <object_component_ref idref="oc-28e"/>
      </symbol>
      <symbol id="sm-264">
         <name>printf</name>
         <value>0x281d</value>
         <object_component_ref idref="oc-b2"/>
      </symbol>
      <symbol id="sm-3ce">
         <name>__TI_printfi</name>
         <value>0x141</value>
         <object_component_ref idref="oc-148"/>
      </symbol>
      <symbol id="sm-3e3">
         <name>putc</name>
         <value>0x2379</value>
         <object_component_ref idref="oc-254"/>
      </symbol>
      <symbol id="sm-3e4">
         <name>fputc</name>
         <value>0x2379</value>
         <object_component_ref idref="oc-254"/>
      </symbol>
      <symbol id="sm-407">
         <name>fputs</name>
         <value>0x1961</value>
         <object_component_ref idref="oc-24d"/>
      </symbol>
      <symbol id="sm-41f">
         <name>__TI_wrt_ok</name>
         <value>0x29b1</value>
         <object_component_ref idref="oc-352"/>
      </symbol>
      <symbol id="sm-43b">
         <name>setvbuf</name>
         <value>0x1f49</value>
         <object_component_ref idref="oc-3c2"/>
      </symbol>
      <symbol id="sm-452">
         <name>__aeabi_dsub</name>
         <value>0x12f9</value>
         <object_component_ref idref="oc-2fb"/>
      </symbol>
      <symbol id="sm-453">
         <name>__aeabi_dadd</name>
         <value>0x1303</value>
         <object_component_ref idref="oc-2fb"/>
      </symbol>
      <symbol id="sm-475">
         <name>__aeabi_cdcmpeq</name>
         <value>0x2405</value>
         <object_component_ref idref="oc-204"/>
      </symbol>
      <symbol id="sm-476">
         <name>__aeabi_cdcmple</name>
         <value>0x2405</value>
         <object_component_ref idref="oc-204"/>
      </symbol>
      <symbol id="sm-477">
         <name>__aeabi_cdrcmple</name>
         <value>0x248b</value>
         <object_component_ref idref="oc-2e6"/>
      </symbol>
      <symbol id="sm-48b">
         <name>__aeabi_ddiv</name>
         <value>0x15ed</value>
         <object_component_ref idref="oc-2e1"/>
      </symbol>
      <symbol id="sm-496">
         <name>__aeabi_dmul</name>
         <value>0x1c87</value>
         <object_component_ref idref="oc-2dc"/>
      </symbol>
      <symbol id="sm-4a0">
         <name>__aeabi_d2iz</name>
         <value>0x2da5</value>
         <object_component_ref idref="oc-2eb"/>
      </symbol>
      <symbol id="sm-4aa">
         <name>__aeabi_i2d</name>
         <value>0x30ed</value>
         <object_component_ref idref="oc-2f6"/>
      </symbol>
      <symbol id="sm-4c5">
         <name>memcpy</name>
         <value>0x2247</value>
         <object_component_ref idref="oc-33"/>
      </symbol>
      <symbol id="sm-4c6">
         <name>__aeabi_memcpy</name>
         <value>0x2247</value>
         <object_component_ref idref="oc-33"/>
      </symbol>
      <symbol id="sm-4c7">
         <name>__aeabi_memcpy8</name>
         <value>0x2247</value>
         <object_component_ref idref="oc-33"/>
      </symbol>
      <symbol id="sm-4c8">
         <name>__aeabi_memcpy4</name>
         <value>0x2247</value>
         <object_component_ref idref="oc-33"/>
      </symbol>
      <symbol id="sm-4d5">
         <name>__aeabi_uldivmod</name>
         <value>0x22e3</value>
         <object_component_ref idref="oc-2d5"/>
      </symbol>
      <symbol id="sm-4e4">
         <name>__aeabi_memset</name>
         <value>0x2513</value>
         <object_component_ref idref="oc-8d"/>
      </symbol>
      <symbol id="sm-4e5">
         <name>memset</name>
         <value>0x2519</value>
         <object_component_ref idref="oc-8d"/>
      </symbol>
      <symbol id="sm-4e6">
         <name>__aeabi_memset8</name>
         <value>0x2513</value>
         <object_component_ref idref="oc-8d"/>
      </symbol>
      <symbol id="sm-4e7">
         <name>__aeabi_memset4</name>
         <value>0x2513</value>
         <object_component_ref idref="oc-8d"/>
      </symbol>
      <symbol id="sm-4e8">
         <name>__aeabi_memclr8</name>
         <value>0x2511</value>
         <object_component_ref idref="oc-8d"/>
      </symbol>
      <symbol id="sm-4e9">
         <name>__aeabi_memclr4</name>
         <value>0x2511</value>
         <object_component_ref idref="oc-8d"/>
      </symbol>
      <symbol id="sm-4ea">
         <name>__aeabi_memclr</name>
         <value>0x2511</value>
         <object_component_ref idref="oc-8d"/>
      </symbol>
      <symbol id="sm-4fe">
         <name>__TI_zero_init_nomemset</name>
         <value>0x3231</value>
         <object_component_ref idref="oc-3f"/>
      </symbol>
      <symbol id="sm-515">
         <name>__TI_decompress_none</name>
         <value>0x33ff</value>
         <object_component_ref idref="oc-16"/>
      </symbol>
      <symbol id="sm-538">
         <name>__TI_decompress_lzss</name>
         <value>0x27b5</value>
         <object_component_ref idref="oc-10"/>
      </symbol>
      <symbol id="sm-55e">
         <name>C$$EXIT</name>
         <value>0x343d</value>
         <object_component_ref idref="oc-106"/>
      </symbol>
      <symbol id="sm-55f">
         <name>abort</name>
         <value>0x343d</value>
         <object_component_ref idref="oc-106"/>
      </symbol>
      <symbol id="sm-560">
         <name>__TI_dtors_ptr</name>
         <value>0x200009fc</value>
         <object_component_ref idref="oc-1d4"/>
      </symbol>
      <symbol id="sm-561">
         <name>__TI_cleanup_ptr</name>
         <value>0x200009f8</value>
         <object_component_ref idref="oc-1d4"/>
      </symbol>
      <symbol id="sm-562">
         <name>__TI_enable_exit_profile_output</name>
         <value>0x20000a00</value>
         <object_component_ref idref="oc-1d4"/>
      </symbol>
      <symbol id="sm-563">
         <name>exit</name>
         <value>0x2d5d</value>
         <object_component_ref idref="oc-10c"/>
      </symbol>
      <symbol id="sm-578">
         <name>_nop</name>
         <value>0xb8f</value>
         <object_component_ref idref="oc-23f"/>
      </symbol>
      <symbol id="sm-579">
         <name>_lock</name>
         <value>0x20000a04</value>
         <object_component_ref idref="oc-14e"/>
      </symbol>
      <symbol id="sm-57a">
         <name>_unlock</name>
         <value>0x20000a08</value>
         <object_component_ref idref="oc-14e"/>
      </symbol>
      <symbol id="sm-590">
         <name>atoi</name>
         <value>0x2cc9</value>
         <object_component_ref idref="oc-1f8"/>
      </symbol>
      <symbol id="sm-59b">
         <name>_ctypes_</name>
         <value>0x3440</value>
         <object_component_ref idref="oc-2d0"/>
      </symbol>
      <symbol id="sm-5b0">
         <name>__TI_tmpnams</name>
         <value>0x20000b3c</value>
      </symbol>
      <symbol id="sm-5b1">
         <name>__aeabi_stdout</name>
         <value>0x200009f0</value>
         <object_component_ref idref="oc-43f"/>
      </symbol>
      <symbol id="sm-5b2">
         <name>__aeabi_stderr</name>
         <value>0x200009f4</value>
         <object_component_ref idref="oc-43f"/>
      </symbol>
      <symbol id="sm-5b3">
         <name>__aeabi_stdin</name>
         <value>0x200009ec</value>
         <object_component_ref idref="oc-43f"/>
      </symbol>
      <symbol id="sm-5b4">
         <name>_ftable</name>
         <value>0x20000800</value>
         <object_component_ref idref="oc-151"/>
      </symbol>
      <symbol id="sm-5b5">
         <name>__TI_ft_end</name>
         <value>0x200009e8</value>
         <object_component_ref idref="oc-43f"/>
      </symbol>
      <symbol id="sm-5c4">
         <name>ltoa</name>
         <value>0x2bd7</value>
         <object_component_ref idref="oc-2f0"/>
      </symbol>
      <symbol id="sm-5d4">
         <name>memccpy</name>
         <value>0x3269</value>
         <object_component_ref idref="oc-221"/>
      </symbol>
      <symbol id="sm-5e4">
         <name>memchr</name>
         <value>0x3211</value>
         <object_component_ref idref="oc-358"/>
      </symbol>
      <symbol id="sm-66d">
         <name>_sys_memory</name>
         <value>0x20000000</value>
         <object_component_ref idref="oc-22"/>
      </symbol>
      <symbol id="sm-66e">
         <name>free</name>
         <value>0x1d85</value>
         <object_component_ref idref="oc-3f0"/>
      </symbol>
      <symbol id="sm-66f">
         <name>memalign</name>
         <value>0x1849</value>
         <object_component_ref idref="oc-432"/>
      </symbol>
      <symbol id="sm-670">
         <name>malloc</name>
         <value>0x3429</value>
         <object_component_ref idref="oc-3f6"/>
      </symbol>
      <symbol id="sm-671">
         <name>aligned_alloc</name>
         <value>0x1849</value>
         <object_component_ref idref="oc-432"/>
      </symbol>
      <symbol id="sm-681">
         <name>strchr</name>
         <value>0x3331</value>
         <object_component_ref idref="oc-327"/>
      </symbol>
      <symbol id="sm-68f">
         <name>strlen</name>
         <value>0x3399</value>
         <object_component_ref idref="oc-1f2"/>
      </symbol>
      <symbol id="sm-6a9">
         <name>write</name>
         <value>0x31c5</value>
         <object_component_ref idref="oc-364"/>
      </symbol>
      <symbol id="sm-6ba">
         <name>_stream</name>
         <value>0x20000968</value>
         <object_component_ref idref="oc-3ce"/>
      </symbol>
      <symbol id="sm-6bb">
         <name>_device</name>
         <value>0x200008f0</value>
         <object_component_ref idref="oc-40f"/>
      </symbol>
      <symbol id="sm-6ce">
         <name>__stack</name>
         <value>0x2000fe00</value>
         <object_component_ref idref="oc-25"/>
      </symbol>
      <symbol id="sm-6cf">
         <name>_c_int00_noargs</name>
         <value>0x3059</value>
         <object_component_ref idref="oc-51"/>
      </symbol>
      <symbol id="sm-6e5">
         <name>__aeabi_errno_addr</name>
         <value>0x3421</value>
         <object_component_ref idref="oc-22d"/>
      </symbol>
      <symbol id="sm-6e6">
         <name>errno</name>
         <value>0x20000a14</value>
         <object_component_ref idref="oc-337"/>
      </symbol>
      <symbol id="sm-6ff">
         <name>wcslen</name>
         <value>0x33bf</value>
         <object_component_ref idref="oc-227"/>
      </symbol>
      <symbol id="sm-71f">
         <name>frexpl</name>
         <value>0x28e9</value>
         <object_component_ref idref="oc-31b"/>
      </symbol>
      <symbol id="sm-720">
         <name>frexp</name>
         <value>0x28e9</value>
         <object_component_ref idref="oc-31b"/>
      </symbol>
      <symbol id="sm-73d">
         <name>scalbn</name>
         <value>0x1a75</value>
         <object_component_ref idref="oc-321"/>
      </symbol>
      <symbol id="sm-73e">
         <name>scalbnl</name>
         <value>0x1a75</value>
         <object_component_ref idref="oc-321"/>
      </symbol>
      <symbol id="sm-73f">
         <name>ldexpl</name>
         <value>0x1a75</value>
         <object_component_ref idref="oc-321"/>
      </symbol>
      <symbol id="sm-740">
         <name>ldexp</name>
         <value>0x1a75</value>
         <object_component_ref idref="oc-321"/>
      </symbol>
      <symbol id="sm-750">
         <name>__TI_doflush</name>
         <value>0x2c7d</value>
         <object_component_ref idref="oc-35e"/>
      </symbol>
      <symbol id="sm-760">
         <name>__TI_cleanup</name>
         <value>0x2ff1</value>
         <object_component_ref idref="oc-3fc"/>
      </symbol>
      <symbol id="sm-772">
         <name>fseek</name>
         <value>0x294d</value>
         <object_component_ref idref="oc-3bc"/>
      </symbol>
      <symbol id="sm-77c">
         <name>__aeabi_idiv0</name>
         <value>0x14af</value>
         <object_component_ref idref="oc-387"/>
      </symbol>
      <symbol id="sm-77d">
         <name>__aeabi_ldiv0</name>
         <value>0x14af</value>
         <object_component_ref idref="oc-387"/>
      </symbol>
      <symbol id="sm-7a5">
         <name>__TI_auto_init_nobinit_nopinit</name>
         <value>0x2eb9</value>
         <object_component_ref idref="oc-112"/>
      </symbol>
      <symbol id="sm-7af">
         <name>_system_pre_init</name>
         <value>0x3439</value>
         <object_component_ref idref="oc-93"/>
      </symbol>
      <symbol id="sm-7c2">
         <name>HOSTclose</name>
         <value>0x2ded</value>
         <object_component_ref idref="oc-44b"/>
      </symbol>
      <symbol id="sm-7d3">
         <name>HOSTlseek</name>
         <value>0x274d</value>
         <object_component_ref idref="oc-45d"/>
      </symbol>
      <symbol id="sm-7e5">
         <name>parmbuf</name>
         <value>0x20000bdc</value>
      </symbol>
      <symbol id="sm-7e6">
         <name>HOSTopen</name>
         <value>0x2a15</value>
         <object_component_ref idref="oc-445"/>
      </symbol>
      <symbol id="sm-7f7">
         <name>HOSTread</name>
         <value>0x2ad1</value>
         <object_component_ref idref="oc-451"/>
      </symbol>
      <symbol id="sm-808">
         <name>HOSTrename</name>
         <value>0x26e1</value>
         <object_component_ref idref="oc-469"/>
      </symbol>
      <symbol id="sm-819">
         <name>HOSTunlink</name>
         <value>0x2e31</value>
         <object_component_ref idref="oc-463"/>
      </symbol>
      <symbol id="sm-82a">
         <name>HOSTwrite</name>
         <value>0x2b29</value>
         <object_component_ref idref="oc-457"/>
      </symbol>
      <symbol id="sm-84e">
         <name>__TI_readmsg</name>
         <value>0x3025</value>
         <object_component_ref idref="oc-498"/>
      </symbol>
      <symbol id="sm-84f">
         <name>C$$IO$$</name>
         <value>0x2faf</value>
         <object_component_ref idref="oc-492"/>
      </symbol>
      <symbol id="sm-850">
         <name>__CIOBUF_</name>
         <value>0x20000a1c</value>
         <object_component_ref idref="oc-4c3"/>
      </symbol>
      <symbol id="sm-851">
         <name>__TI_writemsg</name>
         <value>0x2f81</value>
         <object_component_ref idref="oc-492"/>
      </symbol>
      <symbol id="sm-862">
         <name>lseek</name>
         <value>0x319d</value>
         <object_component_ref idref="oc-3e8"/>
      </symbol>
      <symbol id="sm-86c">
         <name>copysign</name>
         <value>0x329f</value>
         <object_component_ref idref="oc-3a0"/>
      </symbol>
      <symbol id="sm-86d">
         <name>copysignl</name>
         <value>0x329f</value>
         <object_component_ref idref="oc-3a0"/>
      </symbol>
      <symbol id="sm-882">
         <name>__TI_closefile</name>
         <value>0x258d</value>
         <object_component_ref idref="oc-439"/>
      </symbol>
      <symbol id="sm-8a5">
         <name>finddevice</name>
         <value>0x30bd</value>
         <object_component_ref idref="oc-4e1"/>
      </symbol>
      <symbol id="sm-8a6">
         <name>getdevice</name>
         <value>0x2efd</value>
         <object_component_ref idref="oc-4b9"/>
      </symbol>
      <symbol id="sm-8b5">
         <name>strcmp</name>
         <value>0x3319</value>
         <object_component_ref idref="oc-4f8"/>
      </symbol>
      <symbol id="sm-8c3">
         <name>strcpy</name>
         <value>0x3385</value>
         <object_component_ref idref="oc-4ac"/>
      </symbol>
      <symbol id="sm-8d3">
         <name>strncpy</name>
         <value>0x2fb9</value>
         <object_component_ref idref="oc-4db"/>
      </symbol>
      <symbol id="sm-8e8">
         <name>close</name>
         <value>0x2a75</value>
         <object_component_ref idref="oc-481"/>
      </symbol>
      <symbol id="sm-8f8">
         <name>unlink</name>
         <value>0x3149</value>
         <object_component_ref idref="oc-487"/>
      </symbol>
      <symbol id="sm-8f9">
         <name>__TI_static_base__</name>
         <value>0x0</value>
      </symbol>
      <symbol id="sm-8fc">
         <name>__mpu_init</name>
         <value>0x0</value>
      </symbol>
      <symbol id="sm-8fd">
         <name>_system_post_cinit</name>
         <value>0x0</value>
      </symbol>
      <symbol id="sm-8fe">
         <name>remove</name>
         <value>0x3149</value>
      </symbol>
   </symbol_table>
   <title>Link successful</title>
</link_info>
