******************************************************************************
                  TI ARM Linker PC v18.12.4                    
******************************************************************************
>> Linked Thu Sep 29 03:05:41 2022

OUTPUT FILE NAME:   <lab4.2.out>
ENTRY POINT SYMBOL: "_c_int00_noargs"  address: 00003059


MEMORY CONFIGURATION

         name            origin    length      used     unused   attr    fill
----------------------  --------  ---------  --------  --------  ----  --------
  MAIN                  00000000   00040000  0000366c  0003c994  R  X
  INFO                  00200000   00004000  00000000  00004000  R  X
  SRAM_CODE             01000000   00010000  00000000  00010000  RW X
  SRAM_DATA             20000000   00010000  00000de4  0000f21c  RW  


SEGMENT ALLOCATION MAP

run origin  load origin   length   init length attrs members
----------  ----------- ---------- ----------- ----- -------
00000000    00000000    00003670   00003670    r-x
  00000000    00000000    00000140   00000140    r-- .intvecs
  00000140    00000140    00003300   00003300    r-x .text
  00003440    00003440    00000174   00000174    r-- .const
  000035b8    000035b8    000000b8   000000b8    r-- .cinit
20000000    20000000    00000be4   00000000    rw-
  20000000    20000000    00000800   00000000    rw- .sysmem
  20000800    20000800    0000021c   00000000    rw- .data
  20000a1c    20000a1c    000001c8   00000000    rw- .bss
2000fe00    2000fe00    00000200   00000000    rw-
  2000fe00    2000fe00    00000200   00000000    rw- .stack


SECTION ALLOCATION MAP

 output                                  attributes/
section   page    origin      length       input sections
--------  ----  ----------  ----------   ----------------
.intvecs   0    00000000    00000140     
                  00000000    00000140     startup_msp432p401r_ccs.obj (.intvecs:retain)

.text      0    00000140    00003300     
                  00000140    00000a4e     rtsv7M4_T_le_v4SPD16_eabi.lib : _printfi.c.obj (.text:__TI_printfi)
                  00000b8e    00000002                                   : _lock.c.obj (.text:_nop)
                  00000b90    00000328     system_msp432p401r.obj (.text)
                  00000eb8    00000270     rtsv7M4_T_le_v4SPD16_eabi.lib : _printfi.c.obj (.text:_pconv_a)
                  00001128    000001d0                                   : _printfi.c.obj (.text:_pconv_g)
                  000012f8    000001b6                                   : fd_add_t2.asm.obj (.text)
                  000014ae    00000002                                   : div0.asm.obj (.text)
                  000014b0    0000013c                                   : _printfi.c.obj (.text:_pconv_e)
                  000015ec    00000136                                   : fd_div_t2.asm.obj (.text)
                  00001722    00000002     --HOLE-- [fill = 0]
                  00001724    00000124                                   : _printfi.c.obj (.text:fcvt)
                  00001848    00000118                                   : memory.c.obj (.text:aligned_alloc)
                  00001960    00000114                                   : fputs.c.obj (.text:fputs)
                  00001a74    00000110                                   : s_scalbn.c.obj (.text:scalbn)
                  00001b84    00000102     interrupts.obj (.text)
                  00001c86    000000fc     rtsv7M4_T_le_v4SPD16_eabi.lib : fd_mul_t2.asm.obj (.text)
                  00001d82    00000002     --HOLE-- [fill = 0]
                  00001d84    000000e4                                   : memory.c.obj (.text:free)
                  00001e68    000000e0     init.obj (.text)
                  00001f48    000000dc     rtsv7M4_T_le_v4SPD16_eabi.lib : setvbuf.c.obj (.text:setvbuf)
                  00002024    000000bc     ultrasonic.obj (.text)
                  000020e0    000000b2     msp432p4xx_driverlib.lib : timer_a.o (.text:privateTimer_AProcessClockSourceDivider)
                  00002192    00000002     --HOLE-- [fill = 0]
                  00002194    000000b1     rtsv7M4_T_le_v4SPD16_eabi.lib : _printfi.c.obj (.text:_ltostr)
                  00002245    00000001     --HOLE-- [fill = 0]
                  00002246    0000009c                                   : memcpy_t2.asm.obj (.text)
                  000022e2    00000096                                   : ull_div_t2.asm.obj (.text)
                  00002378    0000008c                                   : fputc.c.obj (.text:fputc)
                  00002404    00000086                                   : fd_cmp_t2.asm.obj (.text:__aeabi_cdcmple)
                  0000248a    00000086                                   : fd_cmp_t2.asm.obj (.text:__aeabi_cdrcmple)
                  00002510    0000007a                                   : memset_t2.asm.obj (.text)
                  0000258a    00000002     --HOLE-- [fill = 0]
                  0000258c    00000074                                   : fclose.c.obj (.text:__TI_closefile)
                  00002600    00000070                                   : memory.c.obj (.text:split)
                  00002670    0000006e                                   : _printfi.c.obj (.text:_mcpy)
                  000026de    00000002     --HOLE-- [fill = 0]
                  000026e0    0000006c                                   : hostrename.c.obj (.text:HOSTrename)
                  0000274c    00000068                                   : hostlseek.c.obj (.text:HOSTlseek)
                  000027b4    00000068                                   : copy_decompress_lzss.c.obj (.text:decompress:lzss:__TI_decompress_lzss)
                  0000281c    00000068                                   : printf.c.obj (.text:printf)
                  00002884    00000064     msp432p4xx_driverlib.lib : interrupt.o (.text:Interrupt_enableInterrupt)
                  000028e8    00000064     rtsv7M4_T_le_v4SPD16_eabi.lib : s_frexp.c.obj (.text:frexp)
                  0000294c    00000064                                   : fseek.c.obj (.text:fseek)
                  000029b0    00000062                                   : _io_perm.c.obj (.text:__TI_wrt_ok)
                  00002a12    00000002     --HOLE-- [fill = 0]
                  00002a14    00000060                                   : hostopen.c.obj (.text:HOSTopen)
                  00002a74    0000005c                                   : close.c.obj (.text:close)
                  00002ad0    00000058                                   : hostread.c.obj (.text:HOSTread)
                  00002b28    00000058                                   : hostwrite.c.obj (.text:HOSTwrite)
                  00002b80    00000056                                   : _printfi.c.obj (.text:_pconv_f)
                  00002bd6    00000054                                   : ltoa.c.obj (.text:ltoa)
                  00002c2a    00000052                                   : _printfi.c.obj (.text:_ecpy)
                  00002c7c    0000004c                                   : fflush.c.obj (.text:__TI_doflush)
                  00002cc8    0000004c                                   : atoi.c.obj (.text:atoi)
                  00002d14    00000048     msp432p4xx_driverlib.lib : gpio.o (.text:GPIO_setAsPeripheralModuleFunctionInputPin)
                  00002d5c    00000048     rtsv7M4_T_le_v4SPD16_eabi.lib : exit.c.obj (.text:exit)
                  00002da4    00000048                                   : fd_toi_t2.asm.obj (.text)
                  00002dec    00000044                                   : hostclose.c.obj (.text:HOSTclose)
                  00002e30    00000044                                   : hostunlink.c.obj (.text:HOSTunlink)
                  00002e74    00000044     msp432p4xx_driverlib.lib : timer_a.o (.text:Timer_A_configureUpMode)
                  00002eb8    00000044     rtsv7M4_T_le_v4SPD16_eabi.lib : autoinit.c.obj (.text:__TI_auto_init_nobinit_nopinit:__TI_auto_init_nobinit_nopinit)
                  00002efc    00000044                                   : getdevice.c.obj (.text:getdevice)
                  00002f40    0000003e                                   : _printfi.c.obj (.text:_fcpy)
                  00002f7e    00000002     --HOLE-- [fill = 0]
                  00002f80    00000038                                   : trgmsg.c.obj (.text:__TI_writemsg)
                  00002fb8    00000036                                   : strncpy.c.obj (.text:strncpy)
                  00002fee    00000002     --HOLE-- [fill = 0]
                  00002ff0    00000034                                   : fopen.c.obj (.text:__TI_cleanup)
                  00003024    00000034                                   : trgmsg.c.obj (.text:__TI_readmsg)
                  00003058    00000034                                   : boot_cortex_m.c.obj (.text:_c_int00_noargs:_c_int00_noargs)
                  0000308c    00000030     msp432p4xx_driverlib.lib : timer_a.o (.text:Timer_A_initCapture)
                  000030bc    00000030     rtsv7M4_T_le_v4SPD16_eabi.lib : getdevice.c.obj (.text:finddevice)
                  000030ec    0000002e                                   : i_tofd_t2.asm.obj (.text)
                  0000311a    00000002     --HOLE-- [fill = 0]
                  0000311c    0000002c     main.obj (.text)
                  00003148    0000002c     rtsv7M4_T_le_v4SPD16_eabi.lib : unlink.c.obj (.text:unlink)
                  00003174    00000028                                   : memory.c.obj (.text:free_list_insert)
                  0000319c    00000028                                   : lseek.c.obj (.text:lseek)
                  000031c4    00000028                                   : write.c.obj (.text:write)
                  000031ec    00000024     msp432p4xx_driverlib.lib : gpio.o (.text:GPIO_setAsOutputPin)
                  00003210    00000020     rtsv7M4_T_le_v4SPD16_eabi.lib : memchr.c.obj (.text:memchr)
                  00003230    0000001c                                   : copy_zero_init.c.obj (.text:decompress:ZI:__TI_zero_init_nomemset:__TI_zero_init_nomemset)
                  0000324c    0000001c                                   : memory.c.obj (.text:free_list_remove)
                  00003268    0000001c                                   : memccpy.c.obj (.text:memccpy)
                  00003284    0000001a     msp432p4xx_driverlib.lib : timer_a.o (.text:Timer_A_clearCaptureCompareInterrupt)
                  0000329e    0000001a     rtsv7M4_T_le_v4SPD16_eabi.lib : s_copysign.c.obj (.text:copysign)
                  000032b8    00000018     msp432p4xx_driverlib.lib : gpio.o (.text:GPIO_clearInterruptFlag)
                  000032d0    00000018                              : gpio.o (.text:GPIO_getInputPinValue)
                  000032e8    00000018                              : gpio.o (.text:GPIO_setOutputLowOnPin)
                  00003300    00000018                              : wdt_a.o (.text:WDT_A_holdTimer)
                  00003318    00000018     rtsv7M4_T_le_v4SPD16_eabi.lib : strcmp.c.obj (.text:strcmp)
                  00003330    00000016                                   : strchr.c.obj (.text:strchr)
                  00003346    00000002     --HOLE-- [fill = 0]
                  00003348    00000014     msp432p4xx_driverlib.lib : gpio.o (.text:GPIO_enableInterrupt)
                  0000335c    00000014                              : gpio.o (.text:GPIO_setOutputHighOnPin)
                  00003370    00000014                              : interrupt.o (.text:Interrupt_enableSleepOnIsrExit)
                  00003384    00000014     rtsv7M4_T_le_v4SPD16_eabi.lib : strcpy.c.obj (.text:strcpy)
                  00003398    00000014                                   : strlen.c.obj (.text:strlen)
                  000033ac    00000012     startup_msp432p401r_ccs.obj (.text)
                  000033be    00000012     rtsv7M4_T_le_v4SPD16_eabi.lib : wcslen.c.obj (.text:wcslen)
                  000033d0    00000010     msp432p4xx_driverlib.lib : interrupt.o (.text:Interrupt_enableMaster)
                  000033e0    00000010                              : timer_a.o (.text:Timer_A_clearTimer)
                  000033f0    0000000e                              : timer_a.o (.text:Timer_A_getCaptureCompareCount)
                  000033fe    0000000e     rtsv7M4_T_le_v4SPD16_eabi.lib : copy_decompress_none.c.obj (.text:decompress:none:__TI_decompress_none)
                  0000340c    0000000c     msp432p4xx_driverlib.lib : cpu.o (.text:CPU_cpsie)
                  00003418    00000008                              : timer_a.o (.text:Timer_A_startCounter)
                  00003420    00000008     rtsv7M4_T_le_v4SPD16_eabi.lib : errno.c.obj (.text:__aeabi_errno_addr)
                  00003428    00000008                                   : memory.c.obj (.text:malloc)
                  00003430    00000004                                   : printf.c.obj (.text:_outc)
                  00003434    00000004                                   : printf.c.obj (.text:_outs)
                  00003438    00000004                                   : pre_init.c.obj (.text:_system_pre_init)
                  0000343c    00000004                                   : exit.c.obj (.text:abort:abort)

.const     0    00003440    00000174     
                  00003440    00000101     rtsv7M4_T_le_v4SPD16_eabi.lib : ctype.c.obj (.const:.string:_ctypes_)
                  00003541    00000003     --HOLE-- [fill = 0]
                  00003544    00000040     msp432p4xx_driverlib.lib : interrupt.o (.const)
                  00003584    00000018     init.obj (.const:$P$T0$1)
                  0000359c    00000018     init.obj (.const:$P$T1$2)

.cinit     0    000035b8    000000b8     
                  000035b8    00000091     (.cinit..data.load) [load image, compression = lzss]
                  00003649    00000003     --HOLE-- [fill = 0]
                  0000364c    0000000c     (__TI_handler_table)
                  00003658    00000008     (.cinit..bss.load) [load image, compression = zero_init]
                  00003660    00000010     (__TI_cinit_table)

.init_array 
*          0    00000000    00000000     UNINITIALIZED

.sysmem    0    20000000    00000800     UNINITIALIZED
                  20000000    00000010     rtsv7M4_T_le_v4SPD16_eabi.lib : memory.c.obj (.sysmem)
                  20000010    000007f0     --HOLE--

.data      0    20000800    0000021c     UNINITIALIZED
                  20000800    000000f0     rtsv7M4_T_le_v4SPD16_eabi.lib : defs.c.obj (.data:_ftable)
                  200008f0    00000078                                   : host_device.c.obj (.data:_device)
                  20000968    00000050                                   : host_device.c.obj (.data:_stream)
                  200009b8    00000030     msp432p4xx_driverlib.lib : gpio.o (.data:GPIO_PORT_TO_BASE)
                  200009e8    00000010     rtsv7M4_T_le_v4SPD16_eabi.lib : defs.c.obj (.data)
                  200009f8    0000000c                                   : exit.c.obj (.data:$O1$$)
                  20000a04    00000008                                   : _lock.c.obj (.data:$O1$$)
                  20000a0c    00000008                                   : memory.c.obj (.data:$O1$$)
                  20000a14    00000004                                   : errno.c.obj (.data)
                  20000a18    00000004     system_msp432p401r.obj (.data)

.bss       0    20000a1c    000001c8     UNINITIALIZED
                  20000a1c    00000120     rtsv7M4_T_le_v4SPD16_eabi.lib : trgmsg.c.obj (.bss:_CIOBUF_)
                  20000b3c    000000a0     (.common:__TI_tmpnams)
                  20000bdc    00000008     (.common:parmbuf)

.stack     0    2000fe00    00000200     UNINITIALIZED
                  2000fe00    00000004     rtsv7M4_T_le_v4SPD16_eabi.lib : boot_cortex_m.c.obj (.stack)
                  2000fe04    000001fc     --HOLE--

MODULE SUMMARY

       Module                        code    ro data   rw data
       ------                        ----    -------   -------
    .\
       system_msp432p401r.obj        808     0         4      
       startup_msp432p401r_ccs.obj   18      320       0      
       main.obj                      44      0         0      
    +--+-----------------------------+-------+---------+---------+
       Total:                        870     320       4      
                                                              
    .\UltrasonicModule\
       init.obj                      224     48        0      
       interrupts.obj                258     0         0      
       ultrasonic.obj                188     0         0      
    +--+-----------------------------+-------+---------+---------+
       Total:                        670     48        0      
                                                              
    C:/Users/loowe/Desktop/University/Modules/ICT 2104/Documents/msp432_driverlib_3_21_00_05/driverlib/MSP432P4xx/ccs/msp432p4xx_driverlib.lib
       timer_a.o                     358     0         0      
       gpio.o                        220     0         48     
       interrupt.o                   136     64        0      
       wdt_a.o                       24      0         0      
       cpu.o                         12      0         0      
    +--+-----------------------------+-------+---------+---------+
       Total:                        750     64        48     
                                                              
    C:\ti\ccs930\ccs\tools\compiler\ti-cgt-arm_18.12.4.LTS\lib\rtsv7M4_T_le_v4SPD16_eabi.lib
       _printfi.c.obj                4851    0         0      
       memory.c.obj                  696     0         8      
       fd_add_t2.asm.obj             438     0         0      
       defs.c.obj                    0       0         416    
       trgmsg.c.obj                  108     0         288    
       fd_div_t2.asm.obj             310     0         0      
       fputs.c.obj                   276     0         0      
       s_scalbn.c.obj                272     0         0      
       fd_cmp_t2.asm.obj             268     0         0      
       ctype.c.obj                   0       257       0      
       fd_mul_t2.asm.obj             252     0         0      
       setvbuf.c.obj                 220     0         0      
       host_device.c.obj             0       0         200    
       memcpy_t2.asm.obj             156     0         0      
       ull_div_t2.asm.obj            150     0         0      
       fputc.c.obj                   140     0         0      
       memset_t2.asm.obj             122     0         0      
       fclose.c.obj                  116     0         0      
       getdevice.c.obj               116     0         0      
       printf.c.obj                  112     0         0      
       hostrename.c.obj              108     0         0      
       copy_decompress_lzss.c.obj    104     0         0      
       hostlseek.c.obj               104     0         0      
       hostopen.c.obj                96      0         8      
       fseek.c.obj                   100     0         0      
       s_frexp.c.obj                 100     0         0      
       _io_perm.c.obj                98      0         0      
       close.c.obj                   92      0         0      
       exit.c.obj                    76      0         12     
       hostread.c.obj                88      0         0      
       hostwrite.c.obj               88      0         0      
       ltoa.c.obj                    84      0         0      
       atoi.c.obj                    76      0         0      
       fflush.c.obj                  76      0         0      
       fd_toi_t2.asm.obj             72      0         0      
       autoinit.c.obj                68      0         0      
       hostclose.c.obj               68      0         0      
       hostunlink.c.obj              68      0         0      
       strncpy.c.obj                 54      0         0      
       boot_cortex_m.c.obj           52      0         0      
       fopen.c.obj                   52      0         0      
       i_tofd_t2.asm.obj             46      0         0      
       unlink.c.obj                  44      0         0      
       lseek.c.obj                   40      0         0      
       write.c.obj                   40      0         0      
       memchr.c.obj                  32      0         0      
       copy_zero_init.c.obj          28      0         0      
       memccpy.c.obj                 28      0         0      
       s_copysign.c.obj              26      0         0      
       strcmp.c.obj                  24      0         0      
       strchr.c.obj                  22      0         0      
       strcpy.c.obj                  20      0         0      
       strlen.c.obj                  20      0         0      
       wcslen.c.obj                  18      0         0      
       copy_decompress_none.c.obj    14      0         0      
       errno.c.obj                   8       0         4      
       _lock.c.obj                   2       0         8      
       pre_init.c.obj                4       0         0      
       div0.asm.obj                  2       0         0      
    +--+-----------------------------+-------+---------+---------+
       Total:                        10745   257       944    
                                                              
       Heap:                         0       0         2048   
       Stack:                        0       0         512    
       Linker Generated:             0       181       0      
    +--+-----------------------------+-------+---------+---------+
       Grand Total:                  13035   870       3556   


LINKER GENERATED COPY TABLES

__TI_cinit_table @ 00003660 records: 2, size/record: 8, table size: 16
	.data: load addr=000035b8, load size=00000091 bytes, run addr=20000800, run size=0000021c bytes, compression=lzss
	.bss: load addr=00003658, load size=00000008 bytes, run addr=20000a1c, run size=000001c8 bytes, compression=zero_init


LINKER GENERATED HANDLER TABLE

__TI_handler_table @ 0000364c records: 3, size/record: 4, table size: 12
	index: 0, handler: __TI_decompress_lzss
	index: 1, handler: __TI_decompress_none
	index: 2, handler: __TI_zero_init


GLOBAL SYMBOLS: SORTED ALPHABETICALLY BY Name 

address   name                                      
-------   ----                                      
0000343d  C$$EXIT                                   
00002faf  C$$IO$$                                   
0000340d  CPU_cpsie                                 
000032b9  GPIO_clearInterruptFlag                   
00003349  GPIO_enableInterrupt                      
000032d1  GPIO_getInputPinValue                     
000031ed  GPIO_setAsOutputPin                       
00002d15  GPIO_setAsPeripheralModuleFunctionInputPin
0000335d  GPIO_setOutputHighOnPin                   
000032e9  GPIO_setOutputLowOnPin                    
00002ded  HOSTclose                                 
0000274d  HOSTlseek                                 
00002a15  HOSTopen                                  
00002ad1  HOSTread                                  
000026e1  HOSTrename                                
00002e31  HOSTunlink                                
00002b29  HOSTwrite                                 
00002885  Interrupt_enableInterrupt                 
000033d1  Interrupt_enableMaster                    
00003371  Interrupt_enableSleepOnIsrExit            
20000a18  SystemCoreClock                           
00000b91  SystemCoreClockUpdate                     
00000e05  SystemInit                                
00001b85  TA0_N_IRQHandler                          
00003285  Timer_A_clearCaptureCompareInterrupt      
000033e1  Timer_A_clearTimer                        
00002e75  Timer_A_configureUpMode                   
000033f1  Timer_A_getCaptureCompareCount            
0000308d  Timer_A_initCapture                       
00003419  Timer_A_startCounter                      
4000480c  WDTCTL_SYM                                
00003301  WDT_A_holdTimer                           
20000a1c  __CIOBUF_                                 
20010000  __STACK_END                               
00000200  __STACK_SIZE                              
00000800  __SYSMEM_SIZE                             
00003660  __TI_CINIT_Base                           
00003670  __TI_CINIT_Limit                          
0000364c  __TI_Handler_Table_Base                   
00003658  __TI_Handler_Table_Limit                  
00002eb9  __TI_auto_init_nobinit_nopinit            
00002ff1  __TI_cleanup                              
200009f8  __TI_cleanup_ptr                          
0000258d  __TI_closefile                            
000027b5  __TI_decompress_lzss                      
000033ff  __TI_decompress_none                      
00002c7d  __TI_doflush                              
200009fc  __TI_dtors_ptr                            
20000a00  __TI_enable_exit_profile_output           
200009e8  __TI_ft_end                               
ffffffff  __TI_pprof_out_hndl                       
00000141  __TI_printfi                              
ffffffff  __TI_prof_data_size                       
ffffffff  __TI_prof_data_start                      
00003025  __TI_readmsg                              
00000000  __TI_static_base__                        
20000b3c  __TI_tmpnams                              
00002f81  __TI_writemsg                             
000029b1  __TI_wrt_ok                               
00003231  __TI_zero_init_nomemset                   
00002405  __aeabi_cdcmpeq                           
00002405  __aeabi_cdcmple                           
0000248b  __aeabi_cdrcmple                          
00002da5  __aeabi_d2iz                              
00001303  __aeabi_dadd                              
000015ed  __aeabi_ddiv                              
00001c87  __aeabi_dmul                              
000012f9  __aeabi_dsub                              
00003421  __aeabi_errno_addr                        
000030ed  __aeabi_i2d                               
000014af  __aeabi_idiv0                             
000014af  __aeabi_ldiv0                             
00002511  __aeabi_memclr                            
00002511  __aeabi_memclr4                           
00002511  __aeabi_memclr8                           
00002247  __aeabi_memcpy                            
00002247  __aeabi_memcpy4                           
00002247  __aeabi_memcpy8                           
00002513  __aeabi_memset                            
00002513  __aeabi_memset4                           
00002513  __aeabi_memset8                           
200009f4  __aeabi_stderr                            
200009ec  __aeabi_stdin                             
200009f0  __aeabi_stdout                            
000022e3  __aeabi_uldivmod                          
ffffffff  __binit__                                 
ffffffff  __c_args__                                
UNDEFED   __mpu_init                                
2000fe00  __stack                                   
00003059  _c_int00_noargs                           
00003440  _ctypes_                                  
200008f0  _device                                   
20000800  _ftable                                   
20000a04  _lock                                     
00000b8f  _nop                                      
20000968  _stream                                   
20000000  _sys_memory                               
UNDEFED   _system_post_cinit                        
00003439  _system_pre_init                          
20000a08  _unlock                                   
0000343d  abort                                     
00001849  aligned_alloc                             
00002cc9  atoi                                      
ffffffff  binit                                     
00002a75  close                                     
0000329f  copysign                                  
0000329f  copysignl                                 
20000a14  errno                                     
00002d5d  exit                                      
000030bd  finddevice                                
00002379  fputc                                     
00001961  fputs                                     
00001d85  free                                      
000028e9  frexp                                     
000028e9  frexpl                                    
0000294d  fseek                                     
0000207b  getDistance                               
00002efd  getdevice                                 
00001e97  initInterrupts                            
00001e69  initPortsAndPins                          
00001ec5  initTimers                                
00001f0b  initUltrasonicSensor                      
00000000  interruptVectors                          
00001a75  ldexp                                     
00001a75  ldexpl                                    
0000319d  lseek                                     
00002bd7  ltoa                                      
0000311d  main                                      
00003429  malloc                                    
00001849  memalign                                  
00003269  memccpy                                   
00003211  memchr                                    
00002247  memcpy                                    
00002519  memset                                    
20000bdc  parmbuf                                   
0000281d  printf                                    
00002379  putc                                      
00003149  remove                                    
00001a75  scalbn                                    
00001a75  scalbnl                                   
00001f49  setvbuf                                   
00003331  strchr                                    
00003319  strcmp                                    
00003385  strcpy                                    
00003399  strlen                                    
00002fb9  strncpy                                   
00002049  triggerUltrasonicSensor                   
00003149  unlink                                    
000033bf  wcslen                                    
000031c5  write                                     


GLOBAL SYMBOLS: SORTED BY Symbol Address 

address   name                                      
-------   ----                                      
00000000  __TI_static_base__                        
00000000  interruptVectors                          
00000141  __TI_printfi                              
00000200  __STACK_SIZE                              
00000800  __SYSMEM_SIZE                             
00000b8f  _nop                                      
00000b91  SystemCoreClockUpdate                     
00000e05  SystemInit                                
000012f9  __aeabi_dsub                              
00001303  __aeabi_dadd                              
000014af  __aeabi_idiv0                             
000014af  __aeabi_ldiv0                             
000015ed  __aeabi_ddiv                              
00001849  aligned_alloc                             
00001849  memalign                                  
00001961  fputs                                     
00001a75  ldexp                                     
00001a75  ldexpl                                    
00001a75  scalbn                                    
00001a75  scalbnl                                   
00001b85  TA0_N_IRQHandler                          
00001c87  __aeabi_dmul                              
00001d85  free                                      
00001e69  initPortsAndPins                          
00001e97  initInterrupts                            
00001ec5  initTimers                                
00001f0b  initUltrasonicSensor                      
00001f49  setvbuf                                   
00002049  triggerUltrasonicSensor                   
0000207b  getDistance                               
00002247  __aeabi_memcpy                            
00002247  __aeabi_memcpy4                           
00002247  __aeabi_memcpy8                           
00002247  memcpy                                    
000022e3  __aeabi_uldivmod                          
00002379  fputc                                     
00002379  putc                                      
00002405  __aeabi_cdcmpeq                           
00002405  __aeabi_cdcmple                           
0000248b  __aeabi_cdrcmple                          
00002511  __aeabi_memclr                            
00002511  __aeabi_memclr4                           
00002511  __aeabi_memclr8                           
00002513  __aeabi_memset                            
00002513  __aeabi_memset4                           
00002513  __aeabi_memset8                           
00002519  memset                                    
0000258d  __TI_closefile                            
000026e1  HOSTrename                                
0000274d  HOSTlseek                                 
000027b5  __TI_decompress_lzss                      
0000281d  printf                                    
00002885  Interrupt_enableInterrupt                 
000028e9  frexp                                     
000028e9  frexpl                                    
0000294d  fseek                                     
000029b1  __TI_wrt_ok                               
00002a15  HOSTopen                                  
00002a75  close                                     
00002ad1  HOSTread                                  
00002b29  HOSTwrite                                 
00002bd7  ltoa                                      
00002c7d  __TI_doflush                              
00002cc9  atoi                                      
00002d15  GPIO_setAsPeripheralModuleFunctionInputPin
00002d5d  exit                                      
00002da5  __aeabi_d2iz                              
00002ded  HOSTclose                                 
00002e31  HOSTunlink                                
00002e75  Timer_A_configureUpMode                   
00002eb9  __TI_auto_init_nobinit_nopinit            
00002efd  getdevice                                 
00002f81  __TI_writemsg                             
00002faf  C$$IO$$                                   
00002fb9  strncpy                                   
00002ff1  __TI_cleanup                              
00003025  __TI_readmsg                              
00003059  _c_int00_noargs                           
0000308d  Timer_A_initCapture                       
000030bd  finddevice                                
000030ed  __aeabi_i2d                               
0000311d  main                                      
00003149  remove                                    
00003149  unlink                                    
0000319d  lseek                                     
000031c5  write                                     
000031ed  GPIO_setAsOutputPin                       
00003211  memchr                                    
00003231  __TI_zero_init_nomemset                   
00003269  memccpy                                   
00003285  Timer_A_clearCaptureCompareInterrupt      
0000329f  copysign                                  
0000329f  copysignl                                 
000032b9  GPIO_clearInterruptFlag                   
000032d1  GPIO_getInputPinValue                     
000032e9  GPIO_setOutputLowOnPin                    
00003301  WDT_A_holdTimer                           
00003319  strcmp                                    
00003331  strchr                                    
00003349  GPIO_enableInterrupt                      
0000335d  GPIO_setOutputHighOnPin                   
00003371  Interrupt_enableSleepOnIsrExit            
00003385  strcpy                                    
00003399  strlen                                    
000033bf  wcslen                                    
000033d1  Interrupt_enableMaster                    
000033e1  Timer_A_clearTimer                        
000033f1  Timer_A_getCaptureCompareCount            
000033ff  __TI_decompress_none                      
0000340d  CPU_cpsie                                 
00003419  Timer_A_startCounter                      
00003421  __aeabi_errno_addr                        
00003429  malloc                                    
00003439  _system_pre_init                          
0000343d  C$$EXIT                                   
0000343d  abort                                     
00003440  _ctypes_                                  
0000364c  __TI_Handler_Table_Base                   
00003658  __TI_Handler_Table_Limit                  
00003660  __TI_CINIT_Base                           
00003670  __TI_CINIT_Limit                          
20000000  _sys_memory                               
20000800  _ftable                                   
200008f0  _device                                   
20000968  _stream                                   
200009e8  __TI_ft_end                               
200009ec  __aeabi_stdin                             
200009f0  __aeabi_stdout                            
200009f4  __aeabi_stderr                            
200009f8  __TI_cleanup_ptr                          
200009fc  __TI_dtors_ptr                            
20000a00  __TI_enable_exit_profile_output           
20000a04  _lock                                     
20000a08  _unlock                                   
20000a14  errno                                     
20000a18  SystemCoreClock                           
20000a1c  __CIOBUF_                                 
20000b3c  __TI_tmpnams                              
20000bdc  parmbuf                                   
2000fe00  __stack                                   
20010000  __STACK_END                               
4000480c  WDTCTL_SYM                                
ffffffff  __TI_pprof_out_hndl                       
ffffffff  __TI_prof_data_size                       
ffffffff  __TI_prof_data_start                      
ffffffff  __binit__                                 
ffffffff  __c_args__                                
ffffffff  binit                                     
UNDEFED   __mpu_init                                
UNDEFED   _system_post_cinit                        

[150 symbols]
