******************************************************************************
                  TI ARM Linker PC v18.12.4                    
******************************************************************************
>> Linked Thu Oct 20 13:35:33 2022

OUTPUT FILE NAME:   <ultrasonic_project.out>
ENTRY POINT SYMBOL: "_c_int00_noargs"  address: 00004199


MEMORY CONFIGURATION

         name            origin    length      used     unused   attr    fill
----------------------  --------  ---------  --------  --------  ----  --------
  MAIN                  00000000   00040000  000046b0  0003b950  R  X
  INFO                  00200000   00004000  00000000  00004000  R  X
  SRAM_CODE             01000000   00010000  00000000  00010000  RW X
  SRAM_DATA             20000000   00010000  00000ecc  0000f134  RW  


SEGMENT ALLOCATION MAP

run origin  load origin   length   init length attrs members
----------  ----------- ---------- ----------- ----- -------
00000000    00000000    000046b0   000046b0    r-x
  00000000    00000000    00000140   00000140    r-- .intvecs
  00000140    00000140    000042e0   000042e0    r-x .text
  00004420    00004420    000001c8   000001c8    r-- .const
  000045e8    000045e8    000000c8   000000c8    r-- .cinit
20000000    20000000    00000cd0   00000000    rw-
  20000000    20000000    000000e4   00000000    rw- .vtable
  200000e8    200000e8    00000800   00000000    rw- .sysmem
  200008e8    200008e8    0000021c   00000000    rw- .data
  20000b04    20000b04    000001cc   00000000    rw- .bss
2000fe00    2000fe00    00000200   00000000    rw-
  2000fe00    2000fe00    00000200   00000000    rw- .stack


SECTION ALLOCATION MAP

 output                                  attributes/
section   page    origin      length       input sections
--------  ----  ----------  ----------   ----------------
.intvecs   0    00000000    00000140     
                  00000000    00000140     startup_msp432p401r_ccs.obj (.intvecs:retain)

.text      0    00000140    000042e0     
                  00000140    00000a4e     rtsv7M4_T_le_v4SPD16_eabi.lib : _printfi.c.obj (.text:__TI_printfi)
                  00000b8e    00000002                                   : _lock.c.obj (.text:_nop)
                  00000b90    00000798     timer_a.obj (.text)
                  00001328    00000480     gpio.obj (.text)
                  000017a8    000003f0     interrupt.obj (.text)
                  00001b98    00000328     system_msp432p401r.obj (.text)
                  00001ec0    00000270     rtsv7M4_T_le_v4SPD16_eabi.lib : _printfi.c.obj (.text:_pconv_a)
                  00002130    00000244     sysctl.obj (.text)
                  00002374    000001d0     rtsv7M4_T_le_v4SPD16_eabi.lib : _printfi.c.obj (.text:_pconv_g)
                  00002544    000001b6                                   : fd_add_t2.asm.obj (.text)
                  000026fa    00000002                                   : div0.asm.obj (.text)
                  000026fc    00000170     ultrasonic.obj (.text)
                  0000286c    0000013c     rtsv7M4_T_le_v4SPD16_eabi.lib : _printfi.c.obj (.text:_pconv_e)
                  000029a8    00000136                                   : fd_div_t2.asm.obj (.text)
                  00002ade    00000002     --HOLE-- [fill = 0]
                  00002ae0    00000124                                   : _printfi.c.obj (.text:fcvt)
                  00002c04    00000118                                   : memory.c.obj (.text:aligned_alloc)
                  00002d1c    00000114                                   : fputs.c.obj (.text:fputs)
                  00002e30    00000110                                   : s_scalbn.c.obj (.text:scalbn)
                  00002f40    000000fc                                   : fd_mul_t2.asm.obj (.text)
                  0000303c    000000e4                                   : memory.c.obj (.text:free)
                  00003120    000000dc                                   : setvbuf.c.obj (.text:setvbuf)
                  000031fc    000000d8     wdt_a.obj (.text)
                  000032d4    000000b1     rtsv7M4_T_le_v4SPD16_eabi.lib : _printfi.c.obj (.text:_ltostr)
                  00003385    00000001     --HOLE-- [fill = 0]
                  00003386    0000009c                                   : memcpy_t2.asm.obj (.text)
                  00003422    00000096                                   : ull_div_t2.asm.obj (.text)
                  000034b8    0000008c                                   : fputc.c.obj (.text:fputc)
                  00003544    00000086                                   : fd_cmp_t2.asm.obj (.text:__aeabi_cdcmple)
                  000035ca    00000086                                   : fd_cmp_t2.asm.obj (.text:__aeabi_cdrcmple)
                  00003650    0000007c     init.obj (.text)
                  000036cc    0000007a     rtsv7M4_T_le_v4SPD16_eabi.lib : memset_t2.asm.obj (.text)
                  00003746    00000002     --HOLE-- [fill = 0]
                  00003748    00000074                                   : fclose.c.obj (.text:__TI_closefile)
                  000037bc    00000070                                   : memory.c.obj (.text:split)
                  0000382c    0000006e                                   : _printfi.c.obj (.text:_mcpy)
                  0000389a    00000002     --HOLE-- [fill = 0]
                  0000389c    0000006c                                   : hostrename.c.obj (.text:HOSTrename)
                  00003908    00000068                                   : hostlseek.c.obj (.text:HOSTlseek)
                  00003970    00000068                                   : copy_decompress_lzss.c.obj (.text:decompress:lzss:__TI_decompress_lzss)
                  000039d8    00000068                                   : printf.c.obj (.text:printf)
                  00003a40    00000064                                   : s_frexp.c.obj (.text:frexp)
                  00003aa4    00000064                                   : fseek.c.obj (.text:fseek)
                  00003b08    00000062                                   : _io_perm.c.obj (.text:__TI_wrt_ok)
                  00003b6a    00000002     --HOLE-- [fill = 0]
                  00003b6c    00000060                                   : hostopen.c.obj (.text:HOSTopen)
                  00003bcc    0000005c                                   : close.c.obj (.text:close)
                  00003c28    00000058                                   : hostread.c.obj (.text:HOSTread)
                  00003c80    00000058                                   : hostwrite.c.obj (.text:HOSTwrite)
                  00003cd8    00000056                                   : _printfi.c.obj (.text:_pconv_f)
                  00003d2e    00000054                                   : ltoa.c.obj (.text:ltoa)
                  00003d82    00000052                                   : _printfi.c.obj (.text:_ecpy)
                  00003dd4    0000004c                                   : fflush.c.obj (.text:__TI_doflush)
                  00003e20    0000004c                                   : atoi.c.obj (.text:atoi)
                  00003e6c    00000048                                   : exit.c.obj (.text:exit)
                  00003eb4    00000048                                   : fd_toi_t2.asm.obj (.text)
                  00003efc    00000044                                   : hostclose.c.obj (.text:HOSTclose)
                  00003f40    00000044                                   : hostunlink.c.obj (.text:HOSTunlink)
                  00003f84    00000044                                   : autoinit.c.obj (.text:__TI_auto_init_nobinit_nopinit:__TI_auto_init_nobinit_nopinit)
                  00003fc8    00000044                                   : getdevice.c.obj (.text:getdevice)
                  0000400c    0000003e                                   : _printfi.c.obj (.text:_fcpy)
                  0000404a    0000003e     cpu.obj (.text)
                  00004088    00000038     rtsv7M4_T_le_v4SPD16_eabi.lib : trgmsg.c.obj (.text:__TI_writemsg)
                  000040c0    00000038                                   : fs_tod_t2.asm.obj (.text)
                  000040f8    00000036                                   : strncpy.c.obj (.text:strncpy)
                  0000412e    00000002     --HOLE-- [fill = 0]
                  00004130    00000034                                   : fopen.c.obj (.text:__TI_cleanup)
                  00004164    00000034                                   : trgmsg.c.obj (.text:__TI_readmsg)
                  00004198    00000034                                   : boot_cortex_m.c.obj (.text:_c_int00_noargs:_c_int00_noargs)
                  000041cc    00000030                                   : getdevice.c.obj (.text:finddevice)
                  000041fc    0000002e                                   : i_tofd_t2.asm.obj (.text)
                  0000422a    00000002     --HOLE-- [fill = 0]
                  0000422c    0000002c                                   : unlink.c.obj (.text:unlink)
                  00004258    00000028                                   : memory.c.obj (.text:free_list_insert)
                  00004280    00000028                                   : lseek.c.obj (.text:lseek)
                  000042a8    00000028                                   : write.c.obj (.text:write)
                  000042d0    00000020                                   : memchr.c.obj (.text:memchr)
                  000042f0    0000001c                                   : copy_zero_init.c.obj (.text:decompress:ZI:__TI_zero_init_nomemset:__TI_zero_init_nomemset)
                  0000430c    0000001c                                   : memory.c.obj (.text:free_list_remove)
                  00004328    0000001c                                   : memccpy.c.obj (.text:memccpy)
                  00004344    0000001a                                   : s_copysign.c.obj (.text:copysign)
                  0000435e    00000002     --HOLE-- [fill = 0]
                  00004360    00000018     main.obj (.text)
                  00004378    00000018     rtsv7M4_T_le_v4SPD16_eabi.lib : strcmp.c.obj (.text:strcmp)
                  00004390    00000016                                   : strchr.c.obj (.text:strchr)
                  000043a6    00000014                                   : strcpy.c.obj (.text:strcpy)
                  000043ba    00000014                                   : strlen.c.obj (.text:strlen)
                  000043ce    00000012     startup_msp432p401r_ccs.obj (.text)
                  000043e0    00000012     rtsv7M4_T_le_v4SPD16_eabi.lib : wcslen.c.obj (.text:wcslen)
                  000043f2    0000000e                                   : copy_decompress_none.c.obj (.text:decompress:none:__TI_decompress_none)
                  00004400    00000008                                   : errno.c.obj (.text:__aeabi_errno_addr)
                  00004408    00000008                                   : memory.c.obj (.text:malloc)
                  00004410    00000004                                   : printf.c.obj (.text:_outc)
                  00004414    00000004                                   : printf.c.obj (.text:_outs)
                  00004418    00000004                                   : pre_init.c.obj (.text:_system_pre_init)
                  0000441c    00000004                                   : exit.c.obj (.text:abort:abort)

.const     0    00004420    000001c8     
                  00004420    00000101     rtsv7M4_T_le_v4SPD16_eabi.lib : ctype.c.obj (.const:.string:_ctypes_)
                  00004521    00000003     --HOLE-- [fill = 0]
                  00004524    00000050     interrupt.obj (.const:g_pulRegs)
                  00004574    00000020     interrupt.obj (.const:g_pulPriority)
                  00004594    0000001c     gpio.obj (.const:GPIO_PORT_TO_INT)
                  000045b0    00000018     init.obj (.const:$P$T0$1)
                  000045c8    00000008     interrupt.obj (.const:g_pulDisRegs)
                  000045d0    00000008     interrupt.obj (.const:g_pulEnRegs)
                  000045d8    00000008     interrupt.obj (.const:g_pulPendRegs)
                  000045e0    00000008     interrupt.obj (.const:g_pulUnpendRegs)

.cinit     0    000045e8    000000c8     
                  000045e8    00000092     (.cinit..data.load) [load image, compression = lzss]
                  0000467a    00000002     --HOLE-- [fill = 0]
                  0000467c    0000000c     (__TI_handler_table)
                  00004688    00000008     (.cinit..bss.load) [load image, compression = zero_init]
                  00004690    00000008     (.cinit..vtable.load) [load image, compression = zero_init]
                  00004698    00000018     (__TI_cinit_table)

.init_array 
*          0    00000000    00000000     UNINITIALIZED

.vtable    0    20000000    000000e4     UNINITIALIZED
                  20000000    000000e4     interrupt.obj (.vtable)

.sysmem    0    200000e8    00000800     UNINITIALIZED
                  200000e8    00000010     rtsv7M4_T_le_v4SPD16_eabi.lib : memory.c.obj (.sysmem)
                  200000f8    000007f0     --HOLE--

.data      0    200008e8    0000021c     UNINITIALIZED
                  200008e8    000000f0     rtsv7M4_T_le_v4SPD16_eabi.lib : defs.c.obj (.data:_ftable)
                  200009d8    00000078                                   : host_device.c.obj (.data:_device)
                  20000a50    00000050                                   : host_device.c.obj (.data:_stream)
                  20000aa0    00000030     gpio.obj (.data:GPIO_PORT_TO_BASE)
                  20000ad0    00000010     rtsv7M4_T_le_v4SPD16_eabi.lib : defs.c.obj (.data)
                  20000ae0    0000000c                                   : exit.c.obj (.data:$O1$$)
                  20000aec    00000008                                   : _lock.c.obj (.data:$O1$$)
                  20000af4    00000008                                   : memory.c.obj (.data:$O1$$)
                  20000afc    00000004                                   : errno.c.obj (.data)
                  20000b00    00000004     system_msp432p401r.obj (.data)

.bss       0    20000b04    000001cc     UNINITIALIZED
                  20000b04    00000120     rtsv7M4_T_le_v4SPD16_eabi.lib : trgmsg.c.obj (.bss:_CIOBUF_)
                  20000c24    000000a0     (.common:__TI_tmpnams)
                  20000cc4    00000008     (.common:parmbuf)
                  20000ccc    00000004     (.common:sensorInterruptCount)

.stack     0    2000fe00    00000200     UNINITIALIZED
                  2000fe00    00000004     rtsv7M4_T_le_v4SPD16_eabi.lib : boot_cortex_m.c.obj (.stack)
                  2000fe04    000001fc     --HOLE--

MODULE SUMMARY

       Module                        code    ro data   rw data
       ------                        ----    -------   -------
    .\
       system_msp432p401r.obj        808     0         4      
       startup_msp432p401r_ccs.obj   18      320       0      
       main.obj                      24      0         4      
    +--+-----------------------------+-------+---------+---------+
       Total:                        850     320       8      
                                                              
    .\UltrasonicModule\
       ultrasonic.obj                368     0         0      
       init.obj                      124     24        0      
    +--+-----------------------------+-------+---------+---------+
       Total:                        492     24        0      
                                                              
    .\driverlib\MSP432P4xx\
       timer_a.obj                   1944    0         0      
       interrupt.obj                 1008    144       228    
       gpio.obj                      1152    28        48     
       sysctl.obj                    580     0         0      
       wdt_a.obj                     216     0         0      
       cpu.obj                       62      0         0      
    +--+-----------------------------+-------+---------+---------+
       Total:                        4962    172       276    
                                                              
    C:\ti\ccs930\ccs\tools\compiler\ti-cgt-arm_18.12.4.LTS\lib\rtsv7M4_T_le_v4SPD16_eabi.lib
       _printfi.c.obj                4851    0         0      
       memory.c.obj                  696     0         8      
       fd_add_t2.asm.obj             438     0         0      
       defs.c.obj                    0       0         416    
       trgmsg.c.obj                  108     0         288    
       fd_div_t2.asm.obj             310     0         0      
       fputs.c.obj                   276     0         0      
       s_scalbn.c.obj                272     0         0      
       fd_cmp_t2.asm.obj             268     0         0      
       ctype.c.obj                   0       257       0      
       fd_mul_t2.asm.obj             252     0         0      
       setvbuf.c.obj                 220     0         0      
       host_device.c.obj             0       0         200    
       memcpy_t2.asm.obj             156     0         0      
       ull_div_t2.asm.obj            150     0         0      
       fputc.c.obj                   140     0         0      
       memset_t2.asm.obj             122     0         0      
       fclose.c.obj                  116     0         0      
       getdevice.c.obj               116     0         0      
       printf.c.obj                  112     0         0      
       hostrename.c.obj              108     0         0      
       copy_decompress_lzss.c.obj    104     0         0      
       hostlseek.c.obj               104     0         0      
       hostopen.c.obj                96      0         8      
       fseek.c.obj                   100     0         0      
       s_frexp.c.obj                 100     0         0      
       _io_perm.c.obj                98      0         0      
       close.c.obj                   92      0         0      
       exit.c.obj                    76      0         12     
       hostread.c.obj                88      0         0      
       hostwrite.c.obj               88      0         0      
       ltoa.c.obj                    84      0         0      
       atoi.c.obj                    76      0         0      
       fflush.c.obj                  76      0         0      
       fd_toi_t2.asm.obj             72      0         0      
       autoinit.c.obj                68      0         0      
       hostclose.c.obj               68      0         0      
       hostunlink.c.obj              68      0         0      
       fs_tod_t2.asm.obj             56      0         0      
       strncpy.c.obj                 54      0         0      
       boot_cortex_m.c.obj           52      0         0      
       fopen.c.obj                   52      0         0      
       i_tofd_t2.asm.obj             46      0         0      
       unlink.c.obj                  44      0         0      
       lseek.c.obj                   40      0         0      
       write.c.obj                   40      0         0      
       memchr.c.obj                  32      0         0      
       copy_zero_init.c.obj          28      0         0      
       memccpy.c.obj                 28      0         0      
       s_copysign.c.obj              26      0         0      
       strcmp.c.obj                  24      0         0      
       strchr.c.obj                  22      0         0      
       strcpy.c.obj                  20      0         0      
       strlen.c.obj                  20      0         0      
       wcslen.c.obj                  18      0         0      
       copy_decompress_none.c.obj    14      0         0      
       errno.c.obj                   8       0         4      
       _lock.c.obj                   2       0         8      
       pre_init.c.obj                4       0         0      
       div0.asm.obj                  2       0         0      
    +--+-----------------------------+-------+---------+---------+
       Total:                        10801   257       944    
                                                              
       Heap:                         0       0         2048   
       Stack:                        0       0         512    
       Linker Generated:             0       198       0      
    +--+-----------------------------+-------+---------+---------+
       Grand Total:                  17105   971       3788   


LINKER GENERATED COPY TABLES

__TI_cinit_table @ 00004698 records: 3, size/record: 8, table size: 24
	.data: load addr=000045e8, load size=00000092 bytes, run addr=200008e8, run size=0000021c bytes, compression=lzss
	.bss: load addr=00004688, load size=00000008 bytes, run addr=20000b04, run size=000001cc bytes, compression=zero_init
	.vtable: load addr=00004690, load size=00000008 bytes, run addr=20000000, run size=000000e4 bytes, compression=zero_init


LINKER GENERATED HANDLER TABLE

__TI_handler_table @ 0000467c records: 3, size/record: 4, table size: 12
	index: 0, handler: __TI_zero_init
	index: 1, handler: __TI_decompress_lzss
	index: 2, handler: __TI_decompress_none


GLOBAL SYMBOLS: SORTED ALPHABETICALLY BY Name 

address   name                                           
-------   ----                                           
0000441d  C$$EXIT                                        
000040b7  C$$IO$$                                        
0000407f  CPU_basepriGet                                 
00004071  CPU_basepriSet                                 
0000404b  CPU_cpsid                                      
00004061  CPU_cpsie                                      
00004057  CPU_primask                                    
0000406d  CPU_wfi                                        
0000275b  Delay                                          
0000164b  GPIO_clearInterruptFlag                        
0000160b  GPIO_disableInterrupt                          
000015e9  GPIO_enableInterrupt                           
000016a3  GPIO_getEnabledInterruptStatus                 
000015bb  GPIO_getInputPinValue                          
0000162d  GPIO_getInterruptStatus                        
0000166d  GPIO_interruptEdgeSelect                       
00001763  GPIO_registerInterrupt                         
00001363  GPIO_setAsInputPin                             
00001517  GPIO_setAsInputPinWithPullDownResistor         
00001569  GPIO_setAsInputPinWithPullUpResistor           
00001329  GPIO_setAsOutputPin                            
0000142d  GPIO_setAsPeripheralModuleFunctionInputPin     
000013a9  GPIO_setAsPeripheralModuleFunctionOutputPin    
0000171f  GPIO_setDriveStrengthHigh                      
00001741  GPIO_setDriveStrengthLow                       
000014b1  GPIO_setOutputHighOnPin                        
000014d3  GPIO_setOutputLowOnPin                         
000014f5  GPIO_toggleOutputOnPin                         
00001783  GPIO_unregisterInterrupt                       
00003efd  HOSTclose                                      
00003909  HOSTlseek                                      
00003b6d  HOSTopen                                       
00003c29  HOSTread                                       
0000389d  HOSTrename                                     
00003f41  HOSTunlink                                     
00003c81  HOSTwrite                                      
0000196b  Interrupt_disableInterrupt                     
000017bb  Interrupt_disableMaster                        
00001b69  Interrupt_disableSleepOnIsrExit                
000018f9  Interrupt_enableInterrupt                      
000017ab  Interrupt_enableMaster                         
00001b57  Interrupt_enableSleepOnIsrExit                 
000018d3  Interrupt_getPriority                          
0000184b  Interrupt_getPriorityGrouping                  
00001b37  Interrupt_getPriorityMask                      
00001b51  Interrupt_getVectorTableAddress                
000019dd  Interrupt_isEnabled                            
00001a69  Interrupt_pendInterrupt                        
000017cb  Interrupt_registerInterrupt                    
00001883  Interrupt_setPriority                          
00001831  Interrupt_setPriorityGrouping                  
00001b27  Interrupt_setPriorityMask                      
00001b41  Interrupt_setVectorTableAddress                
00001ad9  Interrupt_unpendInterrupt                      
0000181d  Interrupt_unregisterInterrupt                  
00002323  SysCtl_disableGlitchFilter                     
000021b3  SysCtl_disableNMISource                        
000022bb  SysCtl_disablePeripheralAtCPUHalt              
000021fd  SysCtl_disableSRAMBank                         
00002281  SysCtl_disableSRAMBankRetention                
00002317  SysCtl_enableGlitchFilter                      
000021c7  SysCtl_enableNMISource                         
000022a7  SysCtl_enablePeripheralAtCPUHalt               
000021e1  SysCtl_enableSRAMBank                          
00002265  SysCtl_enableSRAMBankRetention                 
000021ad  SysCtl_getFlashSize                            
000021db  SysCtl_getNMISourceStatus                      
000021a7  SysCtl_getSRAMSize                             
00002131  SysCtl_getTLVInfo                              
0000232f  SysCtl_getTempCalibrationConstant              
0000229d  SysCtl_rebootDevice                            
000022f3  SysCtl_setWDTPasswordViolationResetType        
000022cf  SysCtl_setWDTTimeoutResetType                  
20000b00  SystemCoreClock                                
00001b99  SystemCoreClockUpdate                          
00001e0d  SystemInit                                     
00002839  TA0_0_IRQHandler                               
0000105b  Timer_A_clearCaptureCompareInterrupt           
00001045  Timer_A_clearInterruptFlag                     
00000ec3  Timer_A_clearTimer                             
00000ceb  Timer_A_configureContinuousMode                
00000d79  Timer_A_configureUpDownMode                    
00000d1b  Timer_A_configureUpMode                        
000010e9  Timer_A_disableCaptureCompareInterrupt         
00001097  Timer_A_disableInterrupt                       
000010bd  Timer_A_enableCaptureCompareInterrupt          
00001083  Timer_A_enableInterrupt                        
00000f8f  Timer_A_generatePWM                            
00000f35  Timer_A_getCaptureCompareCount                 
00001151  Timer_A_getCaptureCompareEnabledInterruptStatus
00001111  Timer_A_getCaptureCompareInterruptStatus       
00000e77  Timer_A_getCounterValue                        
00001139  Timer_A_getEnabledInterruptStatus              
000010ab  Timer_A_getInterruptStatus                     
00000f07  Timer_A_getOutputForOutputModeOutBitValue      
00000ed7  Timer_A_getSynchronizedCaptureCompareInput     
00000dd7  Timer_A_initCapture                            
00000e29  Timer_A_initCompare                            
0000118d  Timer_A_registerInterrupt                      
00001019  Timer_A_setCompareValue                        
00000f57  Timer_A_setOutputForOutputModeOutBitValue      
00000cd5  Timer_A_startCounter                           
00001005  Timer_A_stopTimer                              
0000125f  Timer_A_unregisterInterrupt                    
000026fd  Ultrasonic_checkFront                          
000036b9  Ultrasonic_initUltrasonicSensor                
4000480c  WDTCTL_SYM                                     
0000323d  WDT_A_clearTimer                               
000031fd  WDT_A_holdTimer                                
00003279  WDT_A_initIntervalTimer                        
0000325d  WDT_A_initWatchdogTimer                        
000032ad  WDT_A_registerInterrupt                        
00003295  WDT_A_setPasswordViolationReset                
000032a1  WDT_A_setTimeoutReset                          
0000321d  WDT_A_startTimer                               
000032c1  WDT_A_unregisterInterrupt                      
20000b04  __CIOBUF_                                      
20010000  __STACK_END                                    
00000200  __STACK_SIZE                                   
00000800  __SYSMEM_SIZE                                  
00004698  __TI_CINIT_Base                                
000046b0  __TI_CINIT_Limit                               
0000467c  __TI_Handler_Table_Base                        
00004688  __TI_Handler_Table_Limit                       
00003f85  __TI_auto_init_nobinit_nopinit                 
00004131  __TI_cleanup                                   
20000ae0  __TI_cleanup_ptr                               
00003749  __TI_closefile                                 
00003971  __TI_decompress_lzss                           
000043f3  __TI_decompress_none                           
00003dd5  __TI_doflush                                   
20000ae4  __TI_dtors_ptr                                 
20000ae8  __TI_enable_exit_profile_output                
20000ad0  __TI_ft_end                                    
ffffffff  __TI_pprof_out_hndl                            
00000141  __TI_printfi                                   
ffffffff  __TI_prof_data_size                            
ffffffff  __TI_prof_data_start                           
00004165  __TI_readmsg                                   
00000000  __TI_static_base__                             
20000c24  __TI_tmpnams                                   
00004089  __TI_writemsg                                  
00003b09  __TI_wrt_ok                                    
000042f1  __TI_zero_init_nomemset                        
00003545  __aeabi_cdcmpeq                                
00003545  __aeabi_cdcmple                                
000035cb  __aeabi_cdrcmple                               
00003eb5  __aeabi_d2iz                                   
0000254f  __aeabi_dadd                                   
000029a9  __aeabi_ddiv                                   
00002f41  __aeabi_dmul                                   
00002545  __aeabi_dsub                                   
00004401  __aeabi_errno_addr                             
000040c1  __aeabi_f2d                                    
000041fd  __aeabi_i2d                                    
000026fb  __aeabi_idiv0                                  
000026fb  __aeabi_ldiv0                                  
000036cd  __aeabi_memclr                                 
000036cd  __aeabi_memclr4                                
000036cd  __aeabi_memclr8                                
00003387  __aeabi_memcpy                                 
00003387  __aeabi_memcpy4                                
00003387  __aeabi_memcpy8                                
000036cf  __aeabi_memset                                 
000036cf  __aeabi_memset4                                
000036cf  __aeabi_memset8                                
20000adc  __aeabi_stderr                                 
20000ad4  __aeabi_stdin                                  
20000ad8  __aeabi_stdout                                 
00003423  __aeabi_uldivmod                               
ffffffff  __binit__                                      
ffffffff  __c_args__                                     
UNDEFED   __mpu_init                                     
2000fe00  __stack                                        
00004199  _c_int00_noargs                                
00004420  _ctypes_                                       
200009d8  _device                                        
200008e8  _ftable                                        
20000aec  _lock                                          
00000b8f  _nop                                           
20000a50  _stream                                        
200000e8  _sys_memory                                    
UNDEFED   _system_post_cinit                             
00004419  _system_pre_init                               
20000af0  _unlock                                        
0000441d  abort                                          
00002c05  aligned_alloc                                  
00003e21  atoi                                           
ffffffff  binit                                          
00003bcd  close                                          
00004345  copysign                                       
00004345  copysignl                                      
20000afc  errno                                          
00003e6d  exit                                           
000041cd  finddevice                                     
000034b9  fputc                                          
00002d1d  fputs                                          
0000303d  free                                           
00003a41  frexp                                          
00003a41  frexpl                                         
00003aa5  fseek                                          
20000000  g_pfnRAMVectors                                
0000279b  getDistance                                    
00002805  getDuration                                    
00003fc9  getdevice                                      
0000367d  initInterrupts                                 
00003651  initPortsAndPins                               
0000368b  initTimers                                     
00000000  interruptVectors                               
00002e31  ldexp                                          
00002e31  ldexpl                                         
00004281  lseek                                          
00003d2f  ltoa                                           
00004361  main                                           
00004409  malloc                                         
00002c05  memalign                                       
00004329  memccpy                                        
000042d1  memchr                                         
00003387  memcpy                                         
000036d5  memset                                         
20000cc4  parmbuf                                        
000039d9  printf                                         
000034b9  putc                                           
0000422d  remove                                         
00002e31  scalbn                                         
00002e31  scalbnl                                        
20000ccc  sensorInterruptCount                           
00003121  setvbuf                                        
00004391  strchr                                         
00004379  strcmp                                         
000043a7  strcpy                                         
000043bb  strlen                                         
000040f9  strncpy                                        
0000277f  triggerUltrasonicSensor                        
0000422d  unlink                                         
000043e1  wcslen                                         
000042a9  write                                          


GLOBAL SYMBOLS: SORTED BY Symbol Address 

address   name                                           
-------   ----                                           
00000000  __TI_static_base__                             
00000000  interruptVectors                               
00000141  __TI_printfi                                   
00000200  __STACK_SIZE                                   
00000800  __SYSMEM_SIZE                                  
00000b8f  _nop                                           
00000cd5  Timer_A_startCounter                           
00000ceb  Timer_A_configureContinuousMode                
00000d1b  Timer_A_configureUpMode                        
00000d79  Timer_A_configureUpDownMode                    
00000dd7  Timer_A_initCapture                            
00000e29  Timer_A_initCompare                            
00000e77  Timer_A_getCounterValue                        
00000ec3  Timer_A_clearTimer                             
00000ed7  Timer_A_getSynchronizedCaptureCompareInput     
00000f07  Timer_A_getOutputForOutputModeOutBitValue      
00000f35  Timer_A_getCaptureCompareCount                 
00000f57  Timer_A_setOutputForOutputModeOutBitValue      
00000f8f  Timer_A_generatePWM                            
00001005  Timer_A_stopTimer                              
00001019  Timer_A_setCompareValue                        
00001045  Timer_A_clearInterruptFlag                     
0000105b  Timer_A_clearCaptureCompareInterrupt           
00001083  Timer_A_enableInterrupt                        
00001097  Timer_A_disableInterrupt                       
000010ab  Timer_A_getInterruptStatus                     
000010bd  Timer_A_enableCaptureCompareInterrupt          
000010e9  Timer_A_disableCaptureCompareInterrupt         
00001111  Timer_A_getCaptureCompareInterruptStatus       
00001139  Timer_A_getEnabledInterruptStatus              
00001151  Timer_A_getCaptureCompareEnabledInterruptStatus
0000118d  Timer_A_registerInterrupt                      
0000125f  Timer_A_unregisterInterrupt                    
00001329  GPIO_setAsOutputPin                            
00001363  GPIO_setAsInputPin                             
000013a9  GPIO_setAsPeripheralModuleFunctionOutputPin    
0000142d  GPIO_setAsPeripheralModuleFunctionInputPin     
000014b1  GPIO_setOutputHighOnPin                        
000014d3  GPIO_setOutputLowOnPin                         
000014f5  GPIO_toggleOutputOnPin                         
00001517  GPIO_setAsInputPinWithPullDownResistor         
00001569  GPIO_setAsInputPinWithPullUpResistor           
000015bb  GPIO_getInputPinValue                          
000015e9  GPIO_enableInterrupt                           
0000160b  GPIO_disableInterrupt                          
0000162d  GPIO_getInterruptStatus                        
0000164b  GPIO_clearInterruptFlag                        
0000166d  GPIO_interruptEdgeSelect                       
000016a3  GPIO_getEnabledInterruptStatus                 
0000171f  GPIO_setDriveStrengthHigh                      
00001741  GPIO_setDriveStrengthLow                       
00001763  GPIO_registerInterrupt                         
00001783  GPIO_unregisterInterrupt                       
000017ab  Interrupt_enableMaster                         
000017bb  Interrupt_disableMaster                        
000017cb  Interrupt_registerInterrupt                    
0000181d  Interrupt_unregisterInterrupt                  
00001831  Interrupt_setPriorityGrouping                  
0000184b  Interrupt_getPriorityGrouping                  
00001883  Interrupt_setPriority                          
000018d3  Interrupt_getPriority                          
000018f9  Interrupt_enableInterrupt                      
0000196b  Interrupt_disableInterrupt                     
000019dd  Interrupt_isEnabled                            
00001a69  Interrupt_pendInterrupt                        
00001ad9  Interrupt_unpendInterrupt                      
00001b27  Interrupt_setPriorityMask                      
00001b37  Interrupt_getPriorityMask                      
00001b41  Interrupt_setVectorTableAddress                
00001b51  Interrupt_getVectorTableAddress                
00001b57  Interrupt_enableSleepOnIsrExit                 
00001b69  Interrupt_disableSleepOnIsrExit                
00001b99  SystemCoreClockUpdate                          
00001e0d  SystemInit                                     
00002131  SysCtl_getTLVInfo                              
000021a7  SysCtl_getSRAMSize                             
000021ad  SysCtl_getFlashSize                            
000021b3  SysCtl_disableNMISource                        
000021c7  SysCtl_enableNMISource                         
000021db  SysCtl_getNMISourceStatus                      
000021e1  SysCtl_enableSRAMBank                          
000021fd  SysCtl_disableSRAMBank                         
00002265  SysCtl_enableSRAMBankRetention                 
00002281  SysCtl_disableSRAMBankRetention                
0000229d  SysCtl_rebootDevice                            
000022a7  SysCtl_enablePeripheralAtCPUHalt               
000022bb  SysCtl_disablePeripheralAtCPUHalt              
000022cf  SysCtl_setWDTTimeoutResetType                  
000022f3  SysCtl_setWDTPasswordViolationResetType        
00002317  SysCtl_enableGlitchFilter                      
00002323  SysCtl_disableGlitchFilter                     
0000232f  SysCtl_getTempCalibrationConstant              
00002545  __aeabi_dsub                                   
0000254f  __aeabi_dadd                                   
000026fb  __aeabi_idiv0                                  
000026fb  __aeabi_ldiv0                                  
000026fd  Ultrasonic_checkFront                          
0000275b  Delay                                          
0000277f  triggerUltrasonicSensor                        
0000279b  getDistance                                    
00002805  getDuration                                    
00002839  TA0_0_IRQHandler                               
000029a9  __aeabi_ddiv                                   
00002c05  aligned_alloc                                  
00002c05  memalign                                       
00002d1d  fputs                                          
00002e31  ldexp                                          
00002e31  ldexpl                                         
00002e31  scalbn                                         
00002e31  scalbnl                                        
00002f41  __aeabi_dmul                                   
0000303d  free                                           
00003121  setvbuf                                        
000031fd  WDT_A_holdTimer                                
0000321d  WDT_A_startTimer                               
0000323d  WDT_A_clearTimer                               
0000325d  WDT_A_initWatchdogTimer                        
00003279  WDT_A_initIntervalTimer                        
00003295  WDT_A_setPasswordViolationReset                
000032a1  WDT_A_setTimeoutReset                          
000032ad  WDT_A_registerInterrupt                        
000032c1  WDT_A_unregisterInterrupt                      
00003387  __aeabi_memcpy                                 
00003387  __aeabi_memcpy4                                
00003387  __aeabi_memcpy8                                
00003387  memcpy                                         
00003423  __aeabi_uldivmod                               
000034b9  fputc                                          
000034b9  putc                                           
00003545  __aeabi_cdcmpeq                                
00003545  __aeabi_cdcmple                                
000035cb  __aeabi_cdrcmple                               
00003651  initPortsAndPins                               
0000367d  initInterrupts                                 
0000368b  initTimers                                     
000036b9  Ultrasonic_initUltrasonicSensor                
000036cd  __aeabi_memclr                                 
000036cd  __aeabi_memclr4                                
000036cd  __aeabi_memclr8                                
000036cf  __aeabi_memset                                 
000036cf  __aeabi_memset4                                
000036cf  __aeabi_memset8                                
000036d5  memset                                         
00003749  __TI_closefile                                 
0000389d  HOSTrename                                     
00003909  HOSTlseek                                      
00003971  __TI_decompress_lzss                           
000039d9  printf                                         
00003a41  frexp                                          
00003a41  frexpl                                         
00003aa5  fseek                                          
00003b09  __TI_wrt_ok                                    
00003b6d  HOSTopen                                       
00003bcd  close                                          
00003c29  HOSTread                                       
00003c81  HOSTwrite                                      
00003d2f  ltoa                                           
00003dd5  __TI_doflush                                   
00003e21  atoi                                           
00003e6d  exit                                           
00003eb5  __aeabi_d2iz                                   
00003efd  HOSTclose                                      
00003f41  HOSTunlink                                     
00003f85  __TI_auto_init_nobinit_nopinit                 
00003fc9  getdevice                                      
0000404b  CPU_cpsid                                      
00004057  CPU_primask                                    
00004061  CPU_cpsie                                      
0000406d  CPU_wfi                                        
00004071  CPU_basepriSet                                 
0000407f  CPU_basepriGet                                 
00004089  __TI_writemsg                                  
000040b7  C$$IO$$                                        
000040c1  __aeabi_f2d                                    
000040f9  strncpy                                        
00004131  __TI_cleanup                                   
00004165  __TI_readmsg                                   
00004199  _c_int00_noargs                                
000041cd  finddevice                                     
000041fd  __aeabi_i2d                                    
0000422d  remove                                         
0000422d  unlink                                         
00004281  lseek                                          
000042a9  write                                          
000042d1  memchr                                         
000042f1  __TI_zero_init_nomemset                        
00004329  memccpy                                        
00004345  copysign                                       
00004345  copysignl                                      
00004361  main                                           
00004379  strcmp                                         
00004391  strchr                                         
000043a7  strcpy                                         
000043bb  strlen                                         
000043e1  wcslen                                         
000043f3  __TI_decompress_none                           
00004401  __aeabi_errno_addr                             
00004409  malloc                                         
00004419  _system_pre_init                               
0000441d  C$$EXIT                                        
0000441d  abort                                          
00004420  _ctypes_                                       
0000467c  __TI_Handler_Table_Base                        
00004688  __TI_Handler_Table_Limit                       
00004698  __TI_CINIT_Base                                
000046b0  __TI_CINIT_Limit                               
20000000  g_pfnRAMVectors                                
200000e8  _sys_memory                                    
200008e8  _ftable                                        
200009d8  _device                                        
20000a50  _stream                                        
20000ad0  __TI_ft_end                                    
20000ad4  __aeabi_stdin                                  
20000ad8  __aeabi_stdout                                 
20000adc  __aeabi_stderr                                 
20000ae0  __TI_cleanup_ptr                               
20000ae4  __TI_dtors_ptr                                 
20000ae8  __TI_enable_exit_profile_output                
20000aec  _lock                                          
20000af0  _unlock                                        
20000afc  errno                                          
20000b00  SystemCoreClock                                
20000b04  __CIOBUF_                                      
20000c24  __TI_tmpnams                                   
20000cc4  parmbuf                                        
20000ccc  sensorInterruptCount                           
2000fe00  __stack                                        
20010000  __STACK_END                                    
4000480c  WDTCTL_SYM                                     
ffffffff  __TI_pprof_out_hndl                            
ffffffff  __TI_prof_data_size                            
ffffffff  __TI_prof_data_start                           
ffffffff  __binit__                                      
ffffffff  __c_args__                                     
ffffffff  binit                                          
UNDEFED   __mpu_init                                     
UNDEFED   _system_post_cinit                             

[237 symbols]
